[1.016s] Invoking command in '/home/robotics/Downloads/CursoRobotica-Edu/proyecto/src/robot_kinematics': DEBUGINFOD_URLS=https://debuginfod.ubuntu.com PYTHONPATH=/home/robotics/Downloads/CursoRobotica-Edu/proyecto/build/robot_kinematics/prefix_override:/usr/lib/python3/dist-packages/colcon_core/task/python/colcon_distutils_commands:/home/robotics/Downloads/CursoRobotica-Edu/proyecto/install/robot_kinematics/lib/python3.12/site-packages:${PYTHONPATH} /usr/bin/python3 -W ignore:setup.py install is deprecated -W ignore:easy_install command is deprecated setup.py egg_info --egg-base ../../build/robot_kinematics build --build-base /home/robotics/Downloads/CursoRobotica-Edu/proyecto/build/robot_kinematics/build install --record /home/robotics/Downloads/CursoRobotica-Edu/proyecto/build/robot_kinematics/install.log --single-version-externally-managed install_data
[1.210s] running egg_info
[1.225s] writing ../../build/robot_kinematics/robot_kinematics.egg-info/PKG-INFO
[1.226s] writing dependency_links to ../../build/robot_kinematics/robot_kinematics.egg-info/dependency_links.txt
[1.226s] writing entry points to ../../build/robot_kinematics/robot_kinematics.egg-info/entry_points.txt
[1.226s] writing requirements to ../../build/robot_kinematics/robot_kinematics.egg-info/requires.txt
[1.226s] writing top-level names to ../../build/robot_kinematics/robot_kinematics.egg-info/top_level.txt
[1.256s] reading manifest file '../../build/robot_kinematics/robot_kinematics.egg-info/SOURCES.txt'
[1.256s] writing manifest file '../../build/robot_kinematics/robot_kinematics.egg-info/SOURCES.txt'
[1.257s] running build
[1.257s] running build_py
[1.257s] copying robot_kinematics/robot_trajectory_publisher.py -> /home/robotics/Downloads/CursoRobotica-Edu/proyecto/build/robot_kinematics/build/lib/robot_kinematics
[1.257s] running install
[1.261s] running install_lib
[1.276s] copying /home/robotics/Downloads/CursoRobotica-Edu/proyecto/build/robot_kinematics/build/lib/robot_kinematics/robot_trajectory_publisher.py -> /home/robotics/Downloads/CursoRobotica-Edu/proyecto/install/robot_kinematics/lib/python3.12/site-packages/robot_kinematics
[1.277s] byte-compiling /home/robotics/Downloads/CursoRobotica-Edu/proyecto/install/robot_kinematics/lib/python3.12/site-packages/robot_kinematics/robot_trajectory_publisher.py to robot_trajectory_publisher.cpython-312.pyc
[1.278s] running install_data
[1.278s] running install_egg_info
[1.294s] removing '/home/robotics/Downloads/CursoRobotica-Edu/proyecto/install/robot_kinematics/lib/python3.12/site-packages/robot_kinematics-0.0.0-py3.12.egg-info' (and everything under it)
[1.294s] Copying ../../build/robot_kinematics/robot_kinematics.egg-info to /home/robotics/Downloads/CursoRobotica-Edu/proyecto/install/robot_kinematics/lib/python3.12/site-packages/robot_kinematics-0.0.0-py3.12.egg-info
[1.295s] running install_scripts
[1.390s] Installing trajectory_publisher script to /home/robotics/Downloads/CursoRobotica-Edu/proyecto/install/robot_kinematics/lib/robot_kinematics
[1.390s] writing list of installed files to '/home/robotics/Downloads/CursoRobotica-Edu/proyecto/build/robot_kinematics/install.log'
[1.432s] Invoked command in '/home/robotics/Downloads/CursoRobotica-Edu/proyecto/src/robot_kinematics' returned '0': DEBUGINFOD_URLS=https://debuginfod.ubuntu.com PYTHONPATH=/home/robotics/Downloads/CursoRobotica-Edu/proyecto/build/robot_kinematics/prefix_override:/usr/lib/python3/dist-packages/colcon_core/task/python/colcon_distutils_commands:/home/robotics/Downloads/CursoRobotica-Edu/proyecto/install/robot_kinematics/lib/python3.12/site-packages:${PYTHONPATH} /usr/bin/python3 -W ignore:setup.py install is deprecated -W ignore:easy_install command is deprecated setup.py egg_info --egg-base ../../build/robot_kinematics build --build-base /home/robotics/Downloads/CursoRobotica-Edu/proyecto/build/robot_kinematics/build install --record /home/robotics/Downloads/CursoRobotica-Edu/proyecto/build/robot_kinematics/install.log --single-version-externally-managed install_data
