[0.062s] DEBUG:colcon:Command line arguments: ['/usr/bin/colcon', 'build']
[0.062s] DEBUG:colcon:Parsed command line arguments: Namespace(log_base=None, log_level=None, verb_name='build', build_base='build', install_base='install', merge_install=False, symlink_install=False, test_result_base=None, continue_on_error=False, executor='parallel', parallel_workers=16, event_handlers=None, ignore_user_meta=False, metas=['./colcon.meta'], base_paths=['.'], packages_ignore=None, packages_ignore_regex=None, paths=None, packages_up_to=None, packages_up_to_regex=None, packages_above=None, packages_above_and_dependencies=None, packages_above_depth=None, packages_select_by_dep=None, packages_skip_by_dep=None, packages_skip_up_to=None, packages_select_build_failed=False, packages_skip_build_finished=False, packages_select_test_failures=False, packages_skip_test_passed=False, packages_select=None, packages_skip=None, packages_select_regex=None, packages_skip_regex=None, packages_start=None, packages_end=None, allow_overriding=[], cmake_args=None, cmake_target=None, cmake_target_skip_unavailable=False, cmake_clean_cache=False, cmake_clean_first=False, cmake_force_configure=False, ament_cmake_args=None, catkin_cmake_args=None, catkin_skip_building_tests=False, mixin_files=None, mixin=None, verb_parser=<colcon_mixin.mixin.mixin_argument.MixinArgumentDecorator object at 0x74cd13fc4920>, verb_extension=<colcon_core.verb.build.BuildVerb object at 0x74cd140e1370>, main=<bound method BuildVerb.main of <colcon_core.verb.build.BuildVerb object at 0x74cd140e1370>>, mixin_verb=('build',))
[0.084s] Level 1:colcon.colcon_core.package_discovery:discover_packages(colcon_meta) check parameters
[0.084s] Level 1:colcon.colcon_core.package_discovery:discover_packages(recursive) check parameters
[0.084s] Level 1:colcon.colcon_core.package_discovery:discover_packages(ignore) check parameters
[0.084s] Level 1:colcon.colcon_core.package_discovery:discover_packages(path) check parameters
[0.084s] Level 1:colcon.colcon_core.package_discovery:discover_packages(colcon_meta) discover
[0.084s] Level 1:colcon.colcon_core.package_discovery:discover_packages(recursive) discover
[0.084s] INFO:colcon.colcon_core.package_discovery:Crawling recursively for packages in '/home/robotics/Robotica2026-2/proyecto/Ros/proyecto_ws/src'
[0.084s] Level 1:colcon.colcon_core.package_identification:_identify(.) by extensions ['ignore', 'ignore_ament_install']
[0.084s] Level 1:colcon.colcon_core.package_identification:_identify(.) by extension 'ignore'
[0.084s] Level 1:colcon.colcon_core.package_identification:_identify(.) by extension 'ignore_ament_install'
[0.084s] Level 1:colcon.colcon_core.package_identification:_identify(.) by extensions ['colcon_pkg']
[0.084s] Level 1:colcon.colcon_core.package_identification:_identify(.) by extension 'colcon_pkg'
[0.084s] Level 1:colcon.colcon_core.package_identification:_identify(.) by extensions ['colcon_meta']
[0.085s] Level 1:colcon.colcon_core.package_identification:_identify(.) by extension 'colcon_meta'
[0.085s] Level 1:colcon.colcon_core.package_identification:_identify(.) by extensions ['ros']
[0.085s] Level 1:colcon.colcon_core.package_identification:_identify(.) by extension 'ros'
[0.101s] Level 1:colcon.colcon_core.package_identification:_identify(.) by extensions ['cmake', 'python']
[0.101s] Level 1:colcon.colcon_core.package_identification:_identify(.) by extension 'cmake'
[0.102s] Level 1:colcon.colcon_core.package_identification:_identify(.) by extension 'python'
[0.102s] Level 1:colcon.colcon_core.package_identification:_identify(.) by extensions ['python_setup_py']
[0.102s] Level 1:colcon.colcon_core.package_identification:_identify(.) by extension 'python_setup_py'
[0.102s] Level 1:colcon.colcon_core.package_identification:_identify(build) by extensions ['ignore', 'ignore_ament_install']
[0.102s] Level 1:colcon.colcon_core.package_identification:_identify(build) by extension 'ignore'
[0.102s] Level 1:colcon.colcon_core.package_identification:_identify(build) ignored
[0.102s] Level 1:colcon.colcon_core.package_identification:_identify(install) by extensions ['ignore', 'ignore_ament_install']
[0.102s] Level 1:colcon.colcon_core.package_identification:_identify(install) by extension 'ignore'
[0.102s] Level 1:colcon.colcon_core.package_identification:_identify(install) ignored
[0.102s] Level 1:colcon.colcon_core.package_identification:_identify(log) by extensions ['ignore', 'ignore_ament_install']
[0.102s] Level 1:colcon.colcon_core.package_identification:_identify(log) by extension 'ignore'
[0.102s] Level 1:colcon.colcon_core.package_identification:_identify(log) ignored
[0.102s] Level 1:colcon.colcon_core.package_identification:_identify(robot_bringup) by extensions ['ignore', 'ignore_ament_install']
[0.102s] Level 1:colcon.colcon_core.package_identification:_identify(robot_bringup) by extension 'ignore'
[0.102s] Level 1:colcon.colcon_core.package_identification:_identify(robot_bringup) by extension 'ignore_ament_install'
[0.102s] Level 1:colcon.colcon_core.package_identification:_identify(robot_bringup) by extensions ['colcon_pkg']
[0.102s] Level 1:colcon.colcon_core.package_identification:_identify(robot_bringup) by extension 'colcon_pkg'
[0.102s] Level 1:colcon.colcon_core.package_identification:_identify(robot_bringup) by extensions ['colcon_meta']
[0.102s] Level 1:colcon.colcon_core.package_identification:_identify(robot_bringup) by extension 'colcon_meta'
[0.102s] Level 1:colcon.colcon_core.package_identification:_identify(robot_bringup) by extensions ['ros']
[0.102s] Level 1:colcon.colcon_core.package_identification:_identify(robot_bringup) by extension 'ros'
[0.104s] DEBUG:colcon.colcon_core.package_identification:Package 'robot_bringup' with type 'ros.ament_python' and name 'robot_bringup'
[0.104s] Level 1:colcon.colcon_core.package_identification:_identify(robot_description) by extensions ['ignore', 'ignore_ament_install']
[0.104s] Level 1:colcon.colcon_core.package_identification:_identify(robot_description) by extension 'ignore'
[0.104s] Level 1:colcon.colcon_core.package_identification:_identify(robot_description) by extension 'ignore_ament_install'
[0.104s] Level 1:colcon.colcon_core.package_identification:_identify(robot_description) by extensions ['colcon_pkg']
[0.104s] Level 1:colcon.colcon_core.package_identification:_identify(robot_description) by extension 'colcon_pkg'
[0.104s] Level 1:colcon.colcon_core.package_identification:_identify(robot_description) by extensions ['colcon_meta']
[0.104s] Level 1:colcon.colcon_core.package_identification:_identify(robot_description) by extension 'colcon_meta'
[0.104s] Level 1:colcon.colcon_core.package_identification:_identify(robot_description) by extensions ['ros']
[0.104s] Level 1:colcon.colcon_core.package_identification:_identify(robot_description) by extension 'ros'
[0.104s] DEBUG:colcon.colcon_core.package_identification:Package 'robot_description' with type 'ros.ament_python' and name 'robot_description'
[0.104s] Level 1:colcon.colcon_core.package_identification:_identify(robot_hardware) by extensions ['ignore', 'ignore_ament_install']
[0.104s] Level 1:colcon.colcon_core.package_identification:_identify(robot_hardware) by extension 'ignore'
[0.104s] Level 1:colcon.colcon_core.package_identification:_identify(robot_hardware) by extension 'ignore_ament_install'
[0.104s] Level 1:colcon.colcon_core.package_identification:_identify(robot_hardware) by extensions ['colcon_pkg']
[0.104s] Level 1:colcon.colcon_core.package_identification:_identify(robot_hardware) by extension 'colcon_pkg'
[0.104s] Level 1:colcon.colcon_core.package_identification:_identify(robot_hardware) by extensions ['colcon_meta']
[0.104s] Level 1:colcon.colcon_core.package_identification:_identify(robot_hardware) by extension 'colcon_meta'
[0.104s] Level 1:colcon.colcon_core.package_identification:_identify(robot_hardware) by extensions ['ros']
[0.104s] Level 1:colcon.colcon_core.package_identification:_identify(robot_hardware) by extension 'ros'
[0.105s] DEBUG:colcon.colcon_core.package_identification:Package 'robot_hardware' with type 'ros.ament_python' and name 'robot_hardware'
[0.105s] Level 1:colcon.colcon_core.package_identification:_identify(robot_kinematics) by extensions ['ignore', 'ignore_ament_install']
[0.105s] Level 1:colcon.colcon_core.package_identification:_identify(robot_kinematics) by extension 'ignore'
[0.105s] Level 1:colcon.colcon_core.package_identification:_identify(robot_kinematics) by extension 'ignore_ament_install'
[0.105s] Level 1:colcon.colcon_core.package_identification:_identify(robot_kinematics) by extensions ['colcon_pkg']
[0.105s] Level 1:colcon.colcon_core.package_identification:_identify(robot_kinematics) by extension 'colcon_pkg'
[0.105s] Level 1:colcon.colcon_core.package_identification:_identify(robot_kinematics) by extensions ['colcon_meta']
[0.105s] Level 1:colcon.colcon_core.package_identification:_identify(robot_kinematics) by extension 'colcon_meta'
[0.105s] Level 1:colcon.colcon_core.package_identification:_identify(robot_kinematics) by extensions ['ros']
[0.105s] Level 1:colcon.colcon_core.package_identification:_identify(robot_kinematics) by extension 'ros'
[0.105s] DEBUG:colcon.colcon_core.package_identification:Package 'robot_kinematics' with type 'ros.ament_python' and name 'robot_kinematics'
[0.105s] Level 1:colcon.colcon_core.package_discovery:discover_packages(recursive) using defaults
[0.105s] Level 1:colcon.colcon_core.package_discovery:discover_packages(ignore) discover
[0.105s] Level 1:colcon.colcon_core.package_discovery:discover_packages(ignore) using defaults
[0.105s] Level 1:colcon.colcon_core.package_discovery:discover_packages(path) discover
[0.105s] Level 1:colcon.colcon_core.package_discovery:discover_packages(path) using defaults
[0.117s] Level 1:colcon.colcon_core.package_discovery:discover_packages(prefix_path) check parameters
[0.117s] Level 1:colcon.colcon_core.package_discovery:discover_packages(prefix_path) discover
[0.117s] DEBUG:colcon.colcon_installed_package_information.package_discovery:Found 4 installed packages in /home/robotics/Robotica2026-2/proyecto/Ros/proyecto_ws/src/install
[0.118s] DEBUG:colcon.colcon_installed_package_information.package_discovery:Found 291 installed packages in /opt/ros/jazzy
[0.119s] Level 1:colcon.colcon_core.package_discovery:discover_packages(prefix_path) using defaults
[0.139s] Level 5:colcon.colcon_core.verb:set package 'robot_bringup' build argument 'cmake_args' from command line to 'None'
[0.139s] Level 5:colcon.colcon_core.verb:set package 'robot_bringup' build argument 'cmake_target' from command line to 'None'
[0.139s] Level 5:colcon.colcon_core.verb:set package 'robot_bringup' build argument 'cmake_target_skip_unavailable' from command line to 'False'
[0.139s] Level 5:colcon.colcon_core.verb:set package 'robot_bringup' build argument 'cmake_clean_cache' from command line to 'False'
[0.139s] Level 5:colcon.colcon_core.verb:set package 'robot_bringup' build argument 'cmake_clean_first' from command line to 'False'
[0.139s] Level 5:colcon.colcon_core.verb:set package 'robot_bringup' build argument 'cmake_force_configure' from command line to 'False'
[0.139s] Level 5:colcon.colcon_core.verb:set package 'robot_bringup' build argument 'ament_cmake_args' from command line to 'None'
[0.139s] Level 5:colcon.colcon_core.verb:set package 'robot_bringup' build argument 'catkin_cmake_args' from command line to 'None'
[0.139s] Level 5:colcon.colcon_core.verb:set package 'robot_bringup' build argument 'catkin_skip_building_tests' from command line to 'False'
[0.139s] DEBUG:colcon.colcon_core.verb:Building package 'robot_bringup' with the following arguments: {'ament_cmake_args': None, 'build_base': '/home/robotics/Robotica2026-2/proyecto/Ros/proyecto_ws/src/build/robot_bringup', 'catkin_cmake_args': None, 'catkin_skip_building_tests': False, 'cmake_args': None, 'cmake_clean_cache': False, 'cmake_clean_first': False, 'cmake_force_configure': False, 'cmake_target': None, 'cmake_target_skip_unavailable': False, 'install_base': '/home/robotics/Robotica2026-2/proyecto/Ros/proyecto_ws/src/install/robot_bringup', 'merge_install': False, 'path': '/home/robotics/Robotica2026-2/proyecto/Ros/proyecto_ws/src/robot_bringup', 'symlink_install': False, 'test_result_base': None}
[0.140s] Level 5:colcon.colcon_core.verb:set package 'robot_description' build argument 'cmake_args' from command line to 'None'
[0.140s] Level 5:colcon.colcon_core.verb:set package 'robot_description' build argument 'cmake_target' from command line to 'None'
[0.140s] Level 5:colcon.colcon_core.verb:set package 'robot_description' build argument 'cmake_target_skip_unavailable' from command line to 'False'
[0.140s] Level 5:colcon.colcon_core.verb:set package 'robot_description' build argument 'cmake_clean_cache' from command line to 'False'
[0.140s] Level 5:colcon.colcon_core.verb:set package 'robot_description' build argument 'cmake_clean_first' from command line to 'False'
[0.140s] Level 5:colcon.colcon_core.verb:set package 'robot_description' build argument 'cmake_force_configure' from command line to 'False'
[0.140s] Level 5:colcon.colcon_core.verb:set package 'robot_description' build argument 'ament_cmake_args' from command line to 'None'
[0.140s] Level 5:colcon.colcon_core.verb:set package 'robot_description' build argument 'catkin_cmake_args' from command line to 'None'
[0.140s] Level 5:colcon.colcon_core.verb:set package 'robot_description' build argument 'catkin_skip_building_tests' from command line to 'False'
[0.140s] DEBUG:colcon.colcon_core.verb:Building package 'robot_description' with the following arguments: {'ament_cmake_args': None, 'build_base': '/home/robotics/Robotica2026-2/proyecto/Ros/proyecto_ws/src/build/robot_description', 'catkin_cmake_args': None, 'catkin_skip_building_tests': False, 'cmake_args': None, 'cmake_clean_cache': False, 'cmake_clean_first': False, 'cmake_force_configure': False, 'cmake_target': None, 'cmake_target_skip_unavailable': False, 'install_base': '/home/robotics/Robotica2026-2/proyecto/Ros/proyecto_ws/src/install/robot_description', 'merge_install': False, 'path': '/home/robotics/Robotica2026-2/proyecto/Ros/proyecto_ws/src/robot_description', 'symlink_install': False, 'test_result_base': None}
[0.140s] Level 5:colcon.colcon_core.verb:set package 'robot_hardware' build argument 'cmake_args' from command line to 'None'
[0.140s] Level 5:colcon.colcon_core.verb:set package 'robot_hardware' build argument 'cmake_target' from command line to 'None'
[0.140s] Level 5:colcon.colcon_core.verb:set package 'robot_hardware' build argument 'cmake_target_skip_unavailable' from command line to 'False'
[0.140s] Level 5:colcon.colcon_core.verb:set package 'robot_hardware' build argument 'cmake_clean_cache' from command line to 'False'
[0.140s] Level 5:colcon.colcon_core.verb:set package 'robot_hardware' build argument 'cmake_clean_first' from command line to 'False'
[0.140s] Level 5:colcon.colcon_core.verb:set package 'robot_hardware' build argument 'cmake_force_configure' from command line to 'False'
[0.140s] Level 5:colcon.colcon_core.verb:set package 'robot_hardware' build argument 'ament_cmake_args' from command line to 'None'
[0.140s] Level 5:colcon.colcon_core.verb:set package 'robot_hardware' build argument 'catkin_cmake_args' from command line to 'None'
[0.140s] Level 5:colcon.colcon_core.verb:set package 'robot_hardware' build argument 'catkin_skip_building_tests' from command line to 'False'
[0.140s] DEBUG:colcon.colcon_core.verb:Building package 'robot_hardware' with the following arguments: {'ament_cmake_args': None, 'build_base': '/home/robotics/Robotica2026-2/proyecto/Ros/proyecto_ws/src/build/robot_hardware', 'catkin_cmake_args': None, 'catkin_skip_building_tests': False, 'cmake_args': None, 'cmake_clean_cache': False, 'cmake_clean_first': False, 'cmake_force_configure': False, 'cmake_target': None, 'cmake_target_skip_unavailable': False, 'install_base': '/home/robotics/Robotica2026-2/proyecto/Ros/proyecto_ws/src/install/robot_hardware', 'merge_install': False, 'path': '/home/robotics/Robotica2026-2/proyecto/Ros/proyecto_ws/src/robot_hardware', 'symlink_install': False, 'test_result_base': None}
[0.140s] Level 5:colcon.colcon_core.verb:set package 'robot_kinematics' build argument 'cmake_args' from command line to 'None'
[0.140s] Level 5:colcon.colcon_core.verb:set package 'robot_kinematics' build argument 'cmake_target' from command line to 'None'
[0.140s] Level 5:colcon.colcon_core.verb:set package 'robot_kinematics' build argument 'cmake_target_skip_unavailable' from command line to 'False'
[0.140s] Level 5:colcon.colcon_core.verb:set package 'robot_kinematics' build argument 'cmake_clean_cache' from command line to 'False'
[0.140s] Level 5:colcon.colcon_core.verb:set package 'robot_kinematics' build argument 'cmake_clean_first' from command line to 'False'
[0.140s] Level 5:colcon.colcon_core.verb:set package 'robot_kinematics' build argument 'cmake_force_configure' from command line to 'False'
[0.140s] Level 5:colcon.colcon_core.verb:set package 'robot_kinematics' build argument 'ament_cmake_args' from command line to 'None'
[0.140s] Level 5:colcon.colcon_core.verb:set package 'robot_kinematics' build argument 'catkin_cmake_args' from command line to 'None'
[0.140s] Level 5:colcon.colcon_core.verb:set package 'robot_kinematics' build argument 'catkin_skip_building_tests' from command line to 'False'
[0.140s] DEBUG:colcon.colcon_core.verb:Building package 'robot_kinematics' with the following arguments: {'ament_cmake_args': None, 'build_base': '/home/robotics/Robotica2026-2/proyecto/Ros/proyecto_ws/src/build/robot_kinematics', 'catkin_cmake_args': None, 'catkin_skip_building_tests': False, 'cmake_args': None, 'cmake_clean_cache': False, 'cmake_clean_first': False, 'cmake_force_configure': False, 'cmake_target': None, 'cmake_target_skip_unavailable': False, 'install_base': '/home/robotics/Robotica2026-2/proyecto/Ros/proyecto_ws/src/install/robot_kinematics', 'merge_install': False, 'path': '/home/robotics/Robotica2026-2/proyecto/Ros/proyecto_ws/src/robot_kinematics', 'symlink_install': False, 'test_result_base': None}
[0.140s] INFO:colcon.colcon_core.executor:Executing jobs using 'parallel' executor
[0.141s] DEBUG:colcon.colcon_parallel_executor.executor.parallel:run_until_complete
[0.141s] INFO:colcon.colcon_ros.task.ament_python.build:Building ROS package in '/home/robotics/Robotica2026-2/proyecto/Ros/proyecto_ws/src/robot_bringup' with build type 'ament_python'
[0.141s] Level 1:colcon.colcon_core.shell:create_environment_hook('robot_bringup', 'ament_prefix_path')
[0.143s] INFO:colcon.colcon_core.plugin_system:Skipping extension 'colcon_core.shell.bat': Not used on non-Windows systems
[0.143s] INFO:colcon.colcon_core.shell:Creating environment hook '/home/robotics/Robotica2026-2/proyecto/Ros/proyecto_ws/src/install/robot_bringup/share/robot_bringup/hook/ament_prefix_path.ps1'
[0.144s] INFO:colcon.colcon_core.shell:Creating environment descriptor '/home/robotics/Robotica2026-2/proyecto/Ros/proyecto_ws/src/install/robot_bringup/share/robot_bringup/hook/ament_prefix_path.dsv'
[0.144s] INFO:colcon.colcon_core.shell:Creating environment hook '/home/robotics/Robotica2026-2/proyecto/Ros/proyecto_ws/src/install/robot_bringup/share/robot_bringup/hook/ament_prefix_path.sh'
[0.144s] INFO:colcon.colcon_core.shell:Skip shell extension 'powershell' for command environment: Not usable outside of PowerShell
[0.144s] DEBUG:colcon.colcon_core.shell:Skip shell extension 'dsv' for command environment
[0.146s] INFO:colcon.colcon_ros.task.ament_python.build:Building ROS package in '/home/robotics/Robotica2026-2/proyecto/Ros/proyecto_ws/src/robot_description' with build type 'ament_python'
[0.146s] Level 1:colcon.colcon_core.shell:create_environment_hook('robot_description', 'ament_prefix_path')
[0.146s] INFO:colcon.colcon_core.shell:Creating environment hook '/home/robotics/Robotica2026-2/proyecto/Ros/proyecto_ws/src/install/robot_description/share/robot_description/hook/ament_prefix_path.ps1'
[0.147s] INFO:colcon.colcon_core.shell:Creating environment descriptor '/home/robotics/Robotica2026-2/proyecto/Ros/proyecto_ws/src/install/robot_description/share/robot_description/hook/ament_prefix_path.dsv'
[0.147s] INFO:colcon.colcon_core.shell:Creating environment hook '/home/robotics/Robotica2026-2/proyecto/Ros/proyecto_ws/src/install/robot_description/share/robot_description/hook/ament_prefix_path.sh'
[0.147s] INFO:colcon.colcon_core.shell:Skip shell extension 'powershell' for command environment: Not usable outside of PowerShell
[0.147s] DEBUG:colcon.colcon_core.shell:Skip shell extension 'dsv' for command environment
[0.149s] INFO:colcon.colcon_ros.task.ament_python.build:Building ROS package in '/home/robotics/Robotica2026-2/proyecto/Ros/proyecto_ws/src/robot_hardware' with build type 'ament_python'
[0.149s] Level 1:colcon.colcon_core.shell:create_environment_hook('robot_hardware', 'ament_prefix_path')
[0.149s] INFO:colcon.colcon_core.shell:Creating environment hook '/home/robotics/Robotica2026-2/proyecto/Ros/proyecto_ws/src/install/robot_hardware/share/robot_hardware/hook/ament_prefix_path.ps1'
[0.149s] INFO:colcon.colcon_core.shell:Creating environment descriptor '/home/robotics/Robotica2026-2/proyecto/Ros/proyecto_ws/src/install/robot_hardware/share/robot_hardware/hook/ament_prefix_path.dsv'
[0.149s] INFO:colcon.colcon_core.shell:Creating environment hook '/home/robotics/Robotica2026-2/proyecto/Ros/proyecto_ws/src/install/robot_hardware/share/robot_hardware/hook/ament_prefix_path.sh'
[0.150s] INFO:colcon.colcon_core.shell:Skip shell extension 'powershell' for command environment: Not usable outside of PowerShell
[0.150s] DEBUG:colcon.colcon_core.shell:Skip shell extension 'dsv' for command environment
[0.151s] INFO:colcon.colcon_ros.task.ament_python.build:Building ROS package in '/home/robotics/Robotica2026-2/proyecto/Ros/proyecto_ws/src/robot_kinematics' with build type 'ament_python'
[0.152s] Level 1:colcon.colcon_core.shell:create_environment_hook('robot_kinematics', 'ament_prefix_path')
[0.152s] INFO:colcon.colcon_core.shell:Creating environment hook '/home/robotics/Robotica2026-2/proyecto/Ros/proyecto_ws/src/install/robot_kinematics/share/robot_kinematics/hook/ament_prefix_path.ps1'
[0.152s] INFO:colcon.colcon_core.shell:Creating environment descriptor '/home/robotics/Robotica2026-2/proyecto/Ros/proyecto_ws/src/install/robot_kinematics/share/robot_kinematics/hook/ament_prefix_path.dsv'
[0.152s] INFO:colcon.colcon_core.shell:Creating environment hook '/home/robotics/Robotica2026-2/proyecto/Ros/proyecto_ws/src/install/robot_kinematics/share/robot_kinematics/hook/ament_prefix_path.sh'
[0.152s] INFO:colcon.colcon_core.shell:Skip shell extension 'powershell' for command environment: Not usable outside of PowerShell
[0.152s] DEBUG:colcon.colcon_core.shell:Skip shell extension 'dsv' for command environment
[0.289s] INFO:colcon.colcon_core.task.python.build:Building Python package in '/home/robotics/Robotica2026-2/proyecto/Ros/proyecto_ws/src/robot_bringup'
[0.289s] INFO:colcon.colcon_core.shell:Skip shell extension 'powershell' for command environment: Not usable outside of PowerShell
[0.289s] DEBUG:colcon.colcon_core.shell:Skip shell extension 'dsv' for command environment
[0.425s] INFO:colcon.colcon_core.task.python.build:Building Python package in '/home/robotics/Robotica2026-2/proyecto/Ros/proyecto_ws/src/robot_description'
[0.425s] INFO:colcon.colcon_core.shell:Skip shell extension 'powershell' for command environment: Not usable outside of PowerShell
[0.425s] DEBUG:colcon.colcon_core.shell:Skip shell extension 'dsv' for command environment
[0.563s] INFO:colcon.colcon_core.task.python.build:Building Python package in '/home/robotics/Robotica2026-2/proyecto/Ros/proyecto_ws/src/robot_hardware'
[0.563s] INFO:colcon.colcon_core.shell:Skip shell extension 'powershell' for command environment: Not usable outside of PowerShell
[0.563s] DEBUG:colcon.colcon_core.shell:Skip shell extension 'dsv' for command environment
[0.700s] INFO:colcon.colcon_core.task.python.build:Building Python package in '/home/robotics/Robotica2026-2/proyecto/Ros/proyecto_ws/src/robot_kinematics'
[0.700s] INFO:colcon.colcon_core.shell:Skip shell extension 'powershell' for command environment: Not usable outside of PowerShell
[0.700s] DEBUG:colcon.colcon_core.shell:Skip shell extension 'dsv' for command environment
[1.118s] DEBUG:colcon.colcon_core.event_handler.log_command:Invoking command in '/home/robotics/Robotica2026-2/proyecto/Ros/proyecto_ws/src/robot_hardware': DEBUGINFOD_URLS=https://debuginfod.ubuntu.com PYTHONPATH=/home/robotics/Robotica2026-2/proyecto/Ros/proyecto_ws/src/build/robot_hardware/prefix_override:/usr/lib/python3/dist-packages/colcon_core/task/python/colcon_distutils_commands:/home/robotics/Robotica2026-2/proyecto/Ros/proyecto_ws/src/install/robot_hardware/lib/python3.12/site-packages:${PYTHONPATH} /usr/bin/python3 -W ignore:setup.py install is deprecated -W ignore:easy_install command is deprecated setup.py egg_info --egg-base ../build/robot_hardware build --build-base /home/robotics/Robotica2026-2/proyecto/Ros/proyecto_ws/src/build/robot_hardware/build install --record /home/robotics/Robotica2026-2/proyecto/Ros/proyecto_ws/src/build/robot_hardware/install.log --single-version-externally-managed install_data
[1.119s] DEBUG:colcon.colcon_core.event_handler.log_command:Invoking command in '/home/robotics/Robotica2026-2/proyecto/Ros/proyecto_ws/src/robot_bringup': DEBUGINFOD_URLS=https://debuginfod.ubuntu.com PYTHONPATH=/home/robotics/Robotica2026-2/proyecto/Ros/proyecto_ws/src/build/robot_bringup/prefix_override:/usr/lib/python3/dist-packages/colcon_core/task/python/colcon_distutils_commands:/home/robotics/Robotica2026-2/proyecto/Ros/proyecto_ws/src/install/robot_bringup/lib/python3.12/site-packages:${PYTHONPATH} /usr/bin/python3 -W ignore:setup.py install is deprecated -W ignore:easy_install command is deprecated setup.py egg_info --egg-base ../build/robot_bringup build --build-base /home/robotics/Robotica2026-2/proyecto/Ros/proyecto_ws/src/build/robot_bringup/build install --record /home/robotics/Robotica2026-2/proyecto/Ros/proyecto_ws/src/build/robot_bringup/install.log --single-version-externally-managed install_data
[1.121s] DEBUG:colcon.colcon_core.event_handler.log_command:Invoking command in '/home/robotics/Robotica2026-2/proyecto/Ros/proyecto_ws/src/robot_description': DEBUGINFOD_URLS=https://debuginfod.ubuntu.com PYTHONPATH=/home/robotics/Robotica2026-2/proyecto/Ros/proyecto_ws/src/build/robot_description/prefix_override:/usr/lib/python3/dist-packages/colcon_core/task/python/colcon_distutils_commands:/home/robotics/Robotica2026-2/proyecto/Ros/proyecto_ws/src/install/robot_description/lib/python3.12/site-packages:${PYTHONPATH} /usr/bin/python3 -W ignore:setup.py install is deprecated -W ignore:easy_install command is deprecated setup.py egg_info --egg-base ../build/robot_description build --build-base /home/robotics/Robotica2026-2/proyecto/Ros/proyecto_ws/src/build/robot_description/build install --record /home/robotics/Robotica2026-2/proyecto/Ros/proyecto_ws/src/build/robot_description/install.log --single-version-externally-managed install_data
[1.132s] DEBUG:colcon.colcon_core.event_handler.log_command:Invoking command in '/home/robotics/Robotica2026-2/proyecto/Ros/proyecto_ws/src/robot_kinematics': DEBUGINFOD_URLS=https://debuginfod.ubuntu.com PYTHONPATH=/home/robotics/Robotica2026-2/proyecto/Ros/proyecto_ws/src/build/robot_kinematics/prefix_override:/usr/lib/python3/dist-packages/colcon_core/task/python/colcon_distutils_commands:/home/robotics/Robotica2026-2/proyecto/Ros/proyecto_ws/src/install/robot_kinematics/lib/python3.12/site-packages:${PYTHONPATH} /usr/bin/python3 -W ignore:setup.py install is deprecated -W ignore:easy_install command is deprecated setup.py egg_info --egg-base ../build/robot_kinematics build --build-base /home/robotics/Robotica2026-2/proyecto/Ros/proyecto_ws/src/build/robot_kinematics/build install --record /home/robotics/Robotica2026-2/proyecto/Ros/proyecto_ws/src/build/robot_kinematics/install.log --single-version-externally-managed install_data
[1.509s] DEBUG:colcon.colcon_core.event_handler.log_command:Invoked command in '/home/robotics/Robotica2026-2/proyecto/Ros/proyecto_ws/src/robot_hardware' returned '0': DEBUGINFOD_URLS=https://debuginfod.ubuntu.com PYTHONPATH=/home/robotics/Robotica2026-2/proyecto/Ros/proyecto_ws/src/build/robot_hardware/prefix_override:/usr/lib/python3/dist-packages/colcon_core/task/python/colcon_distutils_commands:/home/robotics/Robotica2026-2/proyecto/Ros/proyecto_ws/src/install/robot_hardware/lib/python3.12/site-packages:${PYTHONPATH} /usr/bin/python3 -W ignore:setup.py install is deprecated -W ignore:easy_install command is deprecated setup.py egg_info --egg-base ../build/robot_hardware build --build-base /home/robotics/Robotica2026-2/proyecto/Ros/proyecto_ws/src/build/robot_hardware/build install --record /home/robotics/Robotica2026-2/proyecto/Ros/proyecto_ws/src/build/robot_hardware/install.log --single-version-externally-managed install_data
[1.510s] Level 1:colcon.colcon_core.environment:checking '/home/robotics/Robotica2026-2/proyecto/Ros/proyecto_ws/src/install/robot_hardware' for CMake module files
[1.510s] Level 1:colcon.colcon_core.environment:checking '/home/robotics/Robotica2026-2/proyecto/Ros/proyecto_ws/src/install/robot_hardware' for CMake config files
[1.511s] Level 1:colcon.colcon_core.environment:checking '/home/robotics/Robotica2026-2/proyecto/Ros/proyecto_ws/src/install/robot_hardware/lib'
[1.511s] Level 1:colcon.colcon_core.environment:checking '/home/robotics/Robotica2026-2/proyecto/Ros/proyecto_ws/src/install/robot_hardware/bin'
[1.511s] Level 1:colcon.colcon_core.environment:checking '/home/robotics/Robotica2026-2/proyecto/Ros/proyecto_ws/src/install/robot_hardware/lib/pkgconfig/robot_hardware.pc'
[1.511s] Level 1:colcon.colcon_core.environment:checking '/home/robotics/Robotica2026-2/proyecto/Ros/proyecto_ws/src/install/robot_hardware/lib/python3.12/site-packages'
[1.511s] Level 1:colcon.colcon_core.shell:create_environment_hook('robot_hardware', 'pythonpath')
[1.511s] INFO:colcon.colcon_core.shell:Creating environment hook '/home/robotics/Robotica2026-2/proyecto/Ros/proyecto_ws/src/install/robot_hardware/share/robot_hardware/hook/pythonpath.ps1'
[1.511s] INFO:colcon.colcon_core.shell:Creating environment descriptor '/home/robotics/Robotica2026-2/proyecto/Ros/proyecto_ws/src/install/robot_hardware/share/robot_hardware/hook/pythonpath.dsv'
[1.512s] INFO:colcon.colcon_core.shell:Creating environment hook '/home/robotics/Robotica2026-2/proyecto/Ros/proyecto_ws/src/install/robot_hardware/share/robot_hardware/hook/pythonpath.sh'
[1.512s] Level 1:colcon.colcon_core.environment:checking '/home/robotics/Robotica2026-2/proyecto/Ros/proyecto_ws/src/install/robot_hardware/bin'
[1.512s] Level 1:colcon.colcon_core.environment:create_environment_scripts_only(robot_hardware)
[1.512s] INFO:colcon.colcon_core.shell:Creating package script '/home/robotics/Robotica2026-2/proyecto/Ros/proyecto_ws/src/install/robot_hardware/share/robot_hardware/package.ps1'
[1.513s] INFO:colcon.colcon_core.shell:Creating package descriptor '/home/robotics/Robotica2026-2/proyecto/Ros/proyecto_ws/src/install/robot_hardware/share/robot_hardware/package.dsv'
[1.513s] INFO:colcon.colcon_core.shell:Creating package script '/home/robotics/Robotica2026-2/proyecto/Ros/proyecto_ws/src/install/robot_hardware/share/robot_hardware/package.sh'
[1.514s] INFO:colcon.colcon_core.shell:Creating package script '/home/robotics/Robotica2026-2/proyecto/Ros/proyecto_ws/src/install/robot_hardware/share/robot_hardware/package.bash'
[1.514s] INFO:colcon.colcon_core.shell:Creating package script '/home/robotics/Robotica2026-2/proyecto/Ros/proyecto_ws/src/install/robot_hardware/share/robot_hardware/package.zsh'
[1.514s] Level 1:colcon.colcon_core.environment:create_file_with_runtime_dependencies(/home/robotics/Robotica2026-2/proyecto/Ros/proyecto_ws/src/install/robot_hardware/share/colcon-core/packages/robot_hardware)
[1.515s] Level 1:colcon.colcon_core.environment:checking '/home/robotics/Robotica2026-2/proyecto/Ros/proyecto_ws/src/install/robot_description' for CMake module files
[1.515s] Level 1:colcon.colcon_core.environment:checking '/home/robotics/Robotica2026-2/proyecto/Ros/proyecto_ws/src/install/robot_description' for CMake config files
[1.516s] DEBUG:colcon.colcon_core.event_handler.log_command:Invoked command in '/home/robotics/Robotica2026-2/proyecto/Ros/proyecto_ws/src/robot_description' returned '0': DEBUGINFOD_URLS=https://debuginfod.ubuntu.com PYTHONPATH=/home/robotics/Robotica2026-2/proyecto/Ros/proyecto_ws/src/build/robot_description/prefix_override:/usr/lib/python3/dist-packages/colcon_core/task/python/colcon_distutils_commands:/home/robotics/Robotica2026-2/proyecto/Ros/proyecto_ws/src/install/robot_description/lib/python3.12/site-packages:${PYTHONPATH} /usr/bin/python3 -W ignore:setup.py install is deprecated -W ignore:easy_install command is deprecated setup.py egg_info --egg-base ../build/robot_description build --build-base /home/robotics/Robotica2026-2/proyecto/Ros/proyecto_ws/src/build/robot_description/build install --record /home/robotics/Robotica2026-2/proyecto/Ros/proyecto_ws/src/build/robot_description/install.log --single-version-externally-managed install_data
[1.516s] Level 1:colcon.colcon_core.environment:checking '/home/robotics/Robotica2026-2/proyecto/Ros/proyecto_ws/src/install/robot_description/lib'
[1.516s] Level 1:colcon.colcon_core.environment:checking '/home/robotics/Robotica2026-2/proyecto/Ros/proyecto_ws/src/install/robot_description/bin'
[1.516s] Level 1:colcon.colcon_core.environment:checking '/home/robotics/Robotica2026-2/proyecto/Ros/proyecto_ws/src/install/robot_description/lib/pkgconfig/robot_description.pc'
[1.516s] Level 1:colcon.colcon_core.environment:checking '/home/robotics/Robotica2026-2/proyecto/Ros/proyecto_ws/src/install/robot_description/lib/python3.12/site-packages'
[1.516s] Level 1:colcon.colcon_core.shell:create_environment_hook('robot_description', 'pythonpath')
[1.516s] INFO:colcon.colcon_core.shell:Creating environment hook '/home/robotics/Robotica2026-2/proyecto/Ros/proyecto_ws/src/install/robot_description/share/robot_description/hook/pythonpath.ps1'
[1.517s] INFO:colcon.colcon_core.shell:Creating environment descriptor '/home/robotics/Robotica2026-2/proyecto/Ros/proyecto_ws/src/install/robot_description/share/robot_description/hook/pythonpath.dsv'
[1.517s] INFO:colcon.colcon_core.shell:Creating environment hook '/home/robotics/Robotica2026-2/proyecto/Ros/proyecto_ws/src/install/robot_description/share/robot_description/hook/pythonpath.sh'
[1.517s] Level 1:colcon.colcon_core.environment:checking '/home/robotics/Robotica2026-2/proyecto/Ros/proyecto_ws/src/install/robot_description/bin'
[1.517s] Level 1:colcon.colcon_core.environment:create_environment_scripts_only(robot_description)
[1.517s] INFO:colcon.colcon_core.shell:Creating package script '/home/robotics/Robotica2026-2/proyecto/Ros/proyecto_ws/src/install/robot_description/share/robot_description/package.ps1'
[1.518s] INFO:colcon.colcon_core.shell:Creating package descriptor '/home/robotics/Robotica2026-2/proyecto/Ros/proyecto_ws/src/install/robot_description/share/robot_description/package.dsv'
[1.518s] INFO:colcon.colcon_core.shell:Creating package script '/home/robotics/Robotica2026-2/proyecto/Ros/proyecto_ws/src/install/robot_description/share/robot_description/package.sh'
[1.518s] INFO:colcon.colcon_core.shell:Creating package script '/home/robotics/Robotica2026-2/proyecto/Ros/proyecto_ws/src/install/robot_description/share/robot_description/package.bash'
[1.518s] INFO:colcon.colcon_core.shell:Creating package script '/home/robotics/Robotica2026-2/proyecto/Ros/proyecto_ws/src/install/robot_description/share/robot_description/package.zsh'
[1.519s] Level 1:colcon.colcon_core.environment:create_file_with_runtime_dependencies(/home/robotics/Robotica2026-2/proyecto/Ros/proyecto_ws/src/install/robot_description/share/colcon-core/packages/robot_description)
[1.520s] Level 1:colcon.colcon_core.environment:checking '/home/robotics/Robotica2026-2/proyecto/Ros/proyecto_ws/src/install/robot_kinematics' for CMake module files
[1.520s] DEBUG:colcon.colcon_core.event_handler.log_command:Invoked command in '/home/robotics/Robotica2026-2/proyecto/Ros/proyecto_ws/src/robot_kinematics' returned '0': DEBUGINFOD_URLS=https://debuginfod.ubuntu.com PYTHONPATH=/home/robotics/Robotica2026-2/proyecto/Ros/proyecto_ws/src/build/robot_kinematics/prefix_override:/usr/lib/python3/dist-packages/colcon_core/task/python/colcon_distutils_commands:/home/robotics/Robotica2026-2/proyecto/Ros/proyecto_ws/src/install/robot_kinematics/lib/python3.12/site-packages:${PYTHONPATH} /usr/bin/python3 -W ignore:setup.py install is deprecated -W ignore:easy_install command is deprecated setup.py egg_info --egg-base ../build/robot_kinematics build --build-base /home/robotics/Robotica2026-2/proyecto/Ros/proyecto_ws/src/build/robot_kinematics/build install --record /home/robotics/Robotica2026-2/proyecto/Ros/proyecto_ws/src/build/robot_kinematics/install.log --single-version-externally-managed install_data
[1.520s] Level 1:colcon.colcon_core.environment:checking '/home/robotics/Robotica2026-2/proyecto/Ros/proyecto_ws/src/install/robot_kinematics' for CMake config files
[1.521s] Level 1:colcon.colcon_core.environment:checking '/home/robotics/Robotica2026-2/proyecto/Ros/proyecto_ws/src/install/robot_kinematics/lib'
[1.521s] Level 1:colcon.colcon_core.environment:checking '/home/robotics/Robotica2026-2/proyecto/Ros/proyecto_ws/src/install/robot_kinematics/bin'
[1.521s] Level 1:colcon.colcon_core.environment:checking '/home/robotics/Robotica2026-2/proyecto/Ros/proyecto_ws/src/install/robot_kinematics/lib/pkgconfig/robot_kinematics.pc'
[1.521s] Level 1:colcon.colcon_core.environment:checking '/home/robotics/Robotica2026-2/proyecto/Ros/proyecto_ws/src/install/robot_kinematics/lib/python3.12/site-packages'
[1.522s] Level 1:colcon.colcon_core.shell:create_environment_hook('robot_kinematics', 'pythonpath')
[1.522s] INFO:colcon.colcon_core.shell:Creating environment hook '/home/robotics/Robotica2026-2/proyecto/Ros/proyecto_ws/src/install/robot_kinematics/share/robot_kinematics/hook/pythonpath.ps1'
[1.522s] INFO:colcon.colcon_core.shell:Creating environment descriptor '/home/robotics/Robotica2026-2/proyecto/Ros/proyecto_ws/src/install/robot_kinematics/share/robot_kinematics/hook/pythonpath.dsv'
[1.523s] INFO:colcon.colcon_core.shell:Creating environment hook '/home/robotics/Robotica2026-2/proyecto/Ros/proyecto_ws/src/install/robot_kinematics/share/robot_kinematics/hook/pythonpath.sh'
[1.523s] Level 1:colcon.colcon_core.environment:checking '/home/robotics/Robotica2026-2/proyecto/Ros/proyecto_ws/src/install/robot_kinematics/bin'
[1.523s] Level 1:colcon.colcon_core.environment:create_environment_scripts_only(robot_kinematics)
[1.524s] INFO:colcon.colcon_core.shell:Creating package script '/home/robotics/Robotica2026-2/proyecto/Ros/proyecto_ws/src/install/robot_kinematics/share/robot_kinematics/package.ps1'
[1.524s] INFO:colcon.colcon_core.shell:Creating package descriptor '/home/robotics/Robotica2026-2/proyecto/Ros/proyecto_ws/src/install/robot_kinematics/share/robot_kinematics/package.dsv'
[1.525s] INFO:colcon.colcon_core.shell:Creating package script '/home/robotics/Robotica2026-2/proyecto/Ros/proyecto_ws/src/install/robot_kinematics/share/robot_kinematics/package.sh'
[1.525s] INFO:colcon.colcon_core.shell:Creating package script '/home/robotics/Robotica2026-2/proyecto/Ros/proyecto_ws/src/install/robot_kinematics/share/robot_kinematics/package.bash'
[1.525s] INFO:colcon.colcon_core.shell:Creating package script '/home/robotics/Robotica2026-2/proyecto/Ros/proyecto_ws/src/install/robot_kinematics/share/robot_kinematics/package.zsh'
[1.525s] Level 1:colcon.colcon_core.environment:create_file_with_runtime_dependencies(/home/robotics/Robotica2026-2/proyecto/Ros/proyecto_ws/src/install/robot_kinematics/share/colcon-core/packages/robot_kinematics)
[1.534s] Level 1:colcon.colcon_core.environment:checking '/home/robotics/Robotica2026-2/proyecto/Ros/proyecto_ws/src/install/robot_bringup' for CMake module files
[1.535s] DEBUG:colcon.colcon_core.event_handler.log_command:Invoked command in '/home/robotics/Robotica2026-2/proyecto/Ros/proyecto_ws/src/robot_bringup' returned '0': DEBUGINFOD_URLS=https://debuginfod.ubuntu.com PYTHONPATH=/home/robotics/Robotica2026-2/proyecto/Ros/proyecto_ws/src/build/robot_bringup/prefix_override:/usr/lib/python3/dist-packages/colcon_core/task/python/colcon_distutils_commands:/home/robotics/Robotica2026-2/proyecto/Ros/proyecto_ws/src/install/robot_bringup/lib/python3.12/site-packages:${PYTHONPATH} /usr/bin/python3 -W ignore:setup.py install is deprecated -W ignore:easy_install command is deprecated setup.py egg_info --egg-base ../build/robot_bringup build --build-base /home/robotics/Robotica2026-2/proyecto/Ros/proyecto_ws/src/build/robot_bringup/build install --record /home/robotics/Robotica2026-2/proyecto/Ros/proyecto_ws/src/build/robot_bringup/install.log --single-version-externally-managed install_data
[1.535s] Level 1:colcon.colcon_core.environment:checking '/home/robotics/Robotica2026-2/proyecto/Ros/proyecto_ws/src/install/robot_bringup' for CMake config files
[1.535s] Level 1:colcon.colcon_core.environment:checking '/home/robotics/Robotica2026-2/proyecto/Ros/proyecto_ws/src/install/robot_bringup/lib'
[1.535s] Level 1:colcon.colcon_core.environment:checking '/home/robotics/Robotica2026-2/proyecto/Ros/proyecto_ws/src/install/robot_bringup/bin'
[1.535s] Level 1:colcon.colcon_core.environment:checking '/home/robotics/Robotica2026-2/proyecto/Ros/proyecto_ws/src/install/robot_bringup/lib/pkgconfig/robot_bringup.pc'
[1.535s] Level 1:colcon.colcon_core.environment:checking '/home/robotics/Robotica2026-2/proyecto/Ros/proyecto_ws/src/install/robot_bringup/lib/python3.12/site-packages'
[1.535s] Level 1:colcon.colcon_core.shell:create_environment_hook('robot_bringup', 'pythonpath')
[1.536s] INFO:colcon.colcon_core.shell:Creating environment hook '/home/robotics/Robotica2026-2/proyecto/Ros/proyecto_ws/src/install/robot_bringup/share/robot_bringup/hook/pythonpath.ps1'
[1.536s] INFO:colcon.colcon_core.shell:Creating environment descriptor '/home/robotics/Robotica2026-2/proyecto/Ros/proyecto_ws/src/install/robot_bringup/share/robot_bringup/hook/pythonpath.dsv'
[1.536s] INFO:colcon.colcon_core.shell:Creating environment hook '/home/robotics/Robotica2026-2/proyecto/Ros/proyecto_ws/src/install/robot_bringup/share/robot_bringup/hook/pythonpath.sh'
[1.536s] Level 1:colcon.colcon_core.environment:checking '/home/robotics/Robotica2026-2/proyecto/Ros/proyecto_ws/src/install/robot_bringup/bin'
[1.536s] Level 1:colcon.colcon_core.environment:create_environment_scripts_only(robot_bringup)
[1.536s] INFO:colcon.colcon_core.shell:Creating package script '/home/robotics/Robotica2026-2/proyecto/Ros/proyecto_ws/src/install/robot_bringup/share/robot_bringup/package.ps1'
[1.537s] INFO:colcon.colcon_core.shell:Creating package descriptor '/home/robotics/Robotica2026-2/proyecto/Ros/proyecto_ws/src/install/robot_bringup/share/robot_bringup/package.dsv'
[1.537s] INFO:colcon.colcon_core.shell:Creating package script '/home/robotics/Robotica2026-2/proyecto/Ros/proyecto_ws/src/install/robot_bringup/share/robot_bringup/package.sh'
[1.537s] INFO:colcon.colcon_core.shell:Creating package script '/home/robotics/Robotica2026-2/proyecto/Ros/proyecto_ws/src/install/robot_bringup/share/robot_bringup/package.bash'
[1.537s] INFO:colcon.colcon_core.shell:Creating package script '/home/robotics/Robotica2026-2/proyecto/Ros/proyecto_ws/src/install/robot_bringup/share/robot_bringup/package.zsh'
[1.537s] Level 1:colcon.colcon_core.environment:create_file_with_runtime_dependencies(/home/robotics/Robotica2026-2/proyecto/Ros/proyecto_ws/src/install/robot_bringup/share/colcon-core/packages/robot_bringup)
[1.538s] DEBUG:colcon.colcon_parallel_executor.executor.parallel:closing loop
[1.538s] DEBUG:colcon.colcon_parallel_executor.executor.parallel:loop closed
[1.538s] DEBUG:colcon.colcon_parallel_executor.executor.parallel:run_until_complete finished with '0'
[1.538s] DEBUG:colcon.colcon_core.event_reactor:joining thread
[1.541s] INFO:colcon.colcon_core.plugin_system:Skipping extension 'colcon_notification.desktop_notification.terminal_notifier': Not used on non-Darwin systems
[1.541s] INFO:colcon.colcon_core.plugin_system:Skipping extension 'colcon_notification.desktop_notification.win32': Not used on non-Windows systems
[1.541s] INFO:colcon.colcon_notification.desktop_notification:Sending desktop notification using 'notify2'
[1.549s] DEBUG:colcon.colcon_core.event_reactor:joined thread
[1.549s] INFO:colcon.colcon_core.shell:Creating prefix script '/home/robotics/Robotica2026-2/proyecto/Ros/proyecto_ws/src/install/local_setup.ps1'
[1.550s] INFO:colcon.colcon_core.shell:Creating prefix util module '/home/robotics/Robotica2026-2/proyecto/Ros/proyecto_ws/src/install/_local_setup_util_ps1.py'
[1.551s] INFO:colcon.colcon_core.shell:Creating prefix chain script '/home/robotics/Robotica2026-2/proyecto/Ros/proyecto_ws/src/install/setup.ps1'
[1.552s] INFO:colcon.colcon_core.shell:Creating prefix script '/home/robotics/Robotica2026-2/proyecto/Ros/proyecto_ws/src/install/local_setup.sh'
[1.552s] INFO:colcon.colcon_core.shell:Creating prefix util module '/home/robotics/Robotica2026-2/proyecto/Ros/proyecto_ws/src/install/_local_setup_util_sh.py'
[1.552s] INFO:colcon.colcon_core.shell:Creating prefix chain script '/home/robotics/Robotica2026-2/proyecto/Ros/proyecto_ws/src/install/setup.sh'
[1.553s] INFO:colcon.colcon_core.shell:Creating prefix script '/home/robotics/Robotica2026-2/proyecto/Ros/proyecto_ws/src/install/local_setup.bash'
[1.553s] INFO:colcon.colcon_core.shell:Creating prefix chain script '/home/robotics/Robotica2026-2/proyecto/Ros/proyecto_ws/src/install/setup.bash'
[1.553s] INFO:colcon.colcon_core.shell:Creating prefix script '/home/robotics/Robotica2026-2/proyecto/Ros/proyecto_ws/src/install/local_setup.zsh'
[1.553s] INFO:colcon.colcon_core.shell:Creating prefix chain script '/home/robotics/Robotica2026-2/proyecto/Ros/proyecto_ws/src/install/setup.zsh'
