[1.357s] Invoking command in '/home/robotics/Robotica2026-2/proyecto/Ros/proyecto_ws/src/robot_description': DEBUGINFOD_URLS=https://debuginfod.ubuntu.com PYTHONPATH=/home/robotics/Robotica2026-2/proyecto/Ros/build/robot_description/prefix_override:/usr/lib/python3/dist-packages/colcon_core/task/python/colcon_distutils_commands:/home/robotics/Robotica2026-2/proyecto/Ros/install/robot_description/lib/python3.12/site-packages:${PYTHONPATH} /usr/bin/python3 -W ignore:setup.py install is deprecated -W ignore:easy_install command is deprecated setup.py egg_info --egg-base ../../../build/robot_description build --build-base /home/robotics/Robotica2026-2/proyecto/Ros/build/robot_description/build install --record /home/robotics/Robotica2026-2/proyecto/Ros/build/robot_description/install.log --single-version-externally-managed install_data
[1.536s] running egg_info
[1.536s] creating ../../../build/robot_description/robot_description.egg-info
[1.549s] writing ../../../build/robot_description/robot_description.egg-info/PKG-INFO
[1.549s] writing dependency_links to ../../../build/robot_description/robot_description.egg-info/dependency_links.txt
[1.549s] writing requirements to ../../../build/robot_description/robot_description.egg-info/requires.txt
[1.549s] writing top-level names to ../../../build/robot_description/robot_description.egg-info/top_level.txt
[1.549s] writing manifest file '../../../build/robot_description/robot_description.egg-info/SOURCES.txt'
[1.576s] reading manifest file '../../../build/robot_description/robot_description.egg-info/SOURCES.txt'
[1.576s] writing manifest file '../../../build/robot_description/robot_description.egg-info/SOURCES.txt'
[1.576s] running build
[1.576s] running build_py
[1.576s] creating /home/robotics/Robotica2026-2/proyecto/Ros/build/robot_description/build
[1.576s] creating /home/robotics/Robotica2026-2/proyecto/Ros/build/robot_description/build/lib
[1.576s] creating /home/robotics/Robotica2026-2/proyecto/Ros/build/robot_description/build/lib/robot_description
[1.577s] copying robot_description/__init__.py -> /home/robotics/Robotica2026-2/proyecto/Ros/build/robot_description/build/lib/robot_description
[1.577s] running install
[1.580s] running install_lib
[1.594s] creating /home/robotics/Robotica2026-2/proyecto/Ros/install/robot_description/lib/python3.12/site-packages/robot_description
[1.594s] copying /home/robotics/Robotica2026-2/proyecto/Ros/build/robot_description/build/lib/robot_description/__init__.py -> /home/robotics/Robotica2026-2/proyecto/Ros/install/robot_description/lib/python3.12/site-packages/robot_description
[1.594s] byte-compiling /home/robotics/Robotica2026-2/proyecto/Ros/install/robot_description/lib/python3.12/site-packages/robot_description/__init__.py to __init__.cpython-312.pyc
[1.594s] running install_data
[1.594s] creating /home/robotics/Robotica2026-2/proyecto/Ros/install/robot_description/share/ament_index
[1.594s] creating /home/robotics/Robotica2026-2/proyecto/Ros/install/robot_description/share/ament_index/resource_index
[1.594s] creating /home/robotics/Robotica2026-2/proyecto/Ros/install/robot_description/share/ament_index/resource_index/packages
[1.594s] copying resource/robot_description -> /home/robotics/Robotica2026-2/proyecto/Ros/install/robot_description/share/ament_index/resource_index/packages
[1.594s] copying package.xml -> /home/robotics/Robotica2026-2/proyecto/Ros/install/robot_description/share/robot_description
[1.595s] creating /home/robotics/Robotica2026-2/proyecto/Ros/install/robot_description/share/robot_description/rviz
[1.595s] copying rviz/rviz.conf.rviz -> /home/robotics/Robotica2026-2/proyecto/Ros/install/robot_description/share/robot_description/rviz
[1.595s] creating /home/robotics/Robotica2026-2/proyecto/Ros/install/robot_description/share/robot_description/urdf
[1.595s] copying urdf/robotRRR.urdf -> /home/robotics/Robotica2026-2/proyecto/Ros/install/robot_description/share/robot_description/urdf
[1.596s] creating /home/robotics/Robotica2026-2/proyecto/Ros/install/robot_description/share/robot_description/meshes
[1.596s] copying meshes/link.stl -> /home/robotics/Robotica2026-2/proyecto/Ros/install/robot_description/share/robot_description/meshes
[1.596s] running install_egg_info
[1.611s] Copying ../../../build/robot_description/robot_description.egg-info to /home/robotics/Robotica2026-2/proyecto/Ros/install/robot_description/lib/python3.12/site-packages/robot_description-0.0.0-py3.12.egg-info
[1.611s] running install_scripts
[1.698s] writing list of installed files to '/home/robotics/Robotica2026-2/proyecto/Ros/build/robot_description/install.log'
[1.722s] Invoked command in '/home/robotics/Robotica2026-2/proyecto/Ros/proyecto_ws/src/robot_description' returned '0': DEBUGINFOD_URLS=https://debuginfod.ubuntu.com PYTHONPATH=/home/robotics/Robotica2026-2/proyecto/Ros/build/robot_description/prefix_override:/usr/lib/python3/dist-packages/colcon_core/task/python/colcon_distutils_commands:/home/robotics/Robotica2026-2/proyecto/Ros/install/robot_description/lib/python3.12/site-packages:${PYTHONPATH} /usr/bin/python3 -W ignore:setup.py install is deprecated -W ignore:easy_install command is deprecated setup.py egg_info --egg-base ../../../build/robot_description build --build-base /home/robotics/Robotica2026-2/proyecto/Ros/build/robot_description/build install --record /home/robotics/Robotica2026-2/proyecto/Ros/build/robot_description/install.log --single-version-externally-managed install_data
