[1.372s] Invoking command in '/home/robotics/Robotica2026-2/proyecto/Ros/proyecto_ws/src/robot_bringup': DEBUGINFOD_URLS=https://debuginfod.ubuntu.com PYTHONPATH=/home/robotics/Robotica2026-2/proyecto/Ros/build/robot_bringup/prefix_override:/usr/lib/python3/dist-packages/colcon_core/task/python/colcon_distutils_commands:/home/robotics/Robotica2026-2/proyecto/Ros/install/robot_bringup/lib/python3.12/site-packages:${PYTHONPATH} /usr/bin/python3 -W ignore:setup.py install is deprecated -W ignore:easy_install command is deprecated setup.py egg_info --egg-base ../../../build/robot_bringup build --build-base /home/robotics/Robotica2026-2/proyecto/Ros/build/robot_bringup/build install --record /home/robotics/Robotica2026-2/proyecto/Ros/build/robot_bringup/install.log --single-version-externally-managed install_data
[1.554s] running egg_info
[1.554s] creating ../../../build/robot_bringup/robot_bringup.egg-info
[1.567s] writing ../../../build/robot_bringup/robot_bringup.egg-info/PKG-INFO
[1.567s] writing dependency_links to ../../../build/robot_bringup/robot_bringup.egg-info/dependency_links.txt
[1.567s] writing requirements to ../../../build/robot_bringup/robot_bringup.egg-info/requires.txt
[1.567s] writing top-level names to ../../../build/robot_bringup/robot_bringup.egg-info/top_level.txt
[1.567s] writing manifest file '../../../build/robot_bringup/robot_bringup.egg-info/SOURCES.txt'
[1.594s] reading manifest file '../../../build/robot_bringup/robot_bringup.egg-info/SOURCES.txt'
[1.594s] writing manifest file '../../../build/robot_bringup/robot_bringup.egg-info/SOURCES.txt'
[1.594s] running build
[1.594s] running build_py
[1.594s] creating /home/robotics/Robotica2026-2/proyecto/Ros/build/robot_bringup/build
[1.594s] creating /home/robotics/Robotica2026-2/proyecto/Ros/build/robot_bringup/build/lib
[1.595s] creating /home/robotics/Robotica2026-2/proyecto/Ros/build/robot_bringup/build/lib/robot_bringup
[1.595s] copying robot_bringup/__init__.py -> /home/robotics/Robotica2026-2/proyecto/Ros/build/robot_bringup/build/lib/robot_bringup
[1.595s] running install
[1.598s] running install_lib
[1.612s] creating /home/robotics/Robotica2026-2/proyecto/Ros/install/robot_bringup/lib/python3.12/site-packages/robot_bringup
[1.612s] copying /home/robotics/Robotica2026-2/proyecto/Ros/build/robot_bringup/build/lib/robot_bringup/__init__.py -> /home/robotics/Robotica2026-2/proyecto/Ros/install/robot_bringup/lib/python3.12/site-packages/robot_bringup
[1.612s] byte-compiling /home/robotics/Robotica2026-2/proyecto/Ros/install/robot_bringup/lib/python3.12/site-packages/robot_bringup/__init__.py to __init__.cpython-312.pyc
[1.612s] running install_data
[1.613s] creating /home/robotics/Robotica2026-2/proyecto/Ros/install/robot_bringup/share/ament_index
[1.613s] creating /home/robotics/Robotica2026-2/proyecto/Ros/install/robot_bringup/share/ament_index/resource_index
[1.613s] creating /home/robotics/Robotica2026-2/proyecto/Ros/install/robot_bringup/share/ament_index/resource_index/packages
[1.613s] copying resource/robot_bringup -> /home/robotics/Robotica2026-2/proyecto/Ros/install/robot_bringup/share/ament_index/resource_index/packages
[1.613s] copying package.xml -> /home/robotics/Robotica2026-2/proyecto/Ros/install/robot_bringup/share/robot_bringup
[1.613s] creating /home/robotics/Robotica2026-2/proyecto/Ros/install/robot_bringup/share/robot_bringup/launch
[1.613s] copying launch/trajectory_bringup.launch.py -> /home/robotics/Robotica2026-2/proyecto/Ros/install/robot_bringup/share/robot_bringup/launch
[1.613s] copying launch/rviz_bringup.launch.py -> /home/robotics/Robotica2026-2/proyecto/Ros/install/robot_bringup/share/robot_bringup/launch
[1.613s] running install_egg_info
[1.627s] Copying ../../../build/robot_bringup/robot_bringup.egg-info to /home/robotics/Robotica2026-2/proyecto/Ros/install/robot_bringup/lib/python3.12/site-packages/robot_bringup-0.0.0-py3.12.egg-info
[1.628s] running install_scripts
[1.714s] writing list of installed files to '/home/robotics/Robotica2026-2/proyecto/Ros/build/robot_bringup/install.log'
[1.752s] Invoked command in '/home/robotics/Robotica2026-2/proyecto/Ros/proyecto_ws/src/robot_bringup' returned '0': DEBUGINFOD_URLS=https://debuginfod.ubuntu.com PYTHONPATH=/home/robotics/Robotica2026-2/proyecto/Ros/build/robot_bringup/prefix_override:/usr/lib/python3/dist-packages/colcon_core/task/python/colcon_distutils_commands:/home/robotics/Robotica2026-2/proyecto/Ros/install/robot_bringup/lib/python3.12/site-packages:${PYTHONPATH} /usr/bin/python3 -W ignore:setup.py install is deprecated -W ignore:easy_install command is deprecated setup.py egg_info --egg-base ../../../build/robot_bringup build --build-base /home/robotics/Robotica2026-2/proyecto/Ros/build/robot_bringup/build install --record /home/robotics/Robotica2026-2/proyecto/Ros/build/robot_bringup/install.log --single-version-externally-managed install_data
