[0.967s] Invoking command in '/home/robotics/Robotica2026-2/proyecto/Ros/proyecto_ws/src/robot_bringup': DEBUGINFOD_URLS=https://debuginfod.ubuntu.com PYTHONPATH=/home/robotics/Robotica2026-2/build/robot_bringup/prefix_override:/usr/lib/python3/dist-packages/colcon_core/task/python/colcon_distutils_commands:/home/robotics/Robotica2026-2/install/robot_bringup/lib/python3.12/site-packages:${PYTHONPATH} /usr/bin/python3 -W ignore:setup.py install is deprecated -W ignore:easy_install command is deprecated setup.py egg_info --egg-base ../../../../../build/robot_bringup build --build-base /home/robotics/Robotica2026-2/build/robot_bringup/build install --record /home/robotics/Robotica2026-2/build/robot_bringup/install.log --single-version-externally-managed install_data
[1.166s] running egg_info
[1.166s] creating ../../../../../build/robot_bringup/robot_bringup.egg-info
[1.180s] writing ../../../../../build/robot_bringup/robot_bringup.egg-info/PKG-INFO
[1.180s] writing dependency_links to ../../../../../build/robot_bringup/robot_bringup.egg-info/dependency_links.txt
[1.180s] writing requirements to ../../../../../build/robot_bringup/robot_bringup.egg-info/requires.txt
[1.180s] writing top-level names to ../../../../../build/robot_bringup/robot_bringup.egg-info/top_level.txt
[1.180s] writing manifest file '../../../../../build/robot_bringup/robot_bringup.egg-info/SOURCES.txt'
[1.207s] reading manifest file '../../../../../build/robot_bringup/robot_bringup.egg-info/SOURCES.txt'
[1.208s] writing manifest file '../../../../../build/robot_bringup/robot_bringup.egg-info/SOURCES.txt'
[1.208s] running build
[1.208s] running build_py
[1.208s] creating /home/robotics/Robotica2026-2/build/robot_bringup/build
[1.208s] creating /home/robotics/Robotica2026-2/build/robot_bringup/build/lib
[1.208s] creating /home/robotics/Robotica2026-2/build/robot_bringup/build/lib/robot_bringup
[1.208s] copying robot_bringup/__init__.py -> /home/robotics/Robotica2026-2/build/robot_bringup/build/lib/robot_bringup
[1.208s] running install
[1.212s] running install_lib
[1.226s] creating /home/robotics/Robotica2026-2/install/robot_bringup/lib/python3.12/site-packages/robot_bringup
[1.226s] copying /home/robotics/Robotica2026-2/build/robot_bringup/build/lib/robot_bringup/__init__.py -> /home/robotics/Robotica2026-2/install/robot_bringup/lib/python3.12/site-packages/robot_bringup
[1.226s] byte-compiling /home/robotics/Robotica2026-2/install/robot_bringup/lib/python3.12/site-packages/robot_bringup/__init__.py to __init__.cpython-312.pyc
[1.226s] running install_data
[1.226s] creating /home/robotics/Robotica2026-2/install/robot_bringup/share/ament_index
[1.226s] creating /home/robotics/Robotica2026-2/install/robot_bringup/share/ament_index/resource_index
[1.227s] creating /home/robotics/Robotica2026-2/install/robot_bringup/share/ament_index/resource_index/packages
[1.227s] copying resource/robot_bringup -> /home/robotics/Robotica2026-2/install/robot_bringup/share/ament_index/resource_index/packages
[1.227s] copying package.xml -> /home/robotics/Robotica2026-2/install/robot_bringup/share/robot_bringup
[1.227s] creating /home/robotics/Robotica2026-2/install/robot_bringup/share/robot_bringup/launch
[1.227s] copying launch/trajectory_bringup.launch.py -> /home/robotics/Robotica2026-2/install/robot_bringup/share/robot_bringup/launch
[1.227s] copying launch/rviz_bringup.launch.py -> /home/robotics/Robotica2026-2/install/robot_bringup/share/robot_bringup/launch
[1.227s] running install_egg_info
[1.241s] Copying ../../../../../build/robot_bringup/robot_bringup.egg-info to /home/robotics/Robotica2026-2/install/robot_bringup/lib/python3.12/site-packages/robot_bringup-0.0.0-py3.12.egg-info
[1.241s] running install_scripts
[1.334s] writing list of installed files to '/home/robotics/Robotica2026-2/build/robot_bringup/install.log'
[1.358s] Invoked command in '/home/robotics/Robotica2026-2/proyecto/Ros/proyecto_ws/src/robot_bringup' returned '0': DEBUGINFOD_URLS=https://debuginfod.ubuntu.com PYTHONPATH=/home/robotics/Robotica2026-2/build/robot_bringup/prefix_override:/usr/lib/python3/dist-packages/colcon_core/task/python/colcon_distutils_commands:/home/robotics/Robotica2026-2/install/robot_bringup/lib/python3.12/site-packages:${PYTHONPATH} /usr/bin/python3 -W ignore:setup.py install is deprecated -W ignore:easy_install command is deprecated setup.py egg_info --egg-base ../../../../../build/robot_bringup build --build-base /home/robotics/Robotica2026-2/build/robot_bringup/build install --record /home/robotics/Robotica2026-2/build/robot_bringup/install.log --single-version-externally-managed install_data
