[1.021s] Invoking command in '/home/robotics/Robotica2026-2/proyecto/Ros/proyecto_ws/src/robot_description': DEBUGINFOD_URLS=https://debuginfod.ubuntu.com PYTHONPATH=/home/robotics/Robotica2026-2/proyecto/Ros/proyecto_ws/src/build/robot_description/prefix_override:/usr/lib/python3/dist-packages/colcon_core/task/python/colcon_distutils_commands:/home/robotics/Robotica2026-2/proyecto/Ros/proyecto_ws/src/install/robot_description/lib/python3.12/site-packages:${PYTHONPATH} /usr/bin/python3 -W ignore:setup.py install is deprecated -W ignore:easy_install command is deprecated setup.py egg_info --egg-base ../build/robot_description build --build-base /home/robotics/Robotica2026-2/proyecto/Ros/proyecto_ws/src/build/robot_description/build install --record /home/robotics/Robotica2026-2/proyecto/Ros/proyecto_ws/src/build/robot_description/install.log --single-version-externally-managed install_data
[1.214s] running egg_info
[1.229s] writing ../build/robot_description/robot_description.egg-info/PKG-INFO
[1.230s] writing dependency_links to ../build/robot_description/robot_description.egg-info/dependency_links.txt
[1.230s] writing requirements to ../build/robot_description/robot_description.egg-info/requires.txt
[1.230s] writing top-level names to ../build/robot_description/robot_description.egg-info/top_level.txt
[1.260s] reading manifest file '../build/robot_description/robot_description.egg-info/SOURCES.txt'
[1.260s] writing manifest file '../build/robot_description/robot_description.egg-info/SOURCES.txt'
[1.260s] running build
[1.261s] running build_py
[1.261s] running install
[1.265s] running install_lib
[1.280s] running install_data
[1.280s] copying urdf/robotRRR.urdf -> /home/robotics/Robotica2026-2/proyecto/Ros/proyecto_ws/src/install/robot_description/share/robot_description/urdf
[1.280s] running install_egg_info
[1.297s] removing '/home/robotics/Robotica2026-2/proyecto/Ros/proyecto_ws/src/install/robot_description/lib/python3.12/site-packages/robot_description-0.0.0-py3.12.egg-info' (and everything under it)
[1.297s] Copying ../build/robot_description/robot_description.egg-info to /home/robotics/Robotica2026-2/proyecto/Ros/proyecto_ws/src/install/robot_description/lib/python3.12/site-packages/robot_description-0.0.0-py3.12.egg-info
[1.297s] running install_scripts
[1.393s] writing list of installed files to '/home/robotics/Robotica2026-2/proyecto/Ros/proyecto_ws/src/build/robot_description/install.log'
[1.425s] Invoked command in '/home/robotics/Robotica2026-2/proyecto/Ros/proyecto_ws/src/robot_description' returned '0': DEBUGINFOD_URLS=https://debuginfod.ubuntu.com PYTHONPATH=/home/robotics/Robotica2026-2/proyecto/Ros/proyecto_ws/src/build/robot_description/prefix_override:/usr/lib/python3/dist-packages/colcon_core/task/python/colcon_distutils_commands:/home/robotics/Robotica2026-2/proyecto/Ros/proyecto_ws/src/install/robot_description/lib/python3.12/site-packages:${PYTHONPATH} /usr/bin/python3 -W ignore:setup.py install is deprecated -W ignore:easy_install command is deprecated setup.py egg_info --egg-base ../build/robot_description build --build-base /home/robotics/Robotica2026-2/proyecto/Ros/proyecto_ws/src/build/robot_description/build install --record /home/robotics/Robotica2026-2/proyecto/Ros/proyecto_ws/src/build/robot_description/install.log --single-version-externally-managed install_data
