[0.984s] Invoking command in '/home/robotics/Robotica2026-2/proyecto/Ros/proyecto_ws/src/robot_kinematics': DEBUGINFOD_URLS=https://debuginfod.ubuntu.com PYTHONPATH=/home/robotics/Robotica2026-2/proyecto/Ros/proyecto_ws/build/robot_kinematics/prefix_override:/usr/lib/python3/dist-packages/colcon_core/task/python/colcon_distutils_commands:/home/robotics/Robotica2026-2/proyecto/Ros/proyecto_ws/install/robot_kinematics/lib/python3.12/site-packages:${PYTHONPATH} /usr/bin/python3 -W ignore:setup.py install is deprecated -W ignore:easy_install command is deprecated setup.py egg_info --egg-base ../../build/robot_kinematics build --build-base /home/robotics/Robotica2026-2/proyecto/Ros/proyecto_ws/build/robot_kinematics/build install --record /home/robotics/Robotica2026-2/proyecto/Ros/proyecto_ws/build/robot_kinematics/install.log --single-version-externally-managed install_data
[1.193s] running egg_info
[1.207s] writing ../../build/robot_kinematics/robot_kinematics.egg-info/PKG-INFO
[1.207s] writing dependency_links to ../../build/robot_kinematics/robot_kinematics.egg-info/dependency_links.txt
[1.207s] writing entry points to ../../build/robot_kinematics/robot_kinematics.egg-info/entry_points.txt
[1.208s] writing requirements to ../../build/robot_kinematics/robot_kinematics.egg-info/requires.txt
[1.208s] writing top-level names to ../../build/robot_kinematics/robot_kinematics.egg-info/top_level.txt
[1.235s] reading manifest file '../../build/robot_kinematics/robot_kinematics.egg-info/SOURCES.txt'
[1.236s] writing manifest file '../../build/robot_kinematics/robot_kinematics.egg-info/SOURCES.txt'
[1.236s] running build
[1.236s] running build_py
[1.236s] copying robot_kinematics/robot_trajectory_publisher.py -> /home/robotics/Robotica2026-2/proyecto/Ros/proyecto_ws/build/robot_kinematics/build/lib/robot_kinematics
[1.236s] copying robot_kinematics/kinematics.py -> /home/robotics/Robotica2026-2/proyecto/Ros/proyecto_ws/build/robot_kinematics/build/lib/robot_kinematics
[1.236s] running install
[1.240s] running install_lib
[1.254s] copying /home/robotics/Robotica2026-2/proyecto/Ros/proyecto_ws/build/robot_kinematics/build/lib/robot_kinematics/robot_trajectory_publisher.py -> /home/robotics/Robotica2026-2/proyecto/Ros/proyecto_ws/install/robot_kinematics/lib/python3.12/site-packages/robot_kinematics
[1.254s] copying /home/robotics/Robotica2026-2/proyecto/Ros/proyecto_ws/build/robot_kinematics/build/lib/robot_kinematics/kinematics.py -> /home/robotics/Robotica2026-2/proyecto/Ros/proyecto_ws/install/robot_kinematics/lib/python3.12/site-packages/robot_kinematics
[1.255s] byte-compiling /home/robotics/Robotica2026-2/proyecto/Ros/proyecto_ws/install/robot_kinematics/lib/python3.12/site-packages/robot_kinematics/robot_trajectory_publisher.py to robot_trajectory_publisher.cpython-312.pyc
[1.255s] byte-compiling /home/robotics/Robotica2026-2/proyecto/Ros/proyecto_ws/install/robot_kinematics/lib/python3.12/site-packages/robot_kinematics/kinematics.py to kinematics.cpython-312.pyc
[1.257s] running install_data
[1.257s] running install_egg_info
[1.272s] removing '/home/robotics/Robotica2026-2/proyecto/Ros/proyecto_ws/install/robot_kinematics/lib/python3.12/site-packages/robot_kinematics-0.0.0-py3.12.egg-info' (and everything under it)
[1.272s] Copying ../../build/robot_kinematics/robot_kinematics.egg-info to /home/robotics/Robotica2026-2/proyecto/Ros/proyecto_ws/install/robot_kinematics/lib/python3.12/site-packages/robot_kinematics-0.0.0-py3.12.egg-info
[1.272s] running install_scripts
[1.364s] Installing trajectory_publisher script to /home/robotics/Robotica2026-2/proyecto/Ros/proyecto_ws/install/robot_kinematics/lib/robot_kinematics
[1.364s] writing list of installed files to '/home/robotics/Robotica2026-2/proyecto/Ros/proyecto_ws/build/robot_kinematics/install.log'
[1.386s] Invoked command in '/home/robotics/Robotica2026-2/proyecto/Ros/proyecto_ws/src/robot_kinematics' returned '0': DEBUGINFOD_URLS=https://debuginfod.ubuntu.com PYTHONPATH=/home/robotics/Robotica2026-2/proyecto/Ros/proyecto_ws/build/robot_kinematics/prefix_override:/usr/lib/python3/dist-packages/colcon_core/task/python/colcon_distutils_commands:/home/robotics/Robotica2026-2/proyecto/Ros/proyecto_ws/install/robot_kinematics/lib/python3.12/site-packages:${PYTHONPATH} /usr/bin/python3 -W ignore:setup.py install is deprecated -W ignore:easy_install command is deprecated setup.py egg_info --egg-base ../../build/robot_kinematics build --build-base /home/robotics/Robotica2026-2/proyecto/Ros/proyecto_ws/build/robot_kinematics/build install --record /home/robotics/Robotica2026-2/proyecto/Ros/proyecto_ws/build/robot_kinematics/install.log --single-version-externally-managed install_data
