[0.993s] Invoking command in '/home/robotics/Downloads/CursoRobotica-Edu/proyecto/src/robot_description': DEBUGINFOD_URLS=https://debuginfod.ubuntu.com PYTHONPATH=/home/robotics/Downloads/CursoRobotica-Edu/proyecto/build/robot_description/prefix_override:/usr/lib/python3/dist-packages/colcon_core/task/python/colcon_distutils_commands:/home/robotics/Downloads/CursoRobotica-Edu/proyecto/install/robot_description/lib/python3.12/site-packages:${PYTHONPATH} /usr/bin/python3 -W ignore:setup.py install is deprecated -W ignore:easy_install command is deprecated setup.py egg_info --egg-base ../../build/robot_description build --build-base /home/robotics/Downloads/CursoRobotica-Edu/proyecto/build/robot_description/build install --record /home/robotics/Downloads/CursoRobotica-Edu/proyecto/build/robot_description/install.log --single-version-externally-managed install_data
[1.206s] running egg_info
[1.221s] writing ../../build/robot_description/robot_description.egg-info/PKG-INFO
[1.221s] writing dependency_links to ../../build/robot_description/robot_description.egg-info/dependency_links.txt
[1.222s] writing requirements to ../../build/robot_description/robot_description.egg-info/requires.txt
[1.222s] writing top-level names to ../../build/robot_description/robot_description.egg-info/top_level.txt
[1.253s] reading manifest file '../../build/robot_description/robot_description.egg-info/SOURCES.txt'
[1.254s] writing manifest file '../../build/robot_description/robot_description.egg-info/SOURCES.txt'
[1.254s] running build
[1.254s] running build_py
[1.254s] running install
[1.259s] running install_lib
[1.282s] byte-compiling /home/robotics/Downloads/CursoRobotica-Edu/proyecto/install/robot_description/lib/python3.12/site-packages/robot_description/__init__.py to __init__.cpython-312.pyc
[1.282s] running install_data
[1.282s] creating /home/robotics/Downloads/CursoRobotica-Edu/proyecto/install/robot_description/share/robot_description/rviz
[1.283s] copying rviz/rviz.conf.rviz -> /home/robotics/Downloads/CursoRobotica-Edu/proyecto/install/robot_description/share/robot_description/rviz
[1.283s] creating /home/robotics/Downloads/CursoRobotica-Edu/proyecto/install/robot_description/share/robot_description/urdf
[1.283s] copying urdf/robotRRR.urdf -> /home/robotics/Downloads/CursoRobotica-Edu/proyecto/install/robot_description/share/robot_description/urdf
[1.283s] creating /home/robotics/Downloads/CursoRobotica-Edu/proyecto/install/robot_description/share/robot_description/meshes
[1.283s] copying meshes/link.stl -> /home/robotics/Downloads/CursoRobotica-Edu/proyecto/install/robot_description/share/robot_description/meshes
[1.283s] running install_egg_info
[1.298s] removing '/home/robotics/Downloads/CursoRobotica-Edu/proyecto/install/robot_description/lib/python3.12/site-packages/robot_description-0.0.0-py3.12.egg-info' (and everything under it)
[1.299s] Copying ../../build/robot_description/robot_description.egg-info to /home/robotics/Downloads/CursoRobotica-Edu/proyecto/install/robot_description/lib/python3.12/site-packages/robot_description-0.0.0-py3.12.egg-info
[1.299s] running install_scripts
[1.399s] writing list of installed files to '/home/robotics/Downloads/CursoRobotica-Edu/proyecto/build/robot_description/install.log'
[1.424s] Invoked command in '/home/robotics/Downloads/CursoRobotica-Edu/proyecto/src/robot_description' returned '0': DEBUGINFOD_URLS=https://debuginfod.ubuntu.com PYTHONPATH=/home/robotics/Downloads/CursoRobotica-Edu/proyecto/build/robot_description/prefix_override:/usr/lib/python3/dist-packages/colcon_core/task/python/colcon_distutils_commands:/home/robotics/Downloads/CursoRobotica-Edu/proyecto/install/robot_description/lib/python3.12/site-packages:${PYTHONPATH} /usr/bin/python3 -W ignore:setup.py install is deprecated -W ignore:easy_install command is deprecated setup.py egg_info --egg-base ../../build/robot_description build --build-base /home/robotics/Downloads/CursoRobotica-Edu/proyecto/build/robot_description/build install --record /home/robotics/Downloads/CursoRobotica-Edu/proyecto/build/robot_description/install.log --single-version-externally-managed install_data
