[0.985s] Invoking command in '/home/robotics/Robotica2026-2/proyecto/Ros/proyecto_ws/src/robot_kinematics': DEBUGINFOD_URLS=https://debuginfod.ubuntu.com PYTHONPATH=/home/robotics/Robotica2026-2/proyecto/Ros/proyecto_ws/build/robot_kinematics/prefix_override:/usr/lib/python3/dist-packages/colcon_core/task/python/colcon_distutils_commands:/home/robotics/Robotica2026-2/proyecto/Ros/proyecto_ws/install/robot_kinematics/lib/python3.12/site-packages:${PYTHONPATH} /usr/bin/python3 -W ignore:setup.py install is deprecated -W ignore:easy_install command is deprecated setup.py egg_info --egg-base ../../build/robot_kinematics build --build-base /home/robotics/Robotica2026-2/proyecto/Ros/proyecto_ws/build/robot_kinematics/build install --record /home/robotics/Robotica2026-2/proyecto/Ros/proyecto_ws/build/robot_kinematics/install.log --single-version-externally-managed install_data
[1.174s] running egg_info
[1.188s] writing ../../build/robot_kinematics/robot_kinematics.egg-info/PKG-INFO
[1.188s] writing dependency_links to ../../build/robot_kinematics/robot_kinematics.egg-info/dependency_links.txt
[1.188s] writing entry points to ../../build/robot_kinematics/robot_kinematics.egg-info/entry_points.txt
[1.188s] writing requirements to ../../build/robot_kinematics/robot_kinematics.egg-info/requires.txt
[1.188s] writing top-level names to ../../build/robot_kinematics/robot_kinematics.egg-info/top_level.txt
[1.216s] reading manifest file '../../build/robot_kinematics/robot_kinematics.egg-info/SOURCES.txt'
[1.217s] writing manifest file '../../build/robot_kinematics/robot_kinematics.egg-info/SOURCES.txt'
[1.217s] running build
[1.217s] running build_py
[1.217s] copying robot_kinematics/robot_trajectory_publisher.py -> /home/robotics/Robotica2026-2/proyecto/Ros/proyecto_ws/build/robot_kinematics/build/lib/robot_kinematics
[1.217s] copying robot_kinematics/kinematics.py -> /home/robotics/Robotica2026-2/proyecto/Ros/proyecto_ws/build/robot_kinematics/build/lib/robot_kinematics
[1.218s] running install
[1.222s] running install_lib
[1.235s] copying /home/robotics/Robotica2026-2/proyecto/Ros/proyecto_ws/build/robot_kinematics/build/lib/robot_kinematics/robot_trajectory_publisher.py -> /home/robotics/Robotica2026-2/proyecto/Ros/proyecto_ws/install/robot_kinematics/lib/python3.12/site-packages/robot_kinematics
[1.235s] copying /home/robotics/Robotica2026-2/proyecto/Ros/proyecto_ws/build/robot_kinematics/build/lib/robot_kinematics/kinematics.py -> /home/robotics/Robotica2026-2/proyecto/Ros/proyecto_ws/install/robot_kinematics/lib/python3.12/site-packages/robot_kinematics
[1.236s] byte-compiling /home/robotics/Robotica2026-2/proyecto/Ros/proyecto_ws/install/robot_kinematics/lib/python3.12/site-packages/robot_kinematics/robot_trajectory_publisher.py to robot_trajectory_publisher.cpython-312.pyc
[1.237s] byte-compiling /home/robotics/Robotica2026-2/proyecto/Ros/proyecto_ws/install/robot_kinematics/lib/python3.12/site-packages/robot_kinematics/kinematics.py to kinematics.cpython-312.pyc
[1.238s] running install_data
[1.238s] running install_egg_info
[1.254s] removing '/home/robotics/Robotica2026-2/proyecto/Ros/proyecto_ws/install/robot_kinematics/lib/python3.12/site-packages/robot_kinematics-0.0.0-py3.12.egg-info' (and everything under it)
[1.254s] Copying ../../build/robot_kinematics/robot_kinematics.egg-info to /home/robotics/Robotica2026-2/proyecto/Ros/proyecto_ws/install/robot_kinematics/lib/python3.12/site-packages/robot_kinematics-0.0.0-py3.12.egg-info
[1.254s] running install_scripts
[1.346s] Installing trajectory_publisher script to /home/robotics/Robotica2026-2/proyecto/Ros/proyecto_ws/install/robot_kinematics/lib/robot_kinematics
[1.346s] writing list of installed files to '/home/robotics/Robotica2026-2/proyecto/Ros/proyecto_ws/build/robot_kinematics/install.log'
[1.372s] Invoked command in '/home/robotics/Robotica2026-2/proyecto/Ros/proyecto_ws/src/robot_kinematics' returned '0': DEBUGINFOD_URLS=https://debuginfod.ubuntu.com PYTHONPATH=/home/robotics/Robotica2026-2/proyecto/Ros/proyecto_ws/build/robot_kinematics/prefix_override:/usr/lib/python3/dist-packages/colcon_core/task/python/colcon_distutils_commands:/home/robotics/Robotica2026-2/proyecto/Ros/proyecto_ws/install/robot_kinematics/lib/python3.12/site-packages:${PYTHONPATH} /usr/bin/python3 -W ignore:setup.py install is deprecated -W ignore:easy_install command is deprecated setup.py egg_info --egg-base ../../build/robot_kinematics build --build-base /home/robotics/Robotica2026-2/proyecto/Ros/proyecto_ws/build/robot_kinematics/build install --record /home/robotics/Robotica2026-2/proyecto/Ros/proyecto_ws/build/robot_kinematics/install.log --single-version-externally-managed install_data
