[0.971s] DEBUG:colcon:Command line arguments: ['/usr/bin/colcon', 'build']
[0.971s] DEBUG:colcon:Parsed command line arguments: Namespace(log_base=None, log_level=None, verb_name='build', build_base='build', install_base='install', merge_install=False, symlink_install=False, test_result_base=None, continue_on_error=False, executor='parallel', parallel_workers=16, event_handlers=None, ignore_user_meta=False, metas=['./colcon.meta'], base_paths=['.'], packages_ignore=None, packages_ignore_regex=None, paths=None, packages_up_to=None, packages_up_to_regex=None, packages_above=None, packages_above_and_dependencies=None, packages_above_depth=None, packages_select_by_dep=None, packages_skip_by_dep=None, packages_skip_up_to=None, packages_select_build_failed=False, packages_skip_build_finished=False, packages_select_test_failures=False, packages_skip_test_passed=False, packages_select=None, packages_skip=None, packages_select_regex=None, packages_skip_regex=None, packages_start=None, packages_end=None, allow_overriding=[], cmake_args=None, cmake_target=None, cmake_target_skip_unavailable=False, cmake_clean_cache=False, cmake_clean_first=False, cmake_force_configure=False, ament_cmake_args=None, catkin_cmake_args=None, catkin_skip_building_tests=False, mixin_files=None, mixin=None, verb_parser=<colcon_mixin.mixin.mixin_argument.MixinArgumentDecorator object at 0x77988617c2c0>, verb_extension=<colcon_core.verb.build.BuildVerb object at 0x7798862d4b90>, main=<bound method BuildVerb.main of <colcon_core.verb.build.BuildVerb object at 0x7798862d4b90>>, mixin_verb=('build',))
[1.361s] Level 1:colcon.colcon_core.package_discovery:discover_packages(colcon_meta) check parameters
[1.361s] Level 1:colcon.colcon_core.package_discovery:discover_packages(recursive) check parameters
[1.361s] Level 1:colcon.colcon_core.package_discovery:discover_packages(ignore) check parameters
[1.361s] Level 1:colcon.colcon_core.package_discovery:discover_packages(path) check parameters
[1.361s] Level 1:colcon.colcon_core.package_discovery:discover_packages(colcon_meta) discover
[1.361s] Level 1:colcon.colcon_core.package_discovery:discover_packages(recursive) discover
[1.362s] INFO:colcon.colcon_core.package_discovery:Crawling recursively for packages in '/home/robotics/Robotica2026-2/proyecto/Ros/proyecto_ws'
[1.362s] Level 1:colcon.colcon_core.package_identification:_identify(.) by extensions ['ignore', 'ignore_ament_install']
[1.362s] Level 1:colcon.colcon_core.package_identification:_identify(.) by extension 'ignore'
[1.362s] Level 1:colcon.colcon_core.package_identification:_identify(.) by extension 'ignore_ament_install'
[1.363s] Level 1:colcon.colcon_core.package_identification:_identify(.) by extensions ['colcon_pkg']
[1.363s] Level 1:colcon.colcon_core.package_identification:_identify(.) by extension 'colcon_pkg'
[1.363s] Level 1:colcon.colcon_core.package_identification:_identify(.) by extensions ['colcon_meta']
[1.363s] Level 1:colcon.colcon_core.package_identification:_identify(.) by extension 'colcon_meta'
[1.363s] Level 1:colcon.colcon_core.package_identification:_identify(.) by extensions ['ros']
[1.363s] Level 1:colcon.colcon_core.package_identification:_identify(.) by extension 'ros'
[1.441s] Level 1:colcon.colcon_core.package_identification:_identify(.) by extensions ['cmake', 'python']
[1.441s] Level 1:colcon.colcon_core.package_identification:_identify(.) by extension 'cmake'
[1.441s] Level 1:colcon.colcon_core.package_identification:_identify(.) by extension 'python'
[1.441s] Level 1:colcon.colcon_core.package_identification:_identify(.) by extensions ['python_setup_py']
[1.441s] Level 1:colcon.colcon_core.package_identification:_identify(.) by extension 'python_setup_py'
[1.441s] Level 1:colcon.colcon_core.package_identification:_identify(build) by extensions ['ignore', 'ignore_ament_install']
[1.441s] Level 1:colcon.colcon_core.package_identification:_identify(build) by extension 'ignore'
[1.441s] Level 1:colcon.colcon_core.package_identification:_identify(build) ignored
[1.442s] Level 1:colcon.colcon_core.package_identification:_identify(install) by extensions ['ignore', 'ignore_ament_install']
[1.442s] Level 1:colcon.colcon_core.package_identification:_identify(install) by extension 'ignore'
[1.442s] Level 1:colcon.colcon_core.package_identification:_identify(install) ignored
[1.442s] Level 1:colcon.colcon_core.package_identification:_identify(log) by extensions ['ignore', 'ignore_ament_install']
[1.442s] Level 1:colcon.colcon_core.package_identification:_identify(log) by extension 'ignore'
[1.442s] Level 1:colcon.colcon_core.package_identification:_identify(log) ignored
[1.442s] Level 1:colcon.colcon_core.package_identification:_identify(src) by extensions ['ignore', 'ignore_ament_install']
[1.442s] Level 1:colcon.colcon_core.package_identification:_identify(src) by extension 'ignore'
[1.442s] Level 1:colcon.colcon_core.package_identification:_identify(src) by extension 'ignore_ament_install'
[1.442s] Level 1:colcon.colcon_core.package_identification:_identify(src) by extensions ['colcon_pkg']
[1.442s] Level 1:colcon.colcon_core.package_identification:_identify(src) by extension 'colcon_pkg'
[1.442s] Level 1:colcon.colcon_core.package_identification:_identify(src) by extensions ['colcon_meta']
[1.442s] Level 1:colcon.colcon_core.package_identification:_identify(src) by extension 'colcon_meta'
[1.442s] Level 1:colcon.colcon_core.package_identification:_identify(src) by extensions ['ros']
[1.442s] Level 1:colcon.colcon_core.package_identification:_identify(src) by extension 'ros'
[1.442s] Level 1:colcon.colcon_core.package_identification:_identify(src) by extensions ['cmake', 'python']
[1.442s] Level 1:colcon.colcon_core.package_identification:_identify(src) by extension 'cmake'
[1.442s] Level 1:colcon.colcon_core.package_identification:_identify(src) by extension 'python'
[1.442s] Level 1:colcon.colcon_core.package_identification:_identify(src) by extensions ['python_setup_py']
[1.442s] Level 1:colcon.colcon_core.package_identification:_identify(src) by extension 'python_setup_py'
[1.442s] Level 1:colcon.colcon_core.package_identification:_identify(src/build) by extensions ['ignore', 'ignore_ament_install']
[1.442s] Level 1:colcon.colcon_core.package_identification:_identify(src/build) by extension 'ignore'
[1.442s] Level 1:colcon.colcon_core.package_identification:_identify(src/build) ignored
[1.442s] Level 1:colcon.colcon_core.package_identification:_identify(src/install) by extensions ['ignore', 'ignore_ament_install']
[1.442s] Level 1:colcon.colcon_core.package_identification:_identify(src/install) by extension 'ignore'
[1.442s] Level 1:colcon.colcon_core.package_identification:_identify(src/install) ignored
[1.442s] Level 1:colcon.colcon_core.package_identification:_identify(src/log) by extensions ['ignore', 'ignore_ament_install']
[1.442s] Level 1:colcon.colcon_core.package_identification:_identify(src/log) by extension 'ignore'
[1.442s] Level 1:colcon.colcon_core.package_identification:_identify(src/log) ignored
[1.442s] Level 1:colcon.colcon_core.package_identification:_identify(src/robot_bringup) by extensions ['ignore', 'ignore_ament_install']
[1.442s] Level 1:colcon.colcon_core.package_identification:_identify(src/robot_bringup) by extension 'ignore'
[1.442s] Level 1:colcon.colcon_core.package_identification:_identify(src/robot_bringup) by extension 'ignore_ament_install'
[1.442s] Level 1:colcon.colcon_core.package_identification:_identify(src/robot_bringup) by extensions ['colcon_pkg']
[1.443s] Level 1:colcon.colcon_core.package_identification:_identify(src/robot_bringup) by extension 'colcon_pkg'
[1.443s] Level 1:colcon.colcon_core.package_identification:_identify(src/robot_bringup) by extensions ['colcon_meta']
[1.443s] Level 1:colcon.colcon_core.package_identification:_identify(src/robot_bringup) by extension 'colcon_meta'
[1.443s] Level 1:colcon.colcon_core.package_identification:_identify(src/robot_bringup) by extensions ['ros']
[1.443s] Level 1:colcon.colcon_core.package_identification:_identify(src/robot_bringup) by extension 'ros'
[1.457s] DEBUG:colcon.colcon_core.package_identification:Package 'src/robot_bringup' with type 'ros.ament_python' and name 'robot_bringup'
[1.458s] Level 1:colcon.colcon_core.package_identification:_identify(src/robot_description) by extensions ['ignore', 'ignore_ament_install']
[1.458s] Level 1:colcon.colcon_core.package_identification:_identify(src/robot_description) by extension 'ignore'
[1.458s] Level 1:colcon.colcon_core.package_identification:_identify(src/robot_description) by extension 'ignore_ament_install'
[1.458s] Level 1:colcon.colcon_core.package_identification:_identify(src/robot_description) by extensions ['colcon_pkg']
[1.458s] Level 1:colcon.colcon_core.package_identification:_identify(src/robot_description) by extension 'colcon_pkg'
[1.458s] Level 1:colcon.colcon_core.package_identification:_identify(src/robot_description) by extensions ['colcon_meta']
[1.458s] Level 1:colcon.colcon_core.package_identification:_identify(src/robot_description) by extension 'colcon_meta'
[1.458s] Level 1:colcon.colcon_core.package_identification:_identify(src/robot_description) by extensions ['ros']
[1.458s] Level 1:colcon.colcon_core.package_identification:_identify(src/robot_description) by extension 'ros'
[1.461s] DEBUG:colcon.colcon_core.package_identification:Package 'src/robot_description' with type 'ros.ament_python' and name 'robot_description'
[1.461s] Level 1:colcon.colcon_core.package_identification:_identify(src/robot_hardware) by extensions ['ignore', 'ignore_ament_install']
[1.461s] Level 1:colcon.colcon_core.package_identification:_identify(src/robot_hardware) by extension 'ignore'
[1.461s] Level 1:colcon.colcon_core.package_identification:_identify(src/robot_hardware) by extension 'ignore_ament_install'
[1.461s] Level 1:colcon.colcon_core.package_identification:_identify(src/robot_hardware) by extensions ['colcon_pkg']
[1.461s] Level 1:colcon.colcon_core.package_identification:_identify(src/robot_hardware) by extension 'colcon_pkg'
[1.461s] Level 1:colcon.colcon_core.package_identification:_identify(src/robot_hardware) by extensions ['colcon_meta']
[1.461s] Level 1:colcon.colcon_core.package_identification:_identify(src/robot_hardware) by extension 'colcon_meta'
[1.461s] Level 1:colcon.colcon_core.package_identification:_identify(src/robot_hardware) by extensions ['ros']
[1.461s] Level 1:colcon.colcon_core.package_identification:_identify(src/robot_hardware) by extension 'ros'
[1.464s] DEBUG:colcon.colcon_core.package_identification:Package 'src/robot_hardware' with type 'ros.ament_python' and name 'robot_hardware'
[1.464s] Level 1:colcon.colcon_core.package_identification:_identify(src/robot_kinematics) by extensions ['ignore', 'ignore_ament_install']
[1.464s] Level 1:colcon.colcon_core.package_identification:_identify(src/robot_kinematics) by extension 'ignore'
[1.464s] Level 1:colcon.colcon_core.package_identification:_identify(src/robot_kinematics) by extension 'ignore_ament_install'
[1.464s] Level 1:colcon.colcon_core.package_identification:_identify(src/robot_kinematics) by extensions ['colcon_pkg']
[1.465s] Level 1:colcon.colcon_core.package_identification:_identify(src/robot_kinematics) by extension 'colcon_pkg'
[1.465s] Level 1:colcon.colcon_core.package_identification:_identify(src/robot_kinematics) by extensions ['colcon_meta']
[1.465s] Level 1:colcon.colcon_core.package_identification:_identify(src/robot_kinematics) by extension 'colcon_meta'
[1.465s] Level 1:colcon.colcon_core.package_identification:_identify(src/robot_kinematics) by extensions ['ros']
[1.465s] Level 1:colcon.colcon_core.package_identification:_identify(src/robot_kinematics) by extension 'ros'
[1.467s] DEBUG:colcon.colcon_core.package_identification:Package 'src/robot_kinematics' with type 'ros.ament_python' and name 'robot_kinematics'
[1.468s] Level 1:colcon.colcon_core.package_discovery:discover_packages(recursive) using defaults
[1.468s] Level 1:colcon.colcon_core.package_discovery:discover_packages(ignore) discover
[1.468s] Level 1:colcon.colcon_core.package_discovery:discover_packages(ignore) using defaults
[1.468s] Level 1:colcon.colcon_core.package_discovery:discover_packages(path) discover
[1.468s] Level 1:colcon.colcon_core.package_discovery:discover_packages(path) using defaults
[1.560s] Level 1:colcon.colcon_core.package_discovery:discover_packages(prefix_path) check parameters
[1.560s] Level 1:colcon.colcon_core.package_discovery:discover_packages(prefix_path) discover
[1.585s] DEBUG:colcon.colcon_installed_package_information.package_discovery:Found 291 installed packages in /opt/ros/jazzy
[1.587s] Level 1:colcon.colcon_core.package_discovery:discover_packages(prefix_path) using defaults
[1.620s] Level 5:colcon.colcon_core.verb:set package 'robot_bringup' build argument 'cmake_args' from command line to 'None'
[1.620s] Level 5:colcon.colcon_core.verb:set package 'robot_bringup' build argument 'cmake_target' from command line to 'None'
[1.620s] Level 5:colcon.colcon_core.verb:set package 'robot_bringup' build argument 'cmake_target_skip_unavailable' from command line to 'False'
[1.620s] Level 5:colcon.colcon_core.verb:set package 'robot_bringup' build argument 'cmake_clean_cache' from command line to 'False'
[1.620s] Level 5:colcon.colcon_core.verb:set package 'robot_bringup' build argument 'cmake_clean_first' from command line to 'False'
[1.620s] Level 5:colcon.colcon_core.verb:set package 'robot_bringup' build argument 'cmake_force_configure' from command line to 'False'
[1.620s] Level 5:colcon.colcon_core.verb:set package 'robot_bringup' build argument 'ament_cmake_args' from command line to 'None'
[1.620s] Level 5:colcon.colcon_core.verb:set package 'robot_bringup' build argument 'catkin_cmake_args' from command line to 'None'
[1.620s] Level 5:colcon.colcon_core.verb:set package 'robot_bringup' build argument 'catkin_skip_building_tests' from command line to 'False'
[1.620s] DEBUG:colcon.colcon_core.verb:Building package 'robot_bringup' with the following arguments: {'ament_cmake_args': None, 'build_base': '/home/robotics/Robotica2026-2/proyecto/Ros/proyecto_ws/build/robot_bringup', 'catkin_cmake_args': None, 'catkin_skip_building_tests': False, 'cmake_args': None, 'cmake_clean_cache': False, 'cmake_clean_first': False, 'cmake_force_configure': False, 'cmake_target': None, 'cmake_target_skip_unavailable': False, 'install_base': '/home/robotics/Robotica2026-2/proyecto/Ros/proyecto_ws/install/robot_bringup', 'merge_install': False, 'path': '/home/robotics/Robotica2026-2/proyecto/Ros/proyecto_ws/src/robot_bringup', 'symlink_install': False, 'test_result_base': None}
[1.620s] Level 5:colcon.colcon_core.verb:set package 'robot_description' build argument 'cmake_args' from command line to 'None'
[1.620s] Level 5:colcon.colcon_core.verb:set package 'robot_description' build argument 'cmake_target' from command line to 'None'
[1.620s] Level 5:colcon.colcon_core.verb:set package 'robot_description' build argument 'cmake_target_skip_unavailable' from command line to 'False'
[1.620s] Level 5:colcon.colcon_core.verb:set package 'robot_description' build argument 'cmake_clean_cache' from command line to 'False'
[1.620s] Level 5:colcon.colcon_core.verb:set package 'robot_description' build argument 'cmake_clean_first' from command line to 'False'
[1.620s] Level 5:colcon.colcon_core.verb:set package 'robot_description' build argument 'cmake_force_configure' from command line to 'False'
[1.620s] Level 5:colcon.colcon_core.verb:set package 'robot_description' build argument 'ament_cmake_args' from command line to 'None'
[1.620s] Level 5:colcon.colcon_core.verb:set package 'robot_description' build argument 'catkin_cmake_args' from command line to 'None'
[1.620s] Level 5:colcon.colcon_core.verb:set package 'robot_description' build argument 'catkin_skip_building_tests' from command line to 'False'
[1.620s] DEBUG:colcon.colcon_core.verb:Building package 'robot_description' with the following arguments: {'ament_cmake_args': None, 'build_base': '/home/robotics/Robotica2026-2/proyecto/Ros/proyecto_ws/build/robot_description', 'catkin_cmake_args': None, 'catkin_skip_building_tests': False, 'cmake_args': None, 'cmake_clean_cache': False, 'cmake_clean_first': False, 'cmake_force_configure': False, 'cmake_target': None, 'cmake_target_skip_unavailable': False, 'install_base': '/home/robotics/Robotica2026-2/proyecto/Ros/proyecto_ws/install/robot_description', 'merge_install': False, 'path': '/home/robotics/Robotica2026-2/proyecto/Ros/proyecto_ws/src/robot_description', 'symlink_install': False, 'test_result_base': None}
[1.620s] Level 5:colcon.colcon_core.verb:set package 'robot_hardware' build argument 'cmake_args' from command line to 'None'
[1.620s] Level 5:colcon.colcon_core.verb:set package 'robot_hardware' build argument 'cmake_target' from command line to 'None'
[1.620s] Level 5:colcon.colcon_core.verb:set package 'robot_hardware' build argument 'cmake_target_skip_unavailable' from command line to 'False'
[1.620s] Level 5:colcon.colcon_core.verb:set package 'robot_hardware' build argument 'cmake_clean_cache' from command line to 'False'
[1.620s] Level 5:colcon.colcon_core.verb:set package 'robot_hardware' build argument 'cmake_clean_first' from command line to 'False'
[1.620s] Level 5:colcon.colcon_core.verb:set package 'robot_hardware' build argument 'cmake_force_configure' from command line to 'False'
[1.620s] Level 5:colcon.colcon_core.verb:set package 'robot_hardware' build argument 'ament_cmake_args' from command line to 'None'
[1.620s] Level 5:colcon.colcon_core.verb:set package 'robot_hardware' build argument 'catkin_cmake_args' from command line to 'None'
[1.620s] Level 5:colcon.colcon_core.verb:set package 'robot_hardware' build argument 'catkin_skip_building_tests' from command line to 'False'
[1.620s] DEBUG:colcon.colcon_core.verb:Building package 'robot_hardware' with the following arguments: {'ament_cmake_args': None, 'build_base': '/home/robotics/Robotica2026-2/proyecto/Ros/proyecto_ws/build/robot_hardware', 'catkin_cmake_args': None, 'catkin_skip_building_tests': False, 'cmake_args': None, 'cmake_clean_cache': False, 'cmake_clean_first': False, 'cmake_force_configure': False, 'cmake_target': None, 'cmake_target_skip_unavailable': False, 'install_base': '/home/robotics/Robotica2026-2/proyecto/Ros/proyecto_ws/install/robot_hardware', 'merge_install': False, 'path': '/home/robotics/Robotica2026-2/proyecto/Ros/proyecto_ws/src/robot_hardware', 'symlink_install': False, 'test_result_base': None}
[1.621s] Level 5:colcon.colcon_core.verb:set package 'robot_kinematics' build argument 'cmake_args' from command line to 'None'
[1.621s] Level 5:colcon.colcon_core.verb:set package 'robot_kinematics' build argument 'cmake_target' from command line to 'None'
[1.621s] Level 5:colcon.colcon_core.verb:set package 'robot_kinematics' build argument 'cmake_target_skip_unavailable' from command line to 'False'
[1.621s] Level 5:colcon.colcon_core.verb:set package 'robot_kinematics' build argument 'cmake_clean_cache' from command line to 'False'
[1.621s] Level 5:colcon.colcon_core.verb:set package 'robot_kinematics' build argument 'cmake_clean_first' from command line to 'False'
[1.621s] Level 5:colcon.colcon_core.verb:set package 'robot_kinematics' build argument 'cmake_force_configure' from command line to 'False'
[1.621s] Level 5:colcon.colcon_core.verb:set package 'robot_kinematics' build argument 'ament_cmake_args' from command line to 'None'
[1.621s] Level 5:colcon.colcon_core.verb:set package 'robot_kinematics' build argument 'catkin_cmake_args' from command line to 'None'
[1.621s] Level 5:colcon.colcon_core.verb:set package 'robot_kinematics' build argument 'catkin_skip_building_tests' from command line to 'False'
[1.621s] DEBUG:colcon.colcon_core.verb:Building package 'robot_kinematics' with the following arguments: {'ament_cmake_args': None, 'build_base': '/home/robotics/Robotica2026-2/proyecto/Ros/proyecto_ws/build/robot_kinematics', 'catkin_cmake_args': None, 'catkin_skip_building_tests': False, 'cmake_args': None, 'cmake_clean_cache': False, 'cmake_clean_first': False, 'cmake_force_configure': False, 'cmake_target': None, 'cmake_target_skip_unavailable': False, 'install_base': '/home/robotics/Robotica2026-2/proyecto/Ros/proyecto_ws/install/robot_kinematics', 'merge_install': False, 'path': '/home/robotics/Robotica2026-2/proyecto/Ros/proyecto_ws/src/robot_kinematics', 'symlink_install': False, 'test_result_base': None}
[1.621s] INFO:colcon.colcon_core.executor:Executing jobs using 'parallel' executor
[1.621s] DEBUG:colcon.colcon_parallel_executor.executor.parallel:run_until_complete
[1.622s] INFO:colcon.colcon_ros.task.ament_python.build:Building ROS package in '/home/robotics/Robotica2026-2/proyecto/Ros/proyecto_ws/src/robot_bringup' with build type 'ament_python'
[1.622s] Level 1:colcon.colcon_core.shell:create_environment_hook('robot_bringup', 'ament_prefix_path')
[1.646s] INFO:colcon.colcon_core.plugin_system:Skipping extension 'colcon_core.shell.bat': Not used on non-Windows systems
[1.646s] INFO:colcon.colcon_core.shell:Creating environment hook '/home/robotics/Robotica2026-2/proyecto/Ros/proyecto_ws/install/robot_bringup/share/robot_bringup/hook/ament_prefix_path.ps1'
[1.654s] INFO:colcon.colcon_core.shell:Creating environment descriptor '/home/robotics/Robotica2026-2/proyecto/Ros/proyecto_ws/install/robot_bringup/share/robot_bringup/hook/ament_prefix_path.dsv'
[1.660s] INFO:colcon.colcon_core.shell:Creating environment hook '/home/robotics/Robotica2026-2/proyecto/Ros/proyecto_ws/install/robot_bringup/share/robot_bringup/hook/ament_prefix_path.sh'
[1.667s] INFO:colcon.colcon_core.shell:Skip shell extension 'powershell' for command environment: Not usable outside of PowerShell
[1.667s] DEBUG:colcon.colcon_core.shell:Skip shell extension 'dsv' for command environment
[1.677s] INFO:colcon.colcon_ros.task.ament_python.build:Building ROS package in '/home/robotics/Robotica2026-2/proyecto/Ros/proyecto_ws/src/robot_description' with build type 'ament_python'
[1.678s] Level 1:colcon.colcon_core.shell:create_environment_hook('robot_description', 'ament_prefix_path')
[1.678s] INFO:colcon.colcon_core.shell:Creating environment hook '/home/robotics/Robotica2026-2/proyecto/Ros/proyecto_ws/install/robot_description/share/robot_description/hook/ament_prefix_path.ps1'
[1.682s] INFO:colcon.colcon_core.shell:Creating environment descriptor '/home/robotics/Robotica2026-2/proyecto/Ros/proyecto_ws/install/robot_description/share/robot_description/hook/ament_prefix_path.dsv'
[1.688s] INFO:colcon.colcon_core.shell:Creating environment hook '/home/robotics/Robotica2026-2/proyecto/Ros/proyecto_ws/install/robot_description/share/robot_description/hook/ament_prefix_path.sh'
[1.694s] INFO:colcon.colcon_core.shell:Skip shell extension 'powershell' for command environment: Not usable outside of PowerShell
[1.694s] DEBUG:colcon.colcon_core.shell:Skip shell extension 'dsv' for command environment
[1.700s] INFO:colcon.colcon_ros.task.ament_python.build:Building ROS package in '/home/robotics/Robotica2026-2/proyecto/Ros/proyecto_ws/src/robot_hardware' with build type 'ament_python'
[1.700s] Level 1:colcon.colcon_core.shell:create_environment_hook('robot_hardware', 'ament_prefix_path')
[1.700s] INFO:colcon.colcon_core.shell:Creating environment hook '/home/robotics/Robotica2026-2/proyecto/Ros/proyecto_ws/install/robot_hardware/share/robot_hardware/hook/ament_prefix_path.ps1'
[1.705s] INFO:colcon.colcon_core.shell:Creating environment descriptor '/home/robotics/Robotica2026-2/proyecto/Ros/proyecto_ws/install/robot_hardware/share/robot_hardware/hook/ament_prefix_path.dsv'
[1.711s] INFO:colcon.colcon_core.shell:Creating environment hook '/home/robotics/Robotica2026-2/proyecto/Ros/proyecto_ws/install/robot_hardware/share/robot_hardware/hook/ament_prefix_path.sh'
[1.717s] INFO:colcon.colcon_core.shell:Skip shell extension 'powershell' for command environment: Not usable outside of PowerShell
[1.717s] DEBUG:colcon.colcon_core.shell:Skip shell extension 'dsv' for command environment
[1.724s] INFO:colcon.colcon_ros.task.ament_python.build:Building ROS package in '/home/robotics/Robotica2026-2/proyecto/Ros/proyecto_ws/src/robot_kinematics' with build type 'ament_python'
[1.724s] Level 1:colcon.colcon_core.shell:create_environment_hook('robot_kinematics', 'ament_prefix_path')
[1.724s] INFO:colcon.colcon_core.shell:Creating environment hook '/home/robotics/Robotica2026-2/proyecto/Ros/proyecto_ws/install/robot_kinematics/share/robot_kinematics/hook/ament_prefix_path.ps1'
[1.729s] INFO:colcon.colcon_core.shell:Creating environment descriptor '/home/robotics/Robotica2026-2/proyecto/Ros/proyecto_ws/install/robot_kinematics/share/robot_kinematics/hook/ament_prefix_path.dsv'
[1.734s] INFO:colcon.colcon_core.shell:Creating environment hook '/home/robotics/Robotica2026-2/proyecto/Ros/proyecto_ws/install/robot_kinematics/share/robot_kinematics/hook/ament_prefix_path.sh'
[1.740s] INFO:colcon.colcon_core.shell:Skip shell extension 'powershell' for command environment: Not usable outside of PowerShell
[1.740s] DEBUG:colcon.colcon_core.shell:Skip shell extension 'dsv' for command environment
[1.903s] INFO:colcon.colcon_core.task.python.build:Building Python package in '/home/robotics/Robotica2026-2/proyecto/Ros/proyecto_ws/src/robot_bringup'
[1.903s] INFO:colcon.colcon_core.shell:Skip shell extension 'powershell' for command environment: Not usable outside of PowerShell
[1.903s] DEBUG:colcon.colcon_core.shell:Skip shell extension 'dsv' for command environment
[2.048s] INFO:colcon.colcon_core.task.python.build:Building Python package in '/home/robotics/Robotica2026-2/proyecto/Ros/proyecto_ws/src/robot_description'
[2.049s] INFO:colcon.colcon_core.shell:Skip shell extension 'powershell' for command environment: Not usable outside of PowerShell
[2.049s] DEBUG:colcon.colcon_core.shell:Skip shell extension 'dsv' for command environment
[2.190s] INFO:colcon.colcon_core.task.python.build:Building Python package in '/home/robotics/Robotica2026-2/proyecto/Ros/proyecto_ws/src/robot_hardware'
[2.191s] INFO:colcon.colcon_core.shell:Skip shell extension 'powershell' for command environment: Not usable outside of PowerShell
[2.191s] DEBUG:colcon.colcon_core.shell:Skip shell extension 'dsv' for command environment
[2.330s] INFO:colcon.colcon_core.task.python.build:Building Python package in '/home/robotics/Robotica2026-2/proyecto/Ros/proyecto_ws/src/robot_kinematics'
[2.330s] INFO:colcon.colcon_core.shell:Skip shell extension 'powershell' for command environment: Not usable outside of PowerShell
[2.330s] DEBUG:colcon.colcon_core.shell:Skip shell extension 'dsv' for command environment
[3.084s] DEBUG:colcon.colcon_core.event_handler.log_command:Invoking command in '/home/robotics/Robotica2026-2/proyecto/Ros/proyecto_ws/src/robot_description': DEBUGINFOD_URLS=https://debuginfod.ubuntu.com PYTHONPATH=/home/robotics/Robotica2026-2/proyecto/Ros/proyecto_ws/build/robot_description/prefix_override:/usr/lib/python3/dist-packages/colcon_core/task/python/colcon_distutils_commands:/home/robotics/Robotica2026-2/proyecto/Ros/proyecto_ws/install/robot_description/lib/python3.12/site-packages:${PYTHONPATH} /usr/bin/python3 -W ignore:setup.py install is deprecated -W ignore:easy_install command is deprecated setup.py egg_info --egg-base ../../build/robot_description build --build-base /home/robotics/Robotica2026-2/proyecto/Ros/proyecto_ws/build/robot_description/build install --record /home/robotics/Robotica2026-2/proyecto/Ros/proyecto_ws/build/robot_description/install.log --single-version-externally-managed install_data
[3.088s] DEBUG:colcon.colcon_core.event_handler.log_command:Invoking command in '/home/robotics/Robotica2026-2/proyecto/Ros/proyecto_ws/src/robot_bringup': DEBUGINFOD_URLS=https://debuginfod.ubuntu.com PYTHONPATH=/home/robotics/Robotica2026-2/proyecto/Ros/proyecto_ws/build/robot_bringup/prefix_override:/usr/lib/python3/dist-packages/colcon_core/task/python/colcon_distutils_commands:/home/robotics/Robotica2026-2/proyecto/Ros/proyecto_ws/install/robot_bringup/lib/python3.12/site-packages:${PYTHONPATH} /usr/bin/python3 -W ignore:setup.py install is deprecated -W ignore:easy_install command is deprecated setup.py egg_info --egg-base ../../build/robot_bringup build --build-base /home/robotics/Robotica2026-2/proyecto/Ros/proyecto_ws/build/robot_bringup/build install --record /home/robotics/Robotica2026-2/proyecto/Ros/proyecto_ws/build/robot_bringup/install.log --single-version-externally-managed install_data
[3.090s] DEBUG:colcon.colcon_core.event_handler.log_command:Invoking command in '/home/robotics/Robotica2026-2/proyecto/Ros/proyecto_ws/src/robot_kinematics': DEBUGINFOD_URLS=https://debuginfod.ubuntu.com PYTHONPATH=/home/robotics/Robotica2026-2/proyecto/Ros/proyecto_ws/build/robot_kinematics/prefix_override:/usr/lib/python3/dist-packages/colcon_core/task/python/colcon_distutils_commands:/home/robotics/Robotica2026-2/proyecto/Ros/proyecto_ws/install/robot_kinematics/lib/python3.12/site-packages:${PYTHONPATH} /usr/bin/python3 -W ignore:setup.py install is deprecated -W ignore:easy_install command is deprecated setup.py egg_info --egg-base ../../build/robot_kinematics build --build-base /home/robotics/Robotica2026-2/proyecto/Ros/proyecto_ws/build/robot_kinematics/build install --record /home/robotics/Robotica2026-2/proyecto/Ros/proyecto_ws/build/robot_kinematics/install.log --single-version-externally-managed install_data
[3.091s] DEBUG:colcon.colcon_core.event_handler.log_command:Invoking command in '/home/robotics/Robotica2026-2/proyecto/Ros/proyecto_ws/src/robot_hardware': DEBUGINFOD_URLS=https://debuginfod.ubuntu.com PYTHONPATH=/home/robotics/Robotica2026-2/proyecto/Ros/proyecto_ws/build/robot_hardware/prefix_override:/usr/lib/python3/dist-packages/colcon_core/task/python/colcon_distutils_commands:/home/robotics/Robotica2026-2/proyecto/Ros/proyecto_ws/install/robot_hardware/lib/python3.12/site-packages:${PYTHONPATH} /usr/bin/python3 -W ignore:setup.py install is deprecated -W ignore:easy_install command is deprecated setup.py egg_info --egg-base ../../build/robot_hardware build --build-base /home/robotics/Robotica2026-2/proyecto/Ros/proyecto_ws/build/robot_hardware/build install --record /home/robotics/Robotica2026-2/proyecto/Ros/proyecto_ws/build/robot_hardware/install.log --single-version-externally-managed install_data
[3.473s] DEBUG:colcon.colcon_core.event_handler.log_command:Invoked command in '/home/robotics/Robotica2026-2/proyecto/Ros/proyecto_ws/src/robot_bringup' returned '0': DEBUGINFOD_URLS=https://debuginfod.ubuntu.com PYTHONPATH=/home/robotics/Robotica2026-2/proyecto/Ros/proyecto_ws/build/robot_bringup/prefix_override:/usr/lib/python3/dist-packages/colcon_core/task/python/colcon_distutils_commands:/home/robotics/Robotica2026-2/proyecto/Ros/proyecto_ws/install/robot_bringup/lib/python3.12/site-packages:${PYTHONPATH} /usr/bin/python3 -W ignore:setup.py install is deprecated -W ignore:easy_install command is deprecated setup.py egg_info --egg-base ../../build/robot_bringup build --build-base /home/robotics/Robotica2026-2/proyecto/Ros/proyecto_ws/build/robot_bringup/build install --record /home/robotics/Robotica2026-2/proyecto/Ros/proyecto_ws/build/robot_bringup/install.log --single-version-externally-managed install_data
[3.478s] Level 1:colcon.colcon_core.environment:checking '/home/robotics/Robotica2026-2/proyecto/Ros/proyecto_ws/install/robot_bringup' for CMake module files
[3.479s] Level 1:colcon.colcon_core.environment:checking '/home/robotics/Robotica2026-2/proyecto/Ros/proyecto_ws/install/robot_bringup' for CMake config files
[3.480s] Level 1:colcon.colcon_core.environment:checking '/home/robotics/Robotica2026-2/proyecto/Ros/proyecto_ws/install/robot_bringup/lib'
[3.480s] Level 1:colcon.colcon_core.environment:checking '/home/robotics/Robotica2026-2/proyecto/Ros/proyecto_ws/install/robot_bringup/bin'
[3.480s] Level 1:colcon.colcon_core.environment:checking '/home/robotics/Robotica2026-2/proyecto/Ros/proyecto_ws/install/robot_bringup/lib/pkgconfig/robot_bringup.pc'
[3.480s] Level 1:colcon.colcon_core.environment:checking '/home/robotics/Robotica2026-2/proyecto/Ros/proyecto_ws/install/robot_bringup/lib/python3.12/site-packages'
[3.480s] Level 1:colcon.colcon_core.shell:create_environment_hook('robot_bringup', 'pythonpath')
[3.480s] INFO:colcon.colcon_core.shell:Creating environment hook '/home/robotics/Robotica2026-2/proyecto/Ros/proyecto_ws/install/robot_bringup/share/robot_bringup/hook/pythonpath.ps1'
[3.481s] INFO:colcon.colcon_core.shell:Creating environment descriptor '/home/robotics/Robotica2026-2/proyecto/Ros/proyecto_ws/install/robot_bringup/share/robot_bringup/hook/pythonpath.dsv'
[3.481s] INFO:colcon.colcon_core.shell:Creating environment hook '/home/robotics/Robotica2026-2/proyecto/Ros/proyecto_ws/install/robot_bringup/share/robot_bringup/hook/pythonpath.sh'
[3.481s] Level 1:colcon.colcon_core.environment:checking '/home/robotics/Robotica2026-2/proyecto/Ros/proyecto_ws/install/robot_bringup/bin'
[3.481s] Level 1:colcon.colcon_core.environment:create_environment_scripts_only(robot_bringup)
[3.482s] INFO:colcon.colcon_core.shell:Creating package script '/home/robotics/Robotica2026-2/proyecto/Ros/proyecto_ws/install/robot_bringup/share/robot_bringup/package.ps1'
[3.483s] INFO:colcon.colcon_core.shell:Creating package descriptor '/home/robotics/Robotica2026-2/proyecto/Ros/proyecto_ws/install/robot_bringup/share/robot_bringup/package.dsv'
[3.484s] INFO:colcon.colcon_core.shell:Creating package script '/home/robotics/Robotica2026-2/proyecto/Ros/proyecto_ws/install/robot_bringup/share/robot_bringup/package.sh'
[3.485s] INFO:colcon.colcon_core.shell:Creating package script '/home/robotics/Robotica2026-2/proyecto/Ros/proyecto_ws/install/robot_bringup/share/robot_bringup/package.bash'
[3.486s] INFO:colcon.colcon_core.shell:Creating package script '/home/robotics/Robotica2026-2/proyecto/Ros/proyecto_ws/install/robot_bringup/share/robot_bringup/package.zsh'
[3.487s] Level 1:colcon.colcon_core.environment:create_file_with_runtime_dependencies(/home/robotics/Robotica2026-2/proyecto/Ros/proyecto_ws/install/robot_bringup/share/colcon-core/packages/robot_bringup)
[3.488s] Level 1:colcon.colcon_core.environment:checking '/home/robotics/Robotica2026-2/proyecto/Ros/proyecto_ws/install/robot_kinematics' for CMake module files
[3.488s] Level 1:colcon.colcon_core.environment:checking '/home/robotics/Robotica2026-2/proyecto/Ros/proyecto_ws/install/robot_kinematics' for CMake config files
[3.489s] DEBUG:colcon.colcon_core.event_handler.log_command:Invoked command in '/home/robotics/Robotica2026-2/proyecto/Ros/proyecto_ws/src/robot_kinematics' returned '0': DEBUGINFOD_URLS=https://debuginfod.ubuntu.com PYTHONPATH=/home/robotics/Robotica2026-2/proyecto/Ros/proyecto_ws/build/robot_kinematics/prefix_override:/usr/lib/python3/dist-packages/colcon_core/task/python/colcon_distutils_commands:/home/robotics/Robotica2026-2/proyecto/Ros/proyecto_ws/install/robot_kinematics/lib/python3.12/site-packages:${PYTHONPATH} /usr/bin/python3 -W ignore:setup.py install is deprecated -W ignore:easy_install command is deprecated setup.py egg_info --egg-base ../../build/robot_kinematics build --build-base /home/robotics/Robotica2026-2/proyecto/Ros/proyecto_ws/build/robot_kinematics/build install --record /home/robotics/Robotica2026-2/proyecto/Ros/proyecto_ws/build/robot_kinematics/install.log --single-version-externally-managed install_data
[3.489s] Level 1:colcon.colcon_core.environment:checking '/home/robotics/Robotica2026-2/proyecto/Ros/proyecto_ws/install/robot_kinematics/lib'
[3.489s] Level 1:colcon.colcon_core.environment:checking '/home/robotics/Robotica2026-2/proyecto/Ros/proyecto_ws/install/robot_kinematics/bin'
[3.489s] Level 1:colcon.colcon_core.environment:checking '/home/robotics/Robotica2026-2/proyecto/Ros/proyecto_ws/install/robot_kinematics/lib/pkgconfig/robot_kinematics.pc'
[3.489s] Level 1:colcon.colcon_core.environment:checking '/home/robotics/Robotica2026-2/proyecto/Ros/proyecto_ws/install/robot_kinematics/lib/python3.12/site-packages'
[3.489s] Level 1:colcon.colcon_core.shell:create_environment_hook('robot_kinematics', 'pythonpath')
[3.489s] INFO:colcon.colcon_core.shell:Creating environment hook '/home/robotics/Robotica2026-2/proyecto/Ros/proyecto_ws/install/robot_kinematics/share/robot_kinematics/hook/pythonpath.ps1'
[3.489s] INFO:colcon.colcon_core.shell:Creating environment descriptor '/home/robotics/Robotica2026-2/proyecto/Ros/proyecto_ws/install/robot_kinematics/share/robot_kinematics/hook/pythonpath.dsv'
[3.490s] INFO:colcon.colcon_core.shell:Creating environment hook '/home/robotics/Robotica2026-2/proyecto/Ros/proyecto_ws/install/robot_kinematics/share/robot_kinematics/hook/pythonpath.sh'
[3.490s] Level 1:colcon.colcon_core.environment:checking '/home/robotics/Robotica2026-2/proyecto/Ros/proyecto_ws/install/robot_kinematics/bin'
[3.490s] Level 1:colcon.colcon_core.environment:create_environment_scripts_only(robot_kinematics)
[3.490s] INFO:colcon.colcon_core.shell:Creating package script '/home/robotics/Robotica2026-2/proyecto/Ros/proyecto_ws/install/robot_kinematics/share/robot_kinematics/package.ps1'
[3.490s] INFO:colcon.colcon_core.shell:Creating package descriptor '/home/robotics/Robotica2026-2/proyecto/Ros/proyecto_ws/install/robot_kinematics/share/robot_kinematics/package.dsv'
[3.491s] INFO:colcon.colcon_core.shell:Creating package script '/home/robotics/Robotica2026-2/proyecto/Ros/proyecto_ws/install/robot_kinematics/share/robot_kinematics/package.sh'
[3.491s] INFO:colcon.colcon_core.shell:Creating package script '/home/robotics/Robotica2026-2/proyecto/Ros/proyecto_ws/install/robot_kinematics/share/robot_kinematics/package.bash'
[3.491s] INFO:colcon.colcon_core.shell:Creating package script '/home/robotics/Robotica2026-2/proyecto/Ros/proyecto_ws/install/robot_kinematics/share/robot_kinematics/package.zsh'
[3.491s] Level 1:colcon.colcon_core.environment:create_file_with_runtime_dependencies(/home/robotics/Robotica2026-2/proyecto/Ros/proyecto_ws/install/robot_kinematics/share/colcon-core/packages/robot_kinematics)
[3.492s] Level 1:colcon.colcon_core.environment:checking '/home/robotics/Robotica2026-2/proyecto/Ros/proyecto_ws/install/robot_description' for CMake module files
[3.492s] Level 1:colcon.colcon_core.environment:checking '/home/robotics/Robotica2026-2/proyecto/Ros/proyecto_ws/install/robot_description' for CMake config files
[3.493s] DEBUG:colcon.colcon_core.event_handler.log_command:Invoked command in '/home/robotics/Robotica2026-2/proyecto/Ros/proyecto_ws/src/robot_description' returned '0': DEBUGINFOD_URLS=https://debuginfod.ubuntu.com PYTHONPATH=/home/robotics/Robotica2026-2/proyecto/Ros/proyecto_ws/build/robot_description/prefix_override:/usr/lib/python3/dist-packages/colcon_core/task/python/colcon_distutils_commands:/home/robotics/Robotica2026-2/proyecto/Ros/proyecto_ws/install/robot_description/lib/python3.12/site-packages:${PYTHONPATH} /usr/bin/python3 -W ignore:setup.py install is deprecated -W ignore:easy_install command is deprecated setup.py egg_info --egg-base ../../build/robot_description build --build-base /home/robotics/Robotica2026-2/proyecto/Ros/proyecto_ws/build/robot_description/build install --record /home/robotics/Robotica2026-2/proyecto/Ros/proyecto_ws/build/robot_description/install.log --single-version-externally-managed install_data
[3.493s] Level 1:colcon.colcon_core.environment:checking '/home/robotics/Robotica2026-2/proyecto/Ros/proyecto_ws/install/robot_description/lib'
[3.493s] Level 1:colcon.colcon_core.environment:checking '/home/robotics/Robotica2026-2/proyecto/Ros/proyecto_ws/install/robot_description/bin'
[3.493s] Level 1:colcon.colcon_core.environment:checking '/home/robotics/Robotica2026-2/proyecto/Ros/proyecto_ws/install/robot_description/lib/pkgconfig/robot_description.pc'
[3.493s] Level 1:colcon.colcon_core.environment:checking '/home/robotics/Robotica2026-2/proyecto/Ros/proyecto_ws/install/robot_description/lib/python3.12/site-packages'
[3.493s] Level 1:colcon.colcon_core.shell:create_environment_hook('robot_description', 'pythonpath')
[3.493s] INFO:colcon.colcon_core.shell:Creating environment hook '/home/robotics/Robotica2026-2/proyecto/Ros/proyecto_ws/install/robot_description/share/robot_description/hook/pythonpath.ps1'
[3.494s] INFO:colcon.colcon_core.shell:Creating environment descriptor '/home/robotics/Robotica2026-2/proyecto/Ros/proyecto_ws/install/robot_description/share/robot_description/hook/pythonpath.dsv'
[3.494s] INFO:colcon.colcon_core.shell:Creating environment hook '/home/robotics/Robotica2026-2/proyecto/Ros/proyecto_ws/install/robot_description/share/robot_description/hook/pythonpath.sh'
[3.494s] Level 1:colcon.colcon_core.environment:checking '/home/robotics/Robotica2026-2/proyecto/Ros/proyecto_ws/install/robot_description/bin'
[3.494s] Level 1:colcon.colcon_core.environment:create_environment_scripts_only(robot_description)
[3.494s] INFO:colcon.colcon_core.shell:Creating package script '/home/robotics/Robotica2026-2/proyecto/Ros/proyecto_ws/install/robot_description/share/robot_description/package.ps1'
[3.495s] INFO:colcon.colcon_core.shell:Creating package descriptor '/home/robotics/Robotica2026-2/proyecto/Ros/proyecto_ws/install/robot_description/share/robot_description/package.dsv'
[3.495s] INFO:colcon.colcon_core.shell:Creating package script '/home/robotics/Robotica2026-2/proyecto/Ros/proyecto_ws/install/robot_description/share/robot_description/package.sh'
[3.495s] INFO:colcon.colcon_core.shell:Creating package script '/home/robotics/Robotica2026-2/proyecto/Ros/proyecto_ws/install/robot_description/share/robot_description/package.bash'
[3.495s] INFO:colcon.colcon_core.shell:Creating package script '/home/robotics/Robotica2026-2/proyecto/Ros/proyecto_ws/install/robot_description/share/robot_description/package.zsh'
[3.496s] Level 1:colcon.colcon_core.environment:create_file_with_runtime_dependencies(/home/robotics/Robotica2026-2/proyecto/Ros/proyecto_ws/install/robot_description/share/colcon-core/packages/robot_description)
[3.496s] Level 1:colcon.colcon_core.environment:checking '/home/robotics/Robotica2026-2/proyecto/Ros/proyecto_ws/install/robot_hardware' for CMake module files
[3.496s] Level 1:colcon.colcon_core.environment:checking '/home/robotics/Robotica2026-2/proyecto/Ros/proyecto_ws/install/robot_hardware' for CMake config files
[3.497s] DEBUG:colcon.colcon_core.event_handler.log_command:Invoked command in '/home/robotics/Robotica2026-2/proyecto/Ros/proyecto_ws/src/robot_hardware' returned '0': DEBUGINFOD_URLS=https://debuginfod.ubuntu.com PYTHONPATH=/home/robotics/Robotica2026-2/proyecto/Ros/proyecto_ws/build/robot_hardware/prefix_override:/usr/lib/python3/dist-packages/colcon_core/task/python/colcon_distutils_commands:/home/robotics/Robotica2026-2/proyecto/Ros/proyecto_ws/install/robot_hardware/lib/python3.12/site-packages:${PYTHONPATH} /usr/bin/python3 -W ignore:setup.py install is deprecated -W ignore:easy_install command is deprecated setup.py egg_info --egg-base ../../build/robot_hardware build --build-base /home/robotics/Robotica2026-2/proyecto/Ros/proyecto_ws/build/robot_hardware/build install --record /home/robotics/Robotica2026-2/proyecto/Ros/proyecto_ws/build/robot_hardware/install.log --single-version-externally-managed install_data
[3.497s] Level 1:colcon.colcon_core.environment:checking '/home/robotics/Robotica2026-2/proyecto/Ros/proyecto_ws/install/robot_hardware/lib'
[3.497s] Level 1:colcon.colcon_core.environment:checking '/home/robotics/Robotica2026-2/proyecto/Ros/proyecto_ws/install/robot_hardware/bin'
[3.497s] Level 1:colcon.colcon_core.environment:checking '/home/robotics/Robotica2026-2/proyecto/Ros/proyecto_ws/install/robot_hardware/lib/pkgconfig/robot_hardware.pc'
[3.497s] Level 1:colcon.colcon_core.environment:checking '/home/robotics/Robotica2026-2/proyecto/Ros/proyecto_ws/install/robot_hardware/lib/python3.12/site-packages'
[3.497s] Level 1:colcon.colcon_core.shell:create_environment_hook('robot_hardware', 'pythonpath')
[3.497s] INFO:colcon.colcon_core.shell:Creating environment hook '/home/robotics/Robotica2026-2/proyecto/Ros/proyecto_ws/install/robot_hardware/share/robot_hardware/hook/pythonpath.ps1'
[3.498s] INFO:colcon.colcon_core.shell:Creating environment descriptor '/home/robotics/Robotica2026-2/proyecto/Ros/proyecto_ws/install/robot_hardware/share/robot_hardware/hook/pythonpath.dsv'
[3.498s] INFO:colcon.colcon_core.shell:Creating environment hook '/home/robotics/Robotica2026-2/proyecto/Ros/proyecto_ws/install/robot_hardware/share/robot_hardware/hook/pythonpath.sh'
[3.498s] Level 1:colcon.colcon_core.environment:checking '/home/robotics/Robotica2026-2/proyecto/Ros/proyecto_ws/install/robot_hardware/bin'
[3.498s] Level 1:colcon.colcon_core.environment:create_environment_scripts_only(robot_hardware)
[3.498s] INFO:colcon.colcon_core.shell:Creating package script '/home/robotics/Robotica2026-2/proyecto/Ros/proyecto_ws/install/robot_hardware/share/robot_hardware/package.ps1'
[3.499s] INFO:colcon.colcon_core.shell:Creating package descriptor '/home/robotics/Robotica2026-2/proyecto/Ros/proyecto_ws/install/robot_hardware/share/robot_hardware/package.dsv'
[3.499s] INFO:colcon.colcon_core.shell:Creating package script '/home/robotics/Robotica2026-2/proyecto/Ros/proyecto_ws/install/robot_hardware/share/robot_hardware/package.sh'
[3.499s] INFO:colcon.colcon_core.shell:Creating package script '/home/robotics/Robotica2026-2/proyecto/Ros/proyecto_ws/install/robot_hardware/share/robot_hardware/package.bash'
[3.499s] INFO:colcon.colcon_core.shell:Creating package script '/home/robotics/Robotica2026-2/proyecto/Ros/proyecto_ws/install/robot_hardware/share/robot_hardware/package.zsh'
[3.500s] Level 1:colcon.colcon_core.environment:create_file_with_runtime_dependencies(/home/robotics/Robotica2026-2/proyecto/Ros/proyecto_ws/install/robot_hardware/share/colcon-core/packages/robot_hardware)
[3.500s] DEBUG:colcon.colcon_parallel_executor.executor.parallel:closing loop
[3.500s] DEBUG:colcon.colcon_parallel_executor.executor.parallel:loop closed
[3.500s] DEBUG:colcon.colcon_parallel_executor.executor.parallel:run_until_complete finished with '0'
[3.500s] DEBUG:colcon.colcon_core.event_reactor:joining thread
[3.507s] INFO:colcon.colcon_core.plugin_system:Skipping extension 'colcon_notification.desktop_notification.terminal_notifier': Not used on non-Darwin systems
[3.507s] INFO:colcon.colcon_core.plugin_system:Skipping extension 'colcon_notification.desktop_notification.win32': Not used on non-Windows systems
[3.507s] INFO:colcon.colcon_notification.desktop_notification:Sending desktop notification using 'notify2'
[3.523s] DEBUG:colcon.colcon_core.event_reactor:joined thread
[3.523s] INFO:colcon.colcon_core.shell:Creating prefix script '/home/robotics/Robotica2026-2/proyecto/Ros/proyecto_ws/install/local_setup.ps1'
[3.524s] INFO:colcon.colcon_core.shell:Creating prefix util module '/home/robotics/Robotica2026-2/proyecto/Ros/proyecto_ws/install/_local_setup_util_ps1.py'
[3.526s] INFO:colcon.colcon_core.shell:Creating prefix chain script '/home/robotics/Robotica2026-2/proyecto/Ros/proyecto_ws/install/setup.ps1'
[3.527s] INFO:colcon.colcon_core.shell:Creating prefix script '/home/robotics/Robotica2026-2/proyecto/Ros/proyecto_ws/install/local_setup.sh'
[3.528s] INFO:colcon.colcon_core.shell:Creating prefix util module '/home/robotics/Robotica2026-2/proyecto/Ros/proyecto_ws/install/_local_setup_util_sh.py'
[3.528s] INFO:colcon.colcon_core.shell:Creating prefix chain script '/home/robotics/Robotica2026-2/proyecto/Ros/proyecto_ws/install/setup.sh'
[3.530s] INFO:colcon.colcon_core.shell:Creating prefix script '/home/robotics/Robotica2026-2/proyecto/Ros/proyecto_ws/install/local_setup.bash'
[3.531s] INFO:colcon.colcon_core.shell:Creating prefix chain script '/home/robotics/Robotica2026-2/proyecto/Ros/proyecto_ws/install/setup.bash'
[3.532s] INFO:colcon.colcon_core.shell:Creating prefix script '/home/robotics/Robotica2026-2/proyecto/Ros/proyecto_ws/install/local_setup.zsh'
[3.533s] INFO:colcon.colcon_core.shell:Creating prefix chain script '/home/robotics/Robotica2026-2/proyecto/Ros/proyecto_ws/install/setup.zsh'
