[2.411s] Invoking command in '/home/robotics/Robotica2026-2/proyecto/Ros/proyecto_ws/src/robot_kinematics': DEBUGINFOD_URLS=https://debuginfod.ubuntu.com PYTHONPATH=/home/robotics/Robotica2026-2/proyecto/build/robot_kinematics/prefix_override:/usr/lib/python3/dist-packages/colcon_core/task/python/colcon_distutils_commands:/home/robotics/Robotica2026-2/proyecto/install/robot_kinematics/lib/python3.12/site-packages:${PYTHONPATH} /usr/bin/python3 -W ignore:setup.py install is deprecated -W ignore:easy_install command is deprecated setup.py egg_info --egg-base ../../../../build/robot_kinematics build --build-base /home/robotics/Robotica2026-2/proyecto/build/robot_kinematics/build install --record /home/robotics/Robotica2026-2/proyecto/build/robot_kinematics/install.log --single-version-externally-managed install_data
[2.756s] running egg_info
[2.756s] creating ../../../../build/robot_kinematics/robot_kinematics.egg-info
[2.781s] writing ../../../../build/robot_kinematics/robot_kinematics.egg-info/PKG-INFO
[2.781s] writing dependency_links to ../../../../build/robot_kinematics/robot_kinematics.egg-info/dependency_links.txt
[2.781s] writing entry points to ../../../../build/robot_kinematics/robot_kinematics.egg-info/entry_points.txt
[2.782s] writing requirements to ../../../../build/robot_kinematics/robot_kinematics.egg-info/requires.txt
[2.782s] writing top-level names to ../../../../build/robot_kinematics/robot_kinematics.egg-info/top_level.txt
[2.782s] writing manifest file '../../../../build/robot_kinematics/robot_kinematics.egg-info/SOURCES.txt'
[2.831s] reading manifest file '../../../../build/robot_kinematics/robot_kinematics.egg-info/SOURCES.txt'
[2.834s] writing manifest file '../../../../build/robot_kinematics/robot_kinematics.egg-info/SOURCES.txt'
[2.834s] running build
[2.834s] running build_py
[2.834s] creating /home/robotics/Robotica2026-2/proyecto/build/robot_kinematics/build
[2.834s] creating /home/robotics/Robotica2026-2/proyecto/build/robot_kinematics/build/lib
[2.834s] creating /home/robotics/Robotica2026-2/proyecto/build/robot_kinematics/build/lib/robot_kinematics
[2.835s] copying robot_kinematics/__init__.py -> /home/robotics/Robotica2026-2/proyecto/build/robot_kinematics/build/lib/robot_kinematics
[2.835s] copying robot_kinematics/robot_trajectory_publisher.py -> /home/robotics/Robotica2026-2/proyecto/build/robot_kinematics/build/lib/robot_kinematics
[2.835s] copying robot_kinematics/kinematics.py -> /home/robotics/Robotica2026-2/proyecto/build/robot_kinematics/build/lib/robot_kinematics
[2.835s] copying robot_kinematics/robot_final_pos_publisher.py -> /home/robotics/Robotica2026-2/proyecto/build/robot_kinematics/build/lib/robot_kinematics
[2.836s] running install
[2.840s] running install_lib
[2.867s] creating /home/robotics/Robotica2026-2/proyecto/install/robot_kinematics/lib/python3.12/site-packages/robot_kinematics
[2.867s] copying /home/robotics/Robotica2026-2/proyecto/build/robot_kinematics/build/lib/robot_kinematics/__init__.py -> /home/robotics/Robotica2026-2/proyecto/install/robot_kinematics/lib/python3.12/site-packages/robot_kinematics
[2.867s] copying /home/robotics/Robotica2026-2/proyecto/build/robot_kinematics/build/lib/robot_kinematics/robot_trajectory_publisher.py -> /home/robotics/Robotica2026-2/proyecto/install/robot_kinematics/lib/python3.12/site-packages/robot_kinematics
[2.867s] copying /home/robotics/Robotica2026-2/proyecto/build/robot_kinematics/build/lib/robot_kinematics/kinematics.py -> /home/robotics/Robotica2026-2/proyecto/install/robot_kinematics/lib/python3.12/site-packages/robot_kinematics
[2.867s] copying /home/robotics/Robotica2026-2/proyecto/build/robot_kinematics/build/lib/robot_kinematics/robot_final_pos_publisher.py -> /home/robotics/Robotica2026-2/proyecto/install/robot_kinematics/lib/python3.12/site-packages/robot_kinematics
[2.868s] byte-compiling /home/robotics/Robotica2026-2/proyecto/install/robot_kinematics/lib/python3.12/site-packages/robot_kinematics/__init__.py to __init__.cpython-312.pyc
[2.868s] byte-compiling /home/robotics/Robotica2026-2/proyecto/install/robot_kinematics/lib/python3.12/site-packages/robot_kinematics/robot_trajectory_publisher.py to robot_trajectory_publisher.cpython-312.pyc
[2.870s] byte-compiling /home/robotics/Robotica2026-2/proyecto/install/robot_kinematics/lib/python3.12/site-packages/robot_kinematics/kinematics.py to kinematics.cpython-312.pyc
[2.870s] byte-compiling /home/robotics/Robotica2026-2/proyecto/install/robot_kinematics/lib/python3.12/site-packages/robot_kinematics/robot_final_pos_publisher.py to robot_final_pos_publisher.cpython-312.pyc
[2.871s] running install_data
[2.871s] creating /home/robotics/Robotica2026-2/proyecto/install/robot_kinematics/share/ament_index
[2.871s] creating /home/robotics/Robotica2026-2/proyecto/install/robot_kinematics/share/ament_index/resource_index
[2.871s] creating /home/robotics/Robotica2026-2/proyecto/install/robot_kinematics/share/ament_index/resource_index/packages
[2.872s] copying resource/robot_kinematics -> /home/robotics/Robotica2026-2/proyecto/install/robot_kinematics/share/ament_index/resource_index/packages
[2.872s] copying package.xml -> /home/robotics/Robotica2026-2/proyecto/install/robot_kinematics/share/robot_kinematics
[2.872s] running install_egg_info
[2.898s] Copying ../../../../build/robot_kinematics/robot_kinematics.egg-info to /home/robotics/Robotica2026-2/proyecto/install/robot_kinematics/lib/python3.12/site-packages/robot_kinematics-0.0.0-py3.12.egg-info
[2.899s] running install_scripts
[3.057s] Installing trajectory_publisher script to /home/robotics/Robotica2026-2/proyecto/install/robot_kinematics/lib/robot_kinematics
[3.058s] writing list of installed files to '/home/robotics/Robotica2026-2/proyecto/build/robot_kinematics/install.log'
[3.140s] Invoked command in '/home/robotics/Robotica2026-2/proyecto/Ros/proyecto_ws/src/robot_kinematics' returned '0': DEBUGINFOD_URLS=https://debuginfod.ubuntu.com PYTHONPATH=/home/robotics/Robotica2026-2/proyecto/build/robot_kinematics/prefix_override:/usr/lib/python3/dist-packages/colcon_core/task/python/colcon_distutils_commands:/home/robotics/Robotica2026-2/proyecto/install/robot_kinematics/lib/python3.12/site-packages:${PYTHONPATH} /usr/bin/python3 -W ignore:setup.py install is deprecated -W ignore:easy_install command is deprecated setup.py egg_info --egg-base ../../../../build/robot_kinematics build --build-base /home/robotics/Robotica2026-2/proyecto/build/robot_kinematics/build install --record /home/robotics/Robotica2026-2/proyecto/build/robot_kinematics/install.log --single-version-externally-managed install_data
