[0.172s] DEBUG:colcon:Command line arguments: ['/usr/bin/colcon', 'build']
[0.172s] DEBUG:colcon:Parsed command line arguments: Namespace(log_base=None, log_level=None, verb_name='build', build_base='build', install_base='install', merge_install=False, symlink_install=False, test_result_base=None, continue_on_error=False, executor='parallel', parallel_workers=16, event_handlers=None, ignore_user_meta=False, metas=['./colcon.meta'], base_paths=['.'], packages_ignore=None, packages_ignore_regex=None, paths=None, packages_up_to=None, packages_up_to_regex=None, packages_above=None, packages_above_and_dependencies=None, packages_above_depth=None, packages_select_by_dep=None, packages_skip_by_dep=None, packages_skip_up_to=None, packages_select_build_failed=False, packages_skip_build_finished=False, packages_select_test_failures=False, packages_skip_test_passed=False, packages_select=None, packages_skip=None, packages_select_regex=None, packages_skip_regex=None, packages_start=None, packages_end=None, allow_overriding=[], cmake_args=None, cmake_target=None, cmake_target_skip_unavailable=False, cmake_clean_cache=False, cmake_clean_first=False, cmake_force_configure=False, ament_cmake_args=None, catkin_cmake_args=None, catkin_skip_building_tests=False, mixin_files=None, mixin=None, verb_parser=<colcon_mixin.mixin.mixin_argument.MixinArgumentDecorator object at 0x702a590c49e0>, verb_extension=<colcon_core.verb.build.BuildVerb object at 0x702a591e8dd0>, main=<bound method BuildVerb.main of <colcon_core.verb.build.BuildVerb object at 0x702a591e8dd0>>, mixin_verb=('build',))
[0.245s] Level 1:colcon.colcon_core.package_discovery:discover_packages(colcon_meta) check parameters
[0.246s] Level 1:colcon.colcon_core.package_discovery:discover_packages(recursive) check parameters
[0.246s] Level 1:colcon.colcon_core.package_discovery:discover_packages(ignore) check parameters
[0.246s] Level 1:colcon.colcon_core.package_discovery:discover_packages(path) check parameters
[0.246s] Level 1:colcon.colcon_core.package_discovery:discover_packages(colcon_meta) discover
[0.246s] Level 1:colcon.colcon_core.package_discovery:discover_packages(recursive) discover
[0.246s] INFO:colcon.colcon_core.package_discovery:Crawling recursively for packages in '/home/robotics/Robotica2026-2/proyecto/Ros'
[0.246s] Level 1:colcon.colcon_core.package_identification:_identify(.) by extensions ['ignore', 'ignore_ament_install']
[0.246s] Level 1:colcon.colcon_core.package_identification:_identify(.) by extension 'ignore'
[0.246s] Level 1:colcon.colcon_core.package_identification:_identify(.) by extension 'ignore_ament_install'
[0.246s] Level 1:colcon.colcon_core.package_identification:_identify(.) by extensions ['colcon_pkg']
[0.246s] Level 1:colcon.colcon_core.package_identification:_identify(.) by extension 'colcon_pkg'
[0.246s] Level 1:colcon.colcon_core.package_identification:_identify(.) by extensions ['colcon_meta']
[0.246s] Level 1:colcon.colcon_core.package_identification:_identify(.) by extension 'colcon_meta'
[0.246s] Level 1:colcon.colcon_core.package_identification:_identify(.) by extensions ['ros']
[0.246s] Level 1:colcon.colcon_core.package_identification:_identify(.) by extension 'ros'
[0.265s] Level 1:colcon.colcon_core.package_identification:_identify(.) by extensions ['cmake', 'python']
[0.265s] Level 1:colcon.colcon_core.package_identification:_identify(.) by extension 'cmake'
[0.265s] Level 1:colcon.colcon_core.package_identification:_identify(.) by extension 'python'
[0.265s] Level 1:colcon.colcon_core.package_identification:_identify(.) by extensions ['python_setup_py']
[0.265s] Level 1:colcon.colcon_core.package_identification:_identify(.) by extension 'python_setup_py'
[0.265s] Level 1:colcon.colcon_core.package_identification:_identify(build) by extensions ['ignore', 'ignore_ament_install']
[0.265s] Level 1:colcon.colcon_core.package_identification:_identify(build) by extension 'ignore'
[0.265s] Level 1:colcon.colcon_core.package_identification:_identify(build) ignored
[0.265s] Level 1:colcon.colcon_core.package_identification:_identify(install) by extensions ['ignore', 'ignore_ament_install']
[0.266s] Level 1:colcon.colcon_core.package_identification:_identify(install) by extension 'ignore'
[0.266s] Level 1:colcon.colcon_core.package_identification:_identify(install) ignored
[0.266s] Level 1:colcon.colcon_core.package_identification:_identify(log) by extensions ['ignore', 'ignore_ament_install']
[0.266s] Level 1:colcon.colcon_core.package_identification:_identify(log) by extension 'ignore'
[0.266s] Level 1:colcon.colcon_core.package_identification:_identify(log) ignored
[0.266s] Level 1:colcon.colcon_core.package_identification:_identify(proyecto_ws) by extensions ['ignore', 'ignore_ament_install']
[0.266s] Level 1:colcon.colcon_core.package_identification:_identify(proyecto_ws) by extension 'ignore'
[0.266s] Level 1:colcon.colcon_core.package_identification:_identify(proyecto_ws) by extension 'ignore_ament_install'
[0.266s] Level 1:colcon.colcon_core.package_identification:_identify(proyecto_ws) by extensions ['colcon_pkg']
[0.266s] Level 1:colcon.colcon_core.package_identification:_identify(proyecto_ws) by extension 'colcon_pkg'
[0.266s] Level 1:colcon.colcon_core.package_identification:_identify(proyecto_ws) by extensions ['colcon_meta']
[0.266s] Level 1:colcon.colcon_core.package_identification:_identify(proyecto_ws) by extension 'colcon_meta'
[0.266s] Level 1:colcon.colcon_core.package_identification:_identify(proyecto_ws) by extensions ['ros']
[0.266s] Level 1:colcon.colcon_core.package_identification:_identify(proyecto_ws) by extension 'ros'
[0.266s] Level 1:colcon.colcon_core.package_identification:_identify(proyecto_ws) by extensions ['cmake', 'python']
[0.266s] Level 1:colcon.colcon_core.package_identification:_identify(proyecto_ws) by extension 'cmake'
[0.266s] Level 1:colcon.colcon_core.package_identification:_identify(proyecto_ws) by extension 'python'
[0.266s] Level 1:colcon.colcon_core.package_identification:_identify(proyecto_ws) by extensions ['python_setup_py']
[0.266s] Level 1:colcon.colcon_core.package_identification:_identify(proyecto_ws) by extension 'python_setup_py'
[0.266s] Level 1:colcon.colcon_core.package_identification:_identify(proyecto_ws/build) by extensions ['ignore', 'ignore_ament_install']
[0.266s] Level 1:colcon.colcon_core.package_identification:_identify(proyecto_ws/build) by extension 'ignore'
[0.266s] Level 1:colcon.colcon_core.package_identification:_identify(proyecto_ws/build) ignored
[0.266s] Level 1:colcon.colcon_core.package_identification:_identify(proyecto_ws/install) by extensions ['ignore', 'ignore_ament_install']
[0.266s] Level 1:colcon.colcon_core.package_identification:_identify(proyecto_ws/install) by extension 'ignore'
[0.266s] Level 1:colcon.colcon_core.package_identification:_identify(proyecto_ws/install) ignored
[0.266s] Level 1:colcon.colcon_core.package_identification:_identify(proyecto_ws/log) by extensions ['ignore', 'ignore_ament_install']
[0.266s] Level 1:colcon.colcon_core.package_identification:_identify(proyecto_ws/log) by extension 'ignore'
[0.266s] Level 1:colcon.colcon_core.package_identification:_identify(proyecto_ws/log) ignored
[0.266s] Level 1:colcon.colcon_core.package_identification:_identify(proyecto_ws/src) by extensions ['ignore', 'ignore_ament_install']
[0.266s] Level 1:colcon.colcon_core.package_identification:_identify(proyecto_ws/src) by extension 'ignore'
[0.266s] Level 1:colcon.colcon_core.package_identification:_identify(proyecto_ws/src) by extension 'ignore_ament_install'
[0.266s] Level 1:colcon.colcon_core.package_identification:_identify(proyecto_ws/src) by extensions ['colcon_pkg']
[0.266s] Level 1:colcon.colcon_core.package_identification:_identify(proyecto_ws/src) by extension 'colcon_pkg'
[0.266s] Level 1:colcon.colcon_core.package_identification:_identify(proyecto_ws/src) by extensions ['colcon_meta']
[0.266s] Level 1:colcon.colcon_core.package_identification:_identify(proyecto_ws/src) by extension 'colcon_meta'
[0.266s] Level 1:colcon.colcon_core.package_identification:_identify(proyecto_ws/src) by extensions ['ros']
[0.266s] Level 1:colcon.colcon_core.package_identification:_identify(proyecto_ws/src) by extension 'ros'
[0.266s] Level 1:colcon.colcon_core.package_identification:_identify(proyecto_ws/src) by extensions ['cmake', 'python']
[0.266s] Level 1:colcon.colcon_core.package_identification:_identify(proyecto_ws/src) by extension 'cmake'
[0.267s] Level 1:colcon.colcon_core.package_identification:_identify(proyecto_ws/src) by extension 'python'
[0.267s] Level 1:colcon.colcon_core.package_identification:_identify(proyecto_ws/src) by extensions ['python_setup_py']
[0.267s] Level 1:colcon.colcon_core.package_identification:_identify(proyecto_ws/src) by extension 'python_setup_py'
[0.267s] Level 1:colcon.colcon_core.package_identification:_identify(proyecto_ws/src/install) by extensions ['ignore', 'ignore_ament_install']
[0.267s] Level 1:colcon.colcon_core.package_identification:_identify(proyecto_ws/src/install) by extension 'ignore'
[0.267s] Level 1:colcon.colcon_core.package_identification:_identify(proyecto_ws/src/install) ignored
[0.267s] Level 1:colcon.colcon_core.package_identification:_identify(proyecto_ws/src/robot_bringup) by extensions ['ignore', 'ignore_ament_install']
[0.267s] Level 1:colcon.colcon_core.package_identification:_identify(proyecto_ws/src/robot_bringup) by extension 'ignore'
[0.267s] Level 1:colcon.colcon_core.package_identification:_identify(proyecto_ws/src/robot_bringup) by extension 'ignore_ament_install'
[0.267s] Level 1:colcon.colcon_core.package_identification:_identify(proyecto_ws/src/robot_bringup) by extensions ['colcon_pkg']
[0.267s] Level 1:colcon.colcon_core.package_identification:_identify(proyecto_ws/src/robot_bringup) by extension 'colcon_pkg'
[0.267s] Level 1:colcon.colcon_core.package_identification:_identify(proyecto_ws/src/robot_bringup) by extensions ['colcon_meta']
[0.267s] Level 1:colcon.colcon_core.package_identification:_identify(proyecto_ws/src/robot_bringup) by extension 'colcon_meta'
[0.267s] Level 1:colcon.colcon_core.package_identification:_identify(proyecto_ws/src/robot_bringup) by extensions ['ros']
[0.267s] Level 1:colcon.colcon_core.package_identification:_identify(proyecto_ws/src/robot_bringup) by extension 'ros'
[0.272s] DEBUG:colcon.colcon_core.package_identification:Package 'proyecto_ws/src/robot_bringup' with type 'ros.ament_python' and name 'robot_bringup'
[0.272s] Level 1:colcon.colcon_core.package_identification:_identify(proyecto_ws/src/robot_description) by extensions ['ignore', 'ignore_ament_install']
[0.273s] Level 1:colcon.colcon_core.package_identification:_identify(proyecto_ws/src/robot_description) by extension 'ignore'
[0.273s] Level 1:colcon.colcon_core.package_identification:_identify(proyecto_ws/src/robot_description) by extension 'ignore_ament_install'
[0.273s] Level 1:colcon.colcon_core.package_identification:_identify(proyecto_ws/src/robot_description) by extensions ['colcon_pkg']
[0.273s] Level 1:colcon.colcon_core.package_identification:_identify(proyecto_ws/src/robot_description) by extension 'colcon_pkg'
[0.273s] Level 1:colcon.colcon_core.package_identification:_identify(proyecto_ws/src/robot_description) by extensions ['colcon_meta']
[0.273s] Level 1:colcon.colcon_core.package_identification:_identify(proyecto_ws/src/robot_description) by extension 'colcon_meta'
[0.273s] Level 1:colcon.colcon_core.package_identification:_identify(proyecto_ws/src/robot_description) by extensions ['ros']
[0.273s] Level 1:colcon.colcon_core.package_identification:_identify(proyecto_ws/src/robot_description) by extension 'ros'
[0.274s] DEBUG:colcon.colcon_core.package_identification:Package 'proyecto_ws/src/robot_description' with type 'ros.ament_python' and name 'robot_description'
[0.274s] Level 1:colcon.colcon_core.package_identification:_identify(proyecto_ws/src/robot_hardware) by extensions ['ignore', 'ignore_ament_install']
[0.274s] Level 1:colcon.colcon_core.package_identification:_identify(proyecto_ws/src/robot_hardware) by extension 'ignore'
[0.274s] Level 1:colcon.colcon_core.package_identification:_identify(proyecto_ws/src/robot_hardware) by extension 'ignore_ament_install'
[0.274s] Level 1:colcon.colcon_core.package_identification:_identify(proyecto_ws/src/robot_hardware) by extensions ['colcon_pkg']
[0.274s] Level 1:colcon.colcon_core.package_identification:_identify(proyecto_ws/src/robot_hardware) by extension 'colcon_pkg'
[0.274s] Level 1:colcon.colcon_core.package_identification:_identify(proyecto_ws/src/robot_hardware) by extensions ['colcon_meta']
[0.274s] Level 1:colcon.colcon_core.package_identification:_identify(proyecto_ws/src/robot_hardware) by extension 'colcon_meta'
[0.274s] Level 1:colcon.colcon_core.package_identification:_identify(proyecto_ws/src/robot_hardware) by extensions ['ros']
[0.274s] Level 1:colcon.colcon_core.package_identification:_identify(proyecto_ws/src/robot_hardware) by extension 'ros'
[0.275s] DEBUG:colcon.colcon_core.package_identification:Package 'proyecto_ws/src/robot_hardware' with type 'ros.ament_python' and name 'robot_hardware'
[0.275s] Level 1:colcon.colcon_core.package_identification:_identify(proyecto_ws/src/robot_kinematics) by extensions ['ignore', 'ignore_ament_install']
[0.275s] Level 1:colcon.colcon_core.package_identification:_identify(proyecto_ws/src/robot_kinematics) by extension 'ignore'
[0.275s] Level 1:colcon.colcon_core.package_identification:_identify(proyecto_ws/src/robot_kinematics) by extension 'ignore_ament_install'
[0.275s] Level 1:colcon.colcon_core.package_identification:_identify(proyecto_ws/src/robot_kinematics) by extensions ['colcon_pkg']
[0.275s] Level 1:colcon.colcon_core.package_identification:_identify(proyecto_ws/src/robot_kinematics) by extension 'colcon_pkg'
[0.275s] Level 1:colcon.colcon_core.package_identification:_identify(proyecto_ws/src/robot_kinematics) by extensions ['colcon_meta']
[0.275s] Level 1:colcon.colcon_core.package_identification:_identify(proyecto_ws/src/robot_kinematics) by extension 'colcon_meta'
[0.275s] Level 1:colcon.colcon_core.package_identification:_identify(proyecto_ws/src/robot_kinematics) by extensions ['ros']
[0.275s] Level 1:colcon.colcon_core.package_identification:_identify(proyecto_ws/src/robot_kinematics) by extension 'ros'
[0.276s] DEBUG:colcon.colcon_core.package_identification:Package 'proyecto_ws/src/robot_kinematics' with type 'ros.ament_python' and name 'robot_kinematics'
[0.276s] Level 1:colcon.colcon_core.package_discovery:discover_packages(recursive) using defaults
[0.276s] Level 1:colcon.colcon_core.package_discovery:discover_packages(ignore) discover
[0.276s] Level 1:colcon.colcon_core.package_discovery:discover_packages(ignore) using defaults
[0.276s] Level 1:colcon.colcon_core.package_discovery:discover_packages(path) discover
[0.276s] Level 1:colcon.colcon_core.package_discovery:discover_packages(path) using defaults
[0.304s] Level 1:colcon.colcon_core.package_discovery:discover_packages(prefix_path) check parameters
[0.304s] Level 1:colcon.colcon_core.package_discovery:discover_packages(prefix_path) discover
[0.307s] DEBUG:colcon.colcon_installed_package_information.package_discovery:Found 291 installed packages in /opt/ros/jazzy
[0.308s] Level 1:colcon.colcon_core.package_discovery:discover_packages(prefix_path) using defaults
[0.330s] Level 5:colcon.colcon_core.verb:set package 'robot_bringup' build argument 'cmake_args' from command line to 'None'
[0.330s] Level 5:colcon.colcon_core.verb:set package 'robot_bringup' build argument 'cmake_target' from command line to 'None'
[0.330s] Level 5:colcon.colcon_core.verb:set package 'robot_bringup' build argument 'cmake_target_skip_unavailable' from command line to 'False'
[0.330s] Level 5:colcon.colcon_core.verb:set package 'robot_bringup' build argument 'cmake_clean_cache' from command line to 'False'
[0.330s] Level 5:colcon.colcon_core.verb:set package 'robot_bringup' build argument 'cmake_clean_first' from command line to 'False'
[0.330s] Level 5:colcon.colcon_core.verb:set package 'robot_bringup' build argument 'cmake_force_configure' from command line to 'False'
[0.330s] Level 5:colcon.colcon_core.verb:set package 'robot_bringup' build argument 'ament_cmake_args' from command line to 'None'
[0.330s] Level 5:colcon.colcon_core.verb:set package 'robot_bringup' build argument 'catkin_cmake_args' from command line to 'None'
[0.330s] Level 5:colcon.colcon_core.verb:set package 'robot_bringup' build argument 'catkin_skip_building_tests' from command line to 'False'
[0.330s] DEBUG:colcon.colcon_core.verb:Building package 'robot_bringup' with the following arguments: {'ament_cmake_args': None, 'build_base': '/home/robotics/Robotica2026-2/proyecto/Ros/build/robot_bringup', 'catkin_cmake_args': None, 'catkin_skip_building_tests': False, 'cmake_args': None, 'cmake_clean_cache': False, 'cmake_clean_first': False, 'cmake_force_configure': False, 'cmake_target': None, 'cmake_target_skip_unavailable': False, 'install_base': '/home/robotics/Robotica2026-2/proyecto/Ros/install/robot_bringup', 'merge_install': False, 'path': '/home/robotics/Robotica2026-2/proyecto/Ros/proyecto_ws/src/robot_bringup', 'symlink_install': False, 'test_result_base': None}
[0.330s] Level 5:colcon.colcon_core.verb:set package 'robot_description' build argument 'cmake_args' from command line to 'None'
[0.330s] Level 5:colcon.colcon_core.verb:set package 'robot_description' build argument 'cmake_target' from command line to 'None'
[0.330s] Level 5:colcon.colcon_core.verb:set package 'robot_description' build argument 'cmake_target_skip_unavailable' from command line to 'False'
[0.330s] Level 5:colcon.colcon_core.verb:set package 'robot_description' build argument 'cmake_clean_cache' from command line to 'False'
[0.330s] Level 5:colcon.colcon_core.verb:set package 'robot_description' build argument 'cmake_clean_first' from command line to 'False'
[0.330s] Level 5:colcon.colcon_core.verb:set package 'robot_description' build argument 'cmake_force_configure' from command line to 'False'
[0.330s] Level 5:colcon.colcon_core.verb:set package 'robot_description' build argument 'ament_cmake_args' from command line to 'None'
[0.330s] Level 5:colcon.colcon_core.verb:set package 'robot_description' build argument 'catkin_cmake_args' from command line to 'None'
[0.331s] Level 5:colcon.colcon_core.verb:set package 'robot_description' build argument 'catkin_skip_building_tests' from command line to 'False'
[0.331s] DEBUG:colcon.colcon_core.verb:Building package 'robot_description' with the following arguments: {'ament_cmake_args': None, 'build_base': '/home/robotics/Robotica2026-2/proyecto/Ros/build/robot_description', 'catkin_cmake_args': None, 'catkin_skip_building_tests': False, 'cmake_args': None, 'cmake_clean_cache': False, 'cmake_clean_first': False, 'cmake_force_configure': False, 'cmake_target': None, 'cmake_target_skip_unavailable': False, 'install_base': '/home/robotics/Robotica2026-2/proyecto/Ros/install/robot_description', 'merge_install': False, 'path': '/home/robotics/Robotica2026-2/proyecto/Ros/proyecto_ws/src/robot_description', 'symlink_install': False, 'test_result_base': None}
[0.331s] Level 5:colcon.colcon_core.verb:set package 'robot_hardware' build argument 'cmake_args' from command line to 'None'
[0.331s] Level 5:colcon.colcon_core.verb:set package 'robot_hardware' build argument 'cmake_target' from command line to 'None'
[0.331s] Level 5:colcon.colcon_core.verb:set package 'robot_hardware' build argument 'cmake_target_skip_unavailable' from command line to 'False'
[0.331s] Level 5:colcon.colcon_core.verb:set package 'robot_hardware' build argument 'cmake_clean_cache' from command line to 'False'
[0.331s] Level 5:colcon.colcon_core.verb:set package 'robot_hardware' build argument 'cmake_clean_first' from command line to 'False'
[0.331s] Level 5:colcon.colcon_core.verb:set package 'robot_hardware' build argument 'cmake_force_configure' from command line to 'False'
[0.331s] Level 5:colcon.colcon_core.verb:set package 'robot_hardware' build argument 'ament_cmake_args' from command line to 'None'
[0.331s] Level 5:colcon.colcon_core.verb:set package 'robot_hardware' build argument 'catkin_cmake_args' from command line to 'None'
[0.331s] Level 5:colcon.colcon_core.verb:set package 'robot_hardware' build argument 'catkin_skip_building_tests' from command line to 'False'
[0.331s] DEBUG:colcon.colcon_core.verb:Building package 'robot_hardware' with the following arguments: {'ament_cmake_args': None, 'build_base': '/home/robotics/Robotica2026-2/proyecto/Ros/build/robot_hardware', 'catkin_cmake_args': None, 'catkin_skip_building_tests': False, 'cmake_args': None, 'cmake_clean_cache': False, 'cmake_clean_first': False, 'cmake_force_configure': False, 'cmake_target': None, 'cmake_target_skip_unavailable': False, 'install_base': '/home/robotics/Robotica2026-2/proyecto/Ros/install/robot_hardware', 'merge_install': False, 'path': '/home/robotics/Robotica2026-2/proyecto/Ros/proyecto_ws/src/robot_hardware', 'symlink_install': False, 'test_result_base': None}
[0.331s] Level 5:colcon.colcon_core.verb:set package 'robot_kinematics' build argument 'cmake_args' from command line to 'None'
[0.331s] Level 5:colcon.colcon_core.verb:set package 'robot_kinematics' build argument 'cmake_target' from command line to 'None'
[0.331s] Level 5:colcon.colcon_core.verb:set package 'robot_kinematics' build argument 'cmake_target_skip_unavailable' from command line to 'False'
[0.331s] Level 5:colcon.colcon_core.verb:set package 'robot_kinematics' build argument 'cmake_clean_cache' from command line to 'False'
[0.331s] Level 5:colcon.colcon_core.verb:set package 'robot_kinematics' build argument 'cmake_clean_first' from command line to 'False'
[0.331s] Level 5:colcon.colcon_core.verb:set package 'robot_kinematics' build argument 'cmake_force_configure' from command line to 'False'
[0.331s] Level 5:colcon.colcon_core.verb:set package 'robot_kinematics' build argument 'ament_cmake_args' from command line to 'None'
[0.331s] Level 5:colcon.colcon_core.verb:set package 'robot_kinematics' build argument 'catkin_cmake_args' from command line to 'None'
[0.331s] Level 5:colcon.colcon_core.verb:set package 'robot_kinematics' build argument 'catkin_skip_building_tests' from command line to 'False'
[0.331s] DEBUG:colcon.colcon_core.verb:Building package 'robot_kinematics' with the following arguments: {'ament_cmake_args': None, 'build_base': '/home/robotics/Robotica2026-2/proyecto/Ros/build/robot_kinematics', 'catkin_cmake_args': None, 'catkin_skip_building_tests': False, 'cmake_args': None, 'cmake_clean_cache': False, 'cmake_clean_first': False, 'cmake_force_configure': False, 'cmake_target': None, 'cmake_target_skip_unavailable': False, 'install_base': '/home/robotics/Robotica2026-2/proyecto/Ros/install/robot_kinematics', 'merge_install': False, 'path': '/home/robotics/Robotica2026-2/proyecto/Ros/proyecto_ws/src/robot_kinematics', 'symlink_install': False, 'test_result_base': None}
[0.331s] INFO:colcon.colcon_core.executor:Executing jobs using 'parallel' executor
[0.332s] DEBUG:colcon.colcon_parallel_executor.executor.parallel:run_until_complete
[0.332s] INFO:colcon.colcon_ros.task.ament_python.build:Building ROS package in '/home/robotics/Robotica2026-2/proyecto/Ros/proyecto_ws/src/robot_bringup' with build type 'ament_python'
[0.332s] Level 1:colcon.colcon_core.shell:create_environment_hook('robot_bringup', 'ament_prefix_path')
[0.336s] INFO:colcon.colcon_core.plugin_system:Skipping extension 'colcon_core.shell.bat': Not used on non-Windows systems
[0.336s] INFO:colcon.colcon_core.shell:Creating environment hook '/home/robotics/Robotica2026-2/proyecto/Ros/install/robot_bringup/share/robot_bringup/hook/ament_prefix_path.ps1'
[0.337s] INFO:colcon.colcon_core.shell:Creating environment descriptor '/home/robotics/Robotica2026-2/proyecto/Ros/install/robot_bringup/share/robot_bringup/hook/ament_prefix_path.dsv'
[0.338s] INFO:colcon.colcon_core.shell:Creating environment hook '/home/robotics/Robotica2026-2/proyecto/Ros/install/robot_bringup/share/robot_bringup/hook/ament_prefix_path.sh'
[0.339s] INFO:colcon.colcon_core.shell:Skip shell extension 'powershell' for command environment: Not usable outside of PowerShell
[0.339s] DEBUG:colcon.colcon_core.shell:Skip shell extension 'dsv' for command environment
[0.341s] INFO:colcon.colcon_ros.task.ament_python.build:Building ROS package in '/home/robotics/Robotica2026-2/proyecto/Ros/proyecto_ws/src/robot_description' with build type 'ament_python'
[0.341s] Level 1:colcon.colcon_core.shell:create_environment_hook('robot_description', 'ament_prefix_path')
[0.341s] INFO:colcon.colcon_core.shell:Creating environment hook '/home/robotics/Robotica2026-2/proyecto/Ros/install/robot_description/share/robot_description/hook/ament_prefix_path.ps1'
[0.341s] INFO:colcon.colcon_core.shell:Creating environment descriptor '/home/robotics/Robotica2026-2/proyecto/Ros/install/robot_description/share/robot_description/hook/ament_prefix_path.dsv'
[0.341s] INFO:colcon.colcon_core.shell:Creating environment hook '/home/robotics/Robotica2026-2/proyecto/Ros/install/robot_description/share/robot_description/hook/ament_prefix_path.sh'
[0.341s] INFO:colcon.colcon_core.shell:Skip shell extension 'powershell' for command environment: Not usable outside of PowerShell
[0.341s] DEBUG:colcon.colcon_core.shell:Skip shell extension 'dsv' for command environment
[0.343s] INFO:colcon.colcon_ros.task.ament_python.build:Building ROS package in '/home/robotics/Robotica2026-2/proyecto/Ros/proyecto_ws/src/robot_hardware' with build type 'ament_python'
[0.343s] Level 1:colcon.colcon_core.shell:create_environment_hook('robot_hardware', 'ament_prefix_path')
[0.343s] INFO:colcon.colcon_core.shell:Creating environment hook '/home/robotics/Robotica2026-2/proyecto/Ros/install/robot_hardware/share/robot_hardware/hook/ament_prefix_path.ps1'
[0.343s] INFO:colcon.colcon_core.shell:Creating environment descriptor '/home/robotics/Robotica2026-2/proyecto/Ros/install/robot_hardware/share/robot_hardware/hook/ament_prefix_path.dsv'
[0.343s] INFO:colcon.colcon_core.shell:Creating environment hook '/home/robotics/Robotica2026-2/proyecto/Ros/install/robot_hardware/share/robot_hardware/hook/ament_prefix_path.sh'
[0.344s] INFO:colcon.colcon_core.shell:Skip shell extension 'powershell' for command environment: Not usable outside of PowerShell
[0.344s] DEBUG:colcon.colcon_core.shell:Skip shell extension 'dsv' for command environment
[0.345s] INFO:colcon.colcon_ros.task.ament_python.build:Building ROS package in '/home/robotics/Robotica2026-2/proyecto/Ros/proyecto_ws/src/robot_kinematics' with build type 'ament_python'
[0.345s] Level 1:colcon.colcon_core.shell:create_environment_hook('robot_kinematics', 'ament_prefix_path')
[0.345s] INFO:colcon.colcon_core.shell:Creating environment hook '/home/robotics/Robotica2026-2/proyecto/Ros/install/robot_kinematics/share/robot_kinematics/hook/ament_prefix_path.ps1'
[0.346s] INFO:colcon.colcon_core.shell:Creating environment descriptor '/home/robotics/Robotica2026-2/proyecto/Ros/install/robot_kinematics/share/robot_kinematics/hook/ament_prefix_path.dsv'
[0.346s] INFO:colcon.colcon_core.shell:Creating environment hook '/home/robotics/Robotica2026-2/proyecto/Ros/install/robot_kinematics/share/robot_kinematics/hook/ament_prefix_path.sh'
[0.346s] INFO:colcon.colcon_core.shell:Skip shell extension 'powershell' for command environment: Not usable outside of PowerShell
[0.346s] DEBUG:colcon.colcon_core.shell:Skip shell extension 'dsv' for command environment
[0.488s] INFO:colcon.colcon_core.task.python.build:Building Python package in '/home/robotics/Robotica2026-2/proyecto/Ros/proyecto_ws/src/robot_bringup'
[0.488s] INFO:colcon.colcon_core.shell:Skip shell extension 'powershell' for command environment: Not usable outside of PowerShell
[0.488s] DEBUG:colcon.colcon_core.shell:Skip shell extension 'dsv' for command environment
[0.622s] INFO:colcon.colcon_core.task.python.build:Building Python package in '/home/robotics/Robotica2026-2/proyecto/Ros/proyecto_ws/src/robot_description'
[0.622s] INFO:colcon.colcon_core.shell:Skip shell extension 'powershell' for command environment: Not usable outside of PowerShell
[0.622s] DEBUG:colcon.colcon_core.shell:Skip shell extension 'dsv' for command environment
[0.764s] INFO:colcon.colcon_core.task.python.build:Building Python package in '/home/robotics/Robotica2026-2/proyecto/Ros/proyecto_ws/src/robot_hardware'
[0.764s] INFO:colcon.colcon_core.shell:Skip shell extension 'powershell' for command environment: Not usable outside of PowerShell
[0.764s] DEBUG:colcon.colcon_core.shell:Skip shell extension 'dsv' for command environment
[0.897s] INFO:colcon.colcon_core.task.python.build:Building Python package in '/home/robotics/Robotica2026-2/proyecto/Ros/proyecto_ws/src/robot_kinematics'
[0.897s] INFO:colcon.colcon_core.shell:Skip shell extension 'powershell' for command environment: Not usable outside of PowerShell
[0.897s] DEBUG:colcon.colcon_core.shell:Skip shell extension 'dsv' for command environment
[1.698s] DEBUG:colcon.colcon_core.event_handler.log_command:Invoking command in '/home/robotics/Robotica2026-2/proyecto/Ros/proyecto_ws/src/robot_description': DEBUGINFOD_URLS=https://debuginfod.ubuntu.com PYTHONPATH=/home/robotics/Robotica2026-2/proyecto/Ros/build/robot_description/prefix_override:/usr/lib/python3/dist-packages/colcon_core/task/python/colcon_distutils_commands:/home/robotics/Robotica2026-2/proyecto/Ros/install/robot_description/lib/python3.12/site-packages:${PYTHONPATH} /usr/bin/python3 -W ignore:setup.py install is deprecated -W ignore:easy_install command is deprecated setup.py egg_info --egg-base ../../../build/robot_description build --build-base /home/robotics/Robotica2026-2/proyecto/Ros/build/robot_description/build install --record /home/robotics/Robotica2026-2/proyecto/Ros/build/robot_description/install.log --single-version-externally-managed install_data
[1.704s] DEBUG:colcon.colcon_core.event_handler.log_command:Invoking command in '/home/robotics/Robotica2026-2/proyecto/Ros/proyecto_ws/src/robot_bringup': DEBUGINFOD_URLS=https://debuginfod.ubuntu.com PYTHONPATH=/home/robotics/Robotica2026-2/proyecto/Ros/build/robot_bringup/prefix_override:/usr/lib/python3/dist-packages/colcon_core/task/python/colcon_distutils_commands:/home/robotics/Robotica2026-2/proyecto/Ros/install/robot_bringup/lib/python3.12/site-packages:${PYTHONPATH} /usr/bin/python3 -W ignore:setup.py install is deprecated -W ignore:easy_install command is deprecated setup.py egg_info --egg-base ../../../build/robot_bringup build --build-base /home/robotics/Robotica2026-2/proyecto/Ros/build/robot_bringup/build install --record /home/robotics/Robotica2026-2/proyecto/Ros/build/robot_bringup/install.log --single-version-externally-managed install_data
[1.705s] DEBUG:colcon.colcon_core.event_handler.log_command:Invoking command in '/home/robotics/Robotica2026-2/proyecto/Ros/proyecto_ws/src/robot_hardware': DEBUGINFOD_URLS=https://debuginfod.ubuntu.com PYTHONPATH=/home/robotics/Robotica2026-2/proyecto/Ros/build/robot_hardware/prefix_override:/usr/lib/python3/dist-packages/colcon_core/task/python/colcon_distutils_commands:/home/robotics/Robotica2026-2/proyecto/Ros/install/robot_hardware/lib/python3.12/site-packages:${PYTHONPATH} /usr/bin/python3 -W ignore:setup.py install is deprecated -W ignore:easy_install command is deprecated setup.py egg_info --egg-base ../../../build/robot_hardware build --build-base /home/robotics/Robotica2026-2/proyecto/Ros/build/robot_hardware/build install --record /home/robotics/Robotica2026-2/proyecto/Ros/build/robot_hardware/install.log --single-version-externally-managed install_data
[1.707s] DEBUG:colcon.colcon_core.event_handler.log_command:Invoking command in '/home/robotics/Robotica2026-2/proyecto/Ros/proyecto_ws/src/robot_kinematics': DEBUGINFOD_URLS=https://debuginfod.ubuntu.com PYTHONPATH=/home/robotics/Robotica2026-2/proyecto/Ros/build/robot_kinematics/prefix_override:/usr/lib/python3/dist-packages/colcon_core/task/python/colcon_distutils_commands:/home/robotics/Robotica2026-2/proyecto/Ros/install/robot_kinematics/lib/python3.12/site-packages:${PYTHONPATH} /usr/bin/python3 -W ignore:setup.py install is deprecated -W ignore:easy_install command is deprecated setup.py egg_info --egg-base ../../../build/robot_kinematics build --build-base /home/robotics/Robotica2026-2/proyecto/Ros/build/robot_kinematics/build install --record /home/robotics/Robotica2026-2/proyecto/Ros/build/robot_kinematics/install.log --single-version-externally-managed install_data
[2.063s] DEBUG:colcon.colcon_core.event_handler.log_command:Invoked command in '/home/robotics/Robotica2026-2/proyecto/Ros/proyecto_ws/src/robot_description' returned '0': DEBUGINFOD_URLS=https://debuginfod.ubuntu.com PYTHONPATH=/home/robotics/Robotica2026-2/proyecto/Ros/build/robot_description/prefix_override:/usr/lib/python3/dist-packages/colcon_core/task/python/colcon_distutils_commands:/home/robotics/Robotica2026-2/proyecto/Ros/install/robot_description/lib/python3.12/site-packages:${PYTHONPATH} /usr/bin/python3 -W ignore:setup.py install is deprecated -W ignore:easy_install command is deprecated setup.py egg_info --egg-base ../../../build/robot_description build --build-base /home/robotics/Robotica2026-2/proyecto/Ros/build/robot_description/build install --record /home/robotics/Robotica2026-2/proyecto/Ros/build/robot_description/install.log --single-version-externally-managed install_data
[2.069s] Level 1:colcon.colcon_core.environment:checking '/home/robotics/Robotica2026-2/proyecto/Ros/install/robot_description' for CMake module files
[2.069s] Level 1:colcon.colcon_core.environment:checking '/home/robotics/Robotica2026-2/proyecto/Ros/install/robot_description' for CMake config files
[2.070s] Level 1:colcon.colcon_core.environment:checking '/home/robotics/Robotica2026-2/proyecto/Ros/install/robot_description/lib'
[2.070s] Level 1:colcon.colcon_core.environment:checking '/home/robotics/Robotica2026-2/proyecto/Ros/install/robot_description/bin'
[2.070s] Level 1:colcon.colcon_core.environment:checking '/home/robotics/Robotica2026-2/proyecto/Ros/install/robot_description/lib/pkgconfig/robot_description.pc'
[2.070s] Level 1:colcon.colcon_core.environment:checking '/home/robotics/Robotica2026-2/proyecto/Ros/install/robot_description/lib/python3.12/site-packages'
[2.070s] Level 1:colcon.colcon_core.shell:create_environment_hook('robot_description', 'pythonpath')
[2.070s] INFO:colcon.colcon_core.shell:Creating environment hook '/home/robotics/Robotica2026-2/proyecto/Ros/install/robot_description/share/robot_description/hook/pythonpath.ps1'
[2.071s] INFO:colcon.colcon_core.shell:Creating environment descriptor '/home/robotics/Robotica2026-2/proyecto/Ros/install/robot_description/share/robot_description/hook/pythonpath.dsv'
[2.071s] INFO:colcon.colcon_core.shell:Creating environment hook '/home/robotics/Robotica2026-2/proyecto/Ros/install/robot_description/share/robot_description/hook/pythonpath.sh'
[2.071s] Level 1:colcon.colcon_core.environment:checking '/home/robotics/Robotica2026-2/proyecto/Ros/install/robot_description/bin'
[2.071s] Level 1:colcon.colcon_core.environment:create_environment_scripts_only(robot_description)
[2.072s] INFO:colcon.colcon_core.shell:Creating package script '/home/robotics/Robotica2026-2/proyecto/Ros/install/robot_description/share/robot_description/package.ps1'
[2.073s] INFO:colcon.colcon_core.shell:Creating package descriptor '/home/robotics/Robotica2026-2/proyecto/Ros/install/robot_description/share/robot_description/package.dsv'
[2.073s] INFO:colcon.colcon_core.shell:Creating package script '/home/robotics/Robotica2026-2/proyecto/Ros/install/robot_description/share/robot_description/package.sh'
[2.074s] INFO:colcon.colcon_core.shell:Creating package script '/home/robotics/Robotica2026-2/proyecto/Ros/install/robot_description/share/robot_description/package.bash'
[2.075s] INFO:colcon.colcon_core.shell:Creating package script '/home/robotics/Robotica2026-2/proyecto/Ros/install/robot_description/share/robot_description/package.zsh'
[2.076s] Level 1:colcon.colcon_core.environment:create_file_with_runtime_dependencies(/home/robotics/Robotica2026-2/proyecto/Ros/install/robot_description/share/colcon-core/packages/robot_description)
[2.077s] Level 1:colcon.colcon_core.environment:checking '/home/robotics/Robotica2026-2/proyecto/Ros/install/robot_hardware' for CMake module files
[2.078s] DEBUG:colcon.colcon_core.event_handler.log_command:Invoked command in '/home/robotics/Robotica2026-2/proyecto/Ros/proyecto_ws/src/robot_hardware' returned '0': DEBUGINFOD_URLS=https://debuginfod.ubuntu.com PYTHONPATH=/home/robotics/Robotica2026-2/proyecto/Ros/build/robot_hardware/prefix_override:/usr/lib/python3/dist-packages/colcon_core/task/python/colcon_distutils_commands:/home/robotics/Robotica2026-2/proyecto/Ros/install/robot_hardware/lib/python3.12/site-packages:${PYTHONPATH} /usr/bin/python3 -W ignore:setup.py install is deprecated -W ignore:easy_install command is deprecated setup.py egg_info --egg-base ../../../build/robot_hardware build --build-base /home/robotics/Robotica2026-2/proyecto/Ros/build/robot_hardware/build install --record /home/robotics/Robotica2026-2/proyecto/Ros/build/robot_hardware/install.log --single-version-externally-managed install_data
[2.078s] Level 1:colcon.colcon_core.environment:checking '/home/robotics/Robotica2026-2/proyecto/Ros/install/robot_hardware' for CMake config files
[2.079s] Level 1:colcon.colcon_core.environment:checking '/home/robotics/Robotica2026-2/proyecto/Ros/install/robot_hardware/lib'
[2.079s] Level 1:colcon.colcon_core.environment:checking '/home/robotics/Robotica2026-2/proyecto/Ros/install/robot_hardware/bin'
[2.079s] Level 1:colcon.colcon_core.environment:checking '/home/robotics/Robotica2026-2/proyecto/Ros/install/robot_hardware/lib/pkgconfig/robot_hardware.pc'
[2.079s] Level 1:colcon.colcon_core.environment:checking '/home/robotics/Robotica2026-2/proyecto/Ros/install/robot_hardware/lib/python3.12/site-packages'
[2.080s] Level 1:colcon.colcon_core.shell:create_environment_hook('robot_hardware', 'pythonpath')
[2.080s] INFO:colcon.colcon_core.shell:Creating environment hook '/home/robotics/Robotica2026-2/proyecto/Ros/install/robot_hardware/share/robot_hardware/hook/pythonpath.ps1'
[2.080s] INFO:colcon.colcon_core.shell:Creating environment descriptor '/home/robotics/Robotica2026-2/proyecto/Ros/install/robot_hardware/share/robot_hardware/hook/pythonpath.dsv'
[2.081s] INFO:colcon.colcon_core.shell:Creating environment hook '/home/robotics/Robotica2026-2/proyecto/Ros/install/robot_hardware/share/robot_hardware/hook/pythonpath.sh'
[2.081s] Level 1:colcon.colcon_core.environment:checking '/home/robotics/Robotica2026-2/proyecto/Ros/install/robot_hardware/bin'
[2.081s] Level 1:colcon.colcon_core.environment:create_environment_scripts_only(robot_hardware)
[2.082s] INFO:colcon.colcon_core.shell:Creating package script '/home/robotics/Robotica2026-2/proyecto/Ros/install/robot_hardware/share/robot_hardware/package.ps1'
[2.082s] INFO:colcon.colcon_core.shell:Creating package descriptor '/home/robotics/Robotica2026-2/proyecto/Ros/install/robot_hardware/share/robot_hardware/package.dsv'
[2.082s] INFO:colcon.colcon_core.shell:Creating package script '/home/robotics/Robotica2026-2/proyecto/Ros/install/robot_hardware/share/robot_hardware/package.sh'
[2.082s] INFO:colcon.colcon_core.shell:Creating package script '/home/robotics/Robotica2026-2/proyecto/Ros/install/robot_hardware/share/robot_hardware/package.bash'
[2.083s] INFO:colcon.colcon_core.shell:Creating package script '/home/robotics/Robotica2026-2/proyecto/Ros/install/robot_hardware/share/robot_hardware/package.zsh'
[2.083s] Level 1:colcon.colcon_core.environment:create_file_with_runtime_dependencies(/home/robotics/Robotica2026-2/proyecto/Ros/install/robot_hardware/share/colcon-core/packages/robot_hardware)
[2.083s] Level 1:colcon.colcon_core.environment:checking '/home/robotics/Robotica2026-2/proyecto/Ros/install/robot_bringup' for CMake module files
[2.083s] Level 1:colcon.colcon_core.environment:checking '/home/robotics/Robotica2026-2/proyecto/Ros/install/robot_bringup' for CMake config files
[2.084s] DEBUG:colcon.colcon_core.event_handler.log_command:Invoked command in '/home/robotics/Robotica2026-2/proyecto/Ros/proyecto_ws/src/robot_bringup' returned '0': DEBUGINFOD_URLS=https://debuginfod.ubuntu.com PYTHONPATH=/home/robotics/Robotica2026-2/proyecto/Ros/build/robot_bringup/prefix_override:/usr/lib/python3/dist-packages/colcon_core/task/python/colcon_distutils_commands:/home/robotics/Robotica2026-2/proyecto/Ros/install/robot_bringup/lib/python3.12/site-packages:${PYTHONPATH} /usr/bin/python3 -W ignore:setup.py install is deprecated -W ignore:easy_install command is deprecated setup.py egg_info --egg-base ../../../build/robot_bringup build --build-base /home/robotics/Robotica2026-2/proyecto/Ros/build/robot_bringup/build install --record /home/robotics/Robotica2026-2/proyecto/Ros/build/robot_bringup/install.log --single-version-externally-managed install_data
[2.084s] Level 1:colcon.colcon_core.environment:checking '/home/robotics/Robotica2026-2/proyecto/Ros/install/robot_bringup/lib'
[2.084s] Level 1:colcon.colcon_core.environment:checking '/home/robotics/Robotica2026-2/proyecto/Ros/install/robot_bringup/bin'
[2.084s] Level 1:colcon.colcon_core.environment:checking '/home/robotics/Robotica2026-2/proyecto/Ros/install/robot_bringup/lib/pkgconfig/robot_bringup.pc'
[2.084s] Level 1:colcon.colcon_core.environment:checking '/home/robotics/Robotica2026-2/proyecto/Ros/install/robot_bringup/lib/python3.12/site-packages'
[2.084s] Level 1:colcon.colcon_core.shell:create_environment_hook('robot_bringup', 'pythonpath')
[2.084s] INFO:colcon.colcon_core.shell:Creating environment hook '/home/robotics/Robotica2026-2/proyecto/Ros/install/robot_bringup/share/robot_bringup/hook/pythonpath.ps1'
[2.084s] INFO:colcon.colcon_core.shell:Creating environment descriptor '/home/robotics/Robotica2026-2/proyecto/Ros/install/robot_bringup/share/robot_bringup/hook/pythonpath.dsv'
[2.085s] INFO:colcon.colcon_core.shell:Creating environment hook '/home/robotics/Robotica2026-2/proyecto/Ros/install/robot_bringup/share/robot_bringup/hook/pythonpath.sh'
[2.085s] Level 1:colcon.colcon_core.environment:checking '/home/robotics/Robotica2026-2/proyecto/Ros/install/robot_bringup/bin'
[2.085s] Level 1:colcon.colcon_core.environment:create_environment_scripts_only(robot_bringup)
[2.085s] INFO:colcon.colcon_core.shell:Creating package script '/home/robotics/Robotica2026-2/proyecto/Ros/install/robot_bringup/share/robot_bringup/package.ps1'
[2.085s] INFO:colcon.colcon_core.shell:Creating package descriptor '/home/robotics/Robotica2026-2/proyecto/Ros/install/robot_bringup/share/robot_bringup/package.dsv'
[2.086s] INFO:colcon.colcon_core.shell:Creating package script '/home/robotics/Robotica2026-2/proyecto/Ros/install/robot_bringup/share/robot_bringup/package.sh'
[2.086s] INFO:colcon.colcon_core.shell:Creating package script '/home/robotics/Robotica2026-2/proyecto/Ros/install/robot_bringup/share/robot_bringup/package.bash'
[2.086s] INFO:colcon.colcon_core.shell:Creating package script '/home/robotics/Robotica2026-2/proyecto/Ros/install/robot_bringup/share/robot_bringup/package.zsh'
[2.086s] Level 1:colcon.colcon_core.environment:create_file_with_runtime_dependencies(/home/robotics/Robotica2026-2/proyecto/Ros/install/robot_bringup/share/colcon-core/packages/robot_bringup)
[2.087s] Level 1:colcon.colcon_core.environment:checking '/home/robotics/Robotica2026-2/proyecto/Ros/install/robot_kinematics' for CMake module files
[2.087s] DEBUG:colcon.colcon_core.event_handler.log_command:Invoked command in '/home/robotics/Robotica2026-2/proyecto/Ros/proyecto_ws/src/robot_kinematics' returned '0': DEBUGINFOD_URLS=https://debuginfod.ubuntu.com PYTHONPATH=/home/robotics/Robotica2026-2/proyecto/Ros/build/robot_kinematics/prefix_override:/usr/lib/python3/dist-packages/colcon_core/task/python/colcon_distutils_commands:/home/robotics/Robotica2026-2/proyecto/Ros/install/robot_kinematics/lib/python3.12/site-packages:${PYTHONPATH} /usr/bin/python3 -W ignore:setup.py install is deprecated -W ignore:easy_install command is deprecated setup.py egg_info --egg-base ../../../build/robot_kinematics build --build-base /home/robotics/Robotica2026-2/proyecto/Ros/build/robot_kinematics/build install --record /home/robotics/Robotica2026-2/proyecto/Ros/build/robot_kinematics/install.log --single-version-externally-managed install_data
[2.088s] Level 1:colcon.colcon_core.environment:checking '/home/robotics/Robotica2026-2/proyecto/Ros/install/robot_kinematics' for CMake config files
[2.088s] Level 1:colcon.colcon_core.environment:checking '/home/robotics/Robotica2026-2/proyecto/Ros/install/robot_kinematics/lib'
[2.088s] Level 1:colcon.colcon_core.environment:checking '/home/robotics/Robotica2026-2/proyecto/Ros/install/robot_kinematics/bin'
[2.089s] Level 1:colcon.colcon_core.environment:checking '/home/robotics/Robotica2026-2/proyecto/Ros/install/robot_kinematics/lib/pkgconfig/robot_kinematics.pc'
[2.089s] Level 1:colcon.colcon_core.environment:checking '/home/robotics/Robotica2026-2/proyecto/Ros/install/robot_kinematics/lib/python3.12/site-packages'
[2.089s] Level 1:colcon.colcon_core.shell:create_environment_hook('robot_kinematics', 'pythonpath')
[2.089s] INFO:colcon.colcon_core.shell:Creating environment hook '/home/robotics/Robotica2026-2/proyecto/Ros/install/robot_kinematics/share/robot_kinematics/hook/pythonpath.ps1'
[2.089s] INFO:colcon.colcon_core.shell:Creating environment descriptor '/home/robotics/Robotica2026-2/proyecto/Ros/install/robot_kinematics/share/robot_kinematics/hook/pythonpath.dsv'
[2.090s] INFO:colcon.colcon_core.shell:Creating environment hook '/home/robotics/Robotica2026-2/proyecto/Ros/install/robot_kinematics/share/robot_kinematics/hook/pythonpath.sh'
[2.090s] Level 1:colcon.colcon_core.environment:checking '/home/robotics/Robotica2026-2/proyecto/Ros/install/robot_kinematics/bin'
[2.091s] Level 1:colcon.colcon_core.environment:create_environment_scripts_only(robot_kinematics)
[2.091s] INFO:colcon.colcon_core.shell:Creating package script '/home/robotics/Robotica2026-2/proyecto/Ros/install/robot_kinematics/share/robot_kinematics/package.ps1'
[2.091s] INFO:colcon.colcon_core.shell:Creating package descriptor '/home/robotics/Robotica2026-2/proyecto/Ros/install/robot_kinematics/share/robot_kinematics/package.dsv'
[2.091s] INFO:colcon.colcon_core.shell:Creating package script '/home/robotics/Robotica2026-2/proyecto/Ros/install/robot_kinematics/share/robot_kinematics/package.sh'
[2.092s] INFO:colcon.colcon_core.shell:Creating package script '/home/robotics/Robotica2026-2/proyecto/Ros/install/robot_kinematics/share/robot_kinematics/package.bash'
[2.092s] INFO:colcon.colcon_core.shell:Creating package script '/home/robotics/Robotica2026-2/proyecto/Ros/install/robot_kinematics/share/robot_kinematics/package.zsh'
[2.092s] Level 1:colcon.colcon_core.environment:create_file_with_runtime_dependencies(/home/robotics/Robotica2026-2/proyecto/Ros/install/robot_kinematics/share/colcon-core/packages/robot_kinematics)
[2.092s] DEBUG:colcon.colcon_parallel_executor.executor.parallel:closing loop
[2.092s] DEBUG:colcon.colcon_parallel_executor.executor.parallel:loop closed
[2.092s] DEBUG:colcon.colcon_parallel_executor.executor.parallel:run_until_complete finished with '0'
[2.092s] DEBUG:colcon.colcon_core.event_reactor:joining thread
[2.099s] INFO:colcon.colcon_core.plugin_system:Skipping extension 'colcon_notification.desktop_notification.terminal_notifier': Not used on non-Darwin systems
[2.099s] INFO:colcon.colcon_core.plugin_system:Skipping extension 'colcon_notification.desktop_notification.win32': Not used on non-Windows systems
[2.099s] INFO:colcon.colcon_notification.desktop_notification:Sending desktop notification using 'notify2'
[2.116s] DEBUG:colcon.colcon_core.event_reactor:joined thread
[2.117s] INFO:colcon.colcon_core.shell:Creating prefix script '/home/robotics/Robotica2026-2/proyecto/Ros/install/local_setup.ps1'
[2.117s] INFO:colcon.colcon_core.shell:Creating prefix util module '/home/robotics/Robotica2026-2/proyecto/Ros/install/_local_setup_util_ps1.py'
[2.119s] INFO:colcon.colcon_core.shell:Creating prefix chain script '/home/robotics/Robotica2026-2/proyecto/Ros/install/setup.ps1'
[2.119s] INFO:colcon.colcon_core.shell:Creating prefix script '/home/robotics/Robotica2026-2/proyecto/Ros/install/local_setup.sh'
[2.120s] INFO:colcon.colcon_core.shell:Creating prefix util module '/home/robotics/Robotica2026-2/proyecto/Ros/install/_local_setup_util_sh.py'
[2.120s] INFO:colcon.colcon_core.shell:Creating prefix chain script '/home/robotics/Robotica2026-2/proyecto/Ros/install/setup.sh'
[2.121s] INFO:colcon.colcon_core.shell:Creating prefix script '/home/robotics/Robotica2026-2/proyecto/Ros/install/local_setup.bash'
[2.122s] INFO:colcon.colcon_core.shell:Creating prefix chain script '/home/robotics/Robotica2026-2/proyecto/Ros/install/setup.bash'
[2.123s] INFO:colcon.colcon_core.shell:Creating prefix script '/home/robotics/Robotica2026-2/proyecto/Ros/install/local_setup.zsh'
[2.123s] INFO:colcon.colcon_core.shell:Creating prefix chain script '/home/robotics/Robotica2026-2/proyecto/Ros/install/setup.zsh'
