[1.006s] Invoking command in '/home/robotics/Downloads/CursoRobotica-Edu/proyecto/src/robot_kinematics': DEBUGINFOD_URLS=https://debuginfod.ubuntu.com PYTHONPATH=/home/robotics/Downloads/CursoRobotica-Edu/proyecto/build/robot_kinematics/prefix_override:/usr/lib/python3/dist-packages/colcon_core/task/python/colcon_distutils_commands:/home/robotics/Downloads/CursoRobotica-Edu/proyecto/install/robot_kinematics/lib/python3.12/site-packages:${PYTHONPATH} /usr/bin/python3 -W ignore:setup.py install is deprecated -W ignore:easy_install command is deprecated setup.py egg_info --egg-base ../../build/robot_kinematics build --build-base /home/robotics/Downloads/CursoRobotica-Edu/proyecto/build/robot_kinematics/build install --record /home/robotics/Downloads/CursoRobotica-Edu/proyecto/build/robot_kinematics/install.log --single-version-externally-managed install_data
[1.222s] running egg_info
[1.237s] writing ../../build/robot_kinematics/robot_kinematics.egg-info/PKG-INFO
[1.237s] writing dependency_links to ../../build/robot_kinematics/robot_kinematics.egg-info/dependency_links.txt
[1.237s] writing entry points to ../../build/robot_kinematics/robot_kinematics.egg-info/entry_points.txt
[1.238s] writing requirements to ../../build/robot_kinematics/robot_kinematics.egg-info/requires.txt
[1.238s] writing top-level names to ../../build/robot_kinematics/robot_kinematics.egg-info/top_level.txt
[1.269s] reading manifest file '../../build/robot_kinematics/robot_kinematics.egg-info/SOURCES.txt'
[1.269s] writing manifest file '../../build/robot_kinematics/robot_kinematics.egg-info/SOURCES.txt'
[1.269s] running build
[1.269s] running build_py
[1.269s] copying robot_kinematics/kinematics.py -> /home/robotics/Downloads/CursoRobotica-Edu/proyecto/build/robot_kinematics/build/lib/robot_kinematics
[1.270s] running install
[1.274s] running install_lib
[1.289s] copying /home/robotics/Downloads/CursoRobotica-Edu/proyecto/build/robot_kinematics/build/lib/robot_kinematics/kinematics.py -> /home/robotics/Downloads/CursoRobotica-Edu/proyecto/install/robot_kinematics/lib/python3.12/site-packages/robot_kinematics
[1.290s] byte-compiling /home/robotics/Downloads/CursoRobotica-Edu/proyecto/install/robot_kinematics/lib/python3.12/site-packages/robot_kinematics/kinematics.py to kinematics.cpython-312.pyc
[1.292s] running install_data
[1.292s] running install_egg_info
[1.308s] removing '/home/robotics/Downloads/CursoRobotica-Edu/proyecto/install/robot_kinematics/lib/python3.12/site-packages/robot_kinematics-0.0.0-py3.12.egg-info' (and everything under it)
[1.308s] Copying ../../build/robot_kinematics/robot_kinematics.egg-info to /home/robotics/Downloads/CursoRobotica-Edu/proyecto/install/robot_kinematics/lib/python3.12/site-packages/robot_kinematics-0.0.0-py3.12.egg-info
[1.309s] running install_scripts
[1.407s] Installing trajectory_publisher script to /home/robotics/Downloads/CursoRobotica-Edu/proyecto/install/robot_kinematics/lib/robot_kinematics
[1.407s] writing list of installed files to '/home/robotics/Downloads/CursoRobotica-Edu/proyecto/build/robot_kinematics/install.log'
[1.436s] Invoked command in '/home/robotics/Downloads/CursoRobotica-Edu/proyecto/src/robot_kinematics' returned '0': DEBUGINFOD_URLS=https://debuginfod.ubuntu.com PYTHONPATH=/home/robotics/Downloads/CursoRobotica-Edu/proyecto/build/robot_kinematics/prefix_override:/usr/lib/python3/dist-packages/colcon_core/task/python/colcon_distutils_commands:/home/robotics/Downloads/CursoRobotica-Edu/proyecto/install/robot_kinematics/lib/python3.12/site-packages:${PYTHONPATH} /usr/bin/python3 -W ignore:setup.py install is deprecated -W ignore:easy_install command is deprecated setup.py egg_info --egg-base ../../build/robot_kinematics build --build-base /home/robotics/Downloads/CursoRobotica-Edu/proyecto/build/robot_kinematics/build install --record /home/robotics/Downloads/CursoRobotica-Edu/proyecto/build/robot_kinematics/install.log --single-version-externally-managed install_data
