[2.424s] Invoking command in '/home/robotics/Robotica2026-2/proyecto/Ros/proyecto_ws/src/robot_bringup': DEBUGINFOD_URLS=https://debuginfod.ubuntu.com PYTHONPATH=/home/robotics/Robotica2026-2/proyecto/build/robot_bringup/prefix_override:/usr/lib/python3/dist-packages/colcon_core/task/python/colcon_distutils_commands:/home/robotics/Robotica2026-2/proyecto/install/robot_bringup/lib/python3.12/site-packages:${PYTHONPATH} /usr/bin/python3 -W ignore:setup.py install is deprecated -W ignore:easy_install command is deprecated setup.py egg_info --egg-base ../../../../build/robot_bringup build --build-base /home/robotics/Robotica2026-2/proyecto/build/robot_bringup/build install --record /home/robotics/Robotica2026-2/proyecto/build/robot_bringup/install.log --single-version-externally-managed install_data
[2.780s] running egg_info
[2.781s] creating ../../../../build/robot_bringup/robot_bringup.egg-info
[2.805s] writing ../../../../build/robot_bringup/robot_bringup.egg-info/PKG-INFO
[2.806s] writing dependency_links to ../../../../build/robot_bringup/robot_bringup.egg-info/dependency_links.txt
[2.806s] writing requirements to ../../../../build/robot_bringup/robot_bringup.egg-info/requires.txt
[2.806s] writing top-level names to ../../../../build/robot_bringup/robot_bringup.egg-info/top_level.txt
[2.806s] writing manifest file '../../../../build/robot_bringup/robot_bringup.egg-info/SOURCES.txt'
[2.856s] reading manifest file '../../../../build/robot_bringup/robot_bringup.egg-info/SOURCES.txt'
[2.857s] writing manifest file '../../../../build/robot_bringup/robot_bringup.egg-info/SOURCES.txt'
[2.857s] running build
[2.857s] running build_py
[2.858s] creating /home/robotics/Robotica2026-2/proyecto/build/robot_bringup/build
[2.858s] creating /home/robotics/Robotica2026-2/proyecto/build/robot_bringup/build/lib
[2.858s] creating /home/robotics/Robotica2026-2/proyecto/build/robot_bringup/build/lib/robot_bringup
[2.858s] copying robot_bringup/__init__.py -> /home/robotics/Robotica2026-2/proyecto/build/robot_bringup/build/lib/robot_bringup
[2.858s] running install
[2.864s] running install_lib
[2.889s] creating /home/robotics/Robotica2026-2/proyecto/install/robot_bringup/lib/python3.12/site-packages/robot_bringup
[2.889s] copying /home/robotics/Robotica2026-2/proyecto/build/robot_bringup/build/lib/robot_bringup/__init__.py -> /home/robotics/Robotica2026-2/proyecto/install/robot_bringup/lib/python3.12/site-packages/robot_bringup
[2.890s] byte-compiling /home/robotics/Robotica2026-2/proyecto/install/robot_bringup/lib/python3.12/site-packages/robot_bringup/__init__.py to __init__.cpython-312.pyc
[2.890s] running install_data
[2.890s] creating /home/robotics/Robotica2026-2/proyecto/install/robot_bringup/share/ament_index
[2.891s] creating /home/robotics/Robotica2026-2/proyecto/install/robot_bringup/share/ament_index/resource_index
[2.891s] creating /home/robotics/Robotica2026-2/proyecto/install/robot_bringup/share/ament_index/resource_index/packages
[2.891s] copying resource/robot_bringup -> /home/robotics/Robotica2026-2/proyecto/install/robot_bringup/share/ament_index/resource_index/packages
[2.891s] copying package.xml -> /home/robotics/Robotica2026-2/proyecto/install/robot_bringup/share/robot_bringup
[2.892s] creating /home/robotics/Robotica2026-2/proyecto/install/robot_bringup/share/robot_bringup/launch
[2.892s] copying launch/trajectory_bringup.launch.py -> /home/robotics/Robotica2026-2/proyecto/install/robot_bringup/share/robot_bringup/launch
[2.892s] copying launch/rviz_bringup.launch.py -> /home/robotics/Robotica2026-2/proyecto/install/robot_bringup/share/robot_bringup/launch
[2.893s] running install_egg_info
[2.917s] Copying ../../../../build/robot_bringup/robot_bringup.egg-info to /home/robotics/Robotica2026-2/proyecto/install/robot_bringup/lib/python3.12/site-packages/robot_bringup-0.0.0-py3.12.egg-info
[2.918s] running install_scripts
[3.077s] writing list of installed files to '/home/robotics/Robotica2026-2/proyecto/build/robot_bringup/install.log'
[3.122s] Invoked command in '/home/robotics/Robotica2026-2/proyecto/Ros/proyecto_ws/src/robot_bringup' returned '0': DEBUGINFOD_URLS=https://debuginfod.ubuntu.com PYTHONPATH=/home/robotics/Robotica2026-2/proyecto/build/robot_bringup/prefix_override:/usr/lib/python3/dist-packages/colcon_core/task/python/colcon_distutils_commands:/home/robotics/Robotica2026-2/proyecto/install/robot_bringup/lib/python3.12/site-packages:${PYTHONPATH} /usr/bin/python3 -W ignore:setup.py install is deprecated -W ignore:easy_install command is deprecated setup.py egg_info --egg-base ../../../../build/robot_bringup build --build-base /home/robotics/Robotica2026-2/proyecto/build/robot_bringup/build install --record /home/robotics/Robotica2026-2/proyecto/build/robot_bringup/install.log --single-version-externally-managed install_data
