[0.986s] Invoking command in '/home/robotics/Robotica2026-2/proyecto/Ros/proyecto_ws/src/robot_kinematics': DEBUGINFOD_URLS=https://debuginfod.ubuntu.com PYTHONPATH=/home/robotics/Robotica2026-2/proyecto/Ros/proyecto_ws/src/build/robot_kinematics/prefix_override:/usr/lib/python3/dist-packages/colcon_core/task/python/colcon_distutils_commands:/home/robotics/Robotica2026-2/proyecto/Ros/proyecto_ws/src/install/robot_kinematics/lib/python3.12/site-packages:${PYTHONPATH} /usr/bin/python3 -W ignore:setup.py install is deprecated -W ignore:easy_install command is deprecated setup.py egg_info --egg-base ../build/robot_kinematics build --build-base /home/robotics/Robotica2026-2/proyecto/Ros/proyecto_ws/src/build/robot_kinematics/build install --record /home/robotics/Robotica2026-2/proyecto/Ros/proyecto_ws/src/build/robot_kinematics/install.log --single-version-externally-managed install_data
[1.197s] running egg_info
[1.208s] writing ../build/robot_kinematics/robot_kinematics.egg-info/PKG-INFO
[1.209s] writing dependency_links to ../build/robot_kinematics/robot_kinematics.egg-info/dependency_links.txt
[1.209s] writing entry points to ../build/robot_kinematics/robot_kinematics.egg-info/entry_points.txt
[1.209s] writing requirements to ../build/robot_kinematics/robot_kinematics.egg-info/requires.txt
[1.209s] writing top-level names to ../build/robot_kinematics/robot_kinematics.egg-info/top_level.txt
[1.239s] reading manifest file '../build/robot_kinematics/robot_kinematics.egg-info/SOURCES.txt'
[1.240s] writing manifest file '../build/robot_kinematics/robot_kinematics.egg-info/SOURCES.txt'
[1.240s] running build
[1.240s] running build_py
[1.240s] running install
[1.244s] running install_lib
[1.260s] running install_data
[1.260s] running install_egg_info
[1.281s] removing '/home/robotics/Robotica2026-2/proyecto/Ros/proyecto_ws/src/install/robot_kinematics/lib/python3.12/site-packages/robot_kinematics-0.0.0-py3.12.egg-info' (and everything under it)
[1.282s] Copying ../build/robot_kinematics/robot_kinematics.egg-info to /home/robotics/Robotica2026-2/proyecto/Ros/proyecto_ws/src/install/robot_kinematics/lib/python3.12/site-packages/robot_kinematics-0.0.0-py3.12.egg-info
[1.282s] running install_scripts
[1.379s] Installing trajectory_publisher script to /home/robotics/Robotica2026-2/proyecto/Ros/proyecto_ws/src/install/robot_kinematics/lib/robot_kinematics
[1.379s] writing list of installed files to '/home/robotics/Robotica2026-2/proyecto/Ros/proyecto_ws/src/build/robot_kinematics/install.log'
[1.404s] Invoked command in '/home/robotics/Robotica2026-2/proyecto/Ros/proyecto_ws/src/robot_kinematics' returned '0': DEBUGINFOD_URLS=https://debuginfod.ubuntu.com PYTHONPATH=/home/robotics/Robotica2026-2/proyecto/Ros/proyecto_ws/src/build/robot_kinematics/prefix_override:/usr/lib/python3/dist-packages/colcon_core/task/python/colcon_distutils_commands:/home/robotics/Robotica2026-2/proyecto/Ros/proyecto_ws/src/install/robot_kinematics/lib/python3.12/site-packages:${PYTHONPATH} /usr/bin/python3 -W ignore:setup.py install is deprecated -W ignore:easy_install command is deprecated setup.py egg_info --egg-base ../build/robot_kinematics build --build-base /home/robotics/Robotica2026-2/proyecto/Ros/proyecto_ws/src/build/robot_kinematics/build install --record /home/robotics/Robotica2026-2/proyecto/Ros/proyecto_ws/src/build/robot_kinematics/install.log --single-version-externally-managed install_data
