[1.366s] Invoking command in '/home/robotics/Robotica2026-2/proyecto/Ros/proyecto_ws/src/robot_hardware': DEBUGINFOD_URLS=https://debuginfod.ubuntu.com PYTHONPATH=/home/robotics/Robotica2026-2/proyecto/Ros/proyecto_ws/build/robot_hardware/prefix_override:/usr/lib/python3/dist-packages/colcon_core/task/python/colcon_distutils_commands:/home/robotics/Robotica2026-2/proyecto/Ros/proyecto_ws/install/robot_hardware/lib/python3.12/site-packages:${PYTHONPATH} /usr/bin/python3 -W ignore:setup.py install is deprecated -W ignore:easy_install command is deprecated setup.py egg_info --egg-base ../../build/robot_hardware build --build-base /home/robotics/Robotica2026-2/proyecto/Ros/proyecto_ws/build/robot_hardware/build install --record /home/robotics/Robotica2026-2/proyecto/Ros/proyecto_ws/build/robot_hardware/install.log --single-version-externally-managed install_data
[1.554s] running egg_info
[1.568s] writing ../../build/robot_hardware/robot_hardware.egg-info/PKG-INFO
[1.568s] writing dependency_links to ../../build/robot_hardware/robot_hardware.egg-info/dependency_links.txt
[1.569s] writing entry points to ../../build/robot_hardware/robot_hardware.egg-info/entry_points.txt
[1.569s] writing requirements to ../../build/robot_hardware/robot_hardware.egg-info/requires.txt
[1.569s] writing top-level names to ../../build/robot_hardware/robot_hardware.egg-info/top_level.txt
[1.598s] reading manifest file '../../build/robot_hardware/robot_hardware.egg-info/SOURCES.txt'
[1.600s] writing manifest file '../../build/robot_hardware/robot_hardware.egg-info/SOURCES.txt'
[1.600s] running build
[1.600s] running build_py
[1.600s] running install
[1.606s] running install_lib
[1.624s] running install_data
[1.625s] running install_egg_info
[1.639s] removing '/home/robotics/Robotica2026-2/proyecto/Ros/proyecto_ws/install/robot_hardware/lib/python3.12/site-packages/robot_hardware-0.0.0-py3.12.egg-info' (and everything under it)
[1.640s] Copying ../../build/robot_hardware/robot_hardware.egg-info to /home/robotics/Robotica2026-2/proyecto/Ros/proyecto_ws/install/robot_hardware/lib/python3.12/site-packages/robot_hardware-0.0.0-py3.12.egg-info
[1.640s] running install_scripts
[1.732s] Installing robot_hardware script to /home/robotics/Robotica2026-2/proyecto/Ros/proyecto_ws/install/robot_hardware/lib/robot_hardware
[1.732s] writing list of installed files to '/home/robotics/Robotica2026-2/proyecto/Ros/proyecto_ws/build/robot_hardware/install.log'
[1.774s] Invoked command in '/home/robotics/Robotica2026-2/proyecto/Ros/proyecto_ws/src/robot_hardware' returned '0': DEBUGINFOD_URLS=https://debuginfod.ubuntu.com PYTHONPATH=/home/robotics/Robotica2026-2/proyecto/Ros/proyecto_ws/build/robot_hardware/prefix_override:/usr/lib/python3/dist-packages/colcon_core/task/python/colcon_distutils_commands:/home/robotics/Robotica2026-2/proyecto/Ros/proyecto_ws/install/robot_hardware/lib/python3.12/site-packages:${PYTHONPATH} /usr/bin/python3 -W ignore:setup.py install is deprecated -W ignore:easy_install command is deprecated setup.py egg_info --egg-base ../../build/robot_hardware build --build-base /home/robotics/Robotica2026-2/proyecto/Ros/proyecto_ws/build/robot_hardware/build install --record /home/robotics/Robotica2026-2/proyecto/Ros/proyecto_ws/build/robot_hardware/install.log --single-version-externally-managed install_data
