[2.419s] Invoking command in '/home/robotics/Robotica2026-2/proyecto/Ros/proyecto_ws/src/robot_description': DEBUGINFOD_URLS=https://debuginfod.ubuntu.com PYTHONPATH=/home/robotics/Robotica2026-2/proyecto/build/robot_description/prefix_override:/usr/lib/python3/dist-packages/colcon_core/task/python/colcon_distutils_commands:/home/robotics/Robotica2026-2/proyecto/install/robot_description/lib/python3.12/site-packages:${PYTHONPATH} /usr/bin/python3 -W ignore:setup.py install is deprecated -W ignore:easy_install command is deprecated setup.py egg_info --egg-base ../../../../build/robot_description build --build-base /home/robotics/Robotica2026-2/proyecto/build/robot_description/build install --record /home/robotics/Robotica2026-2/proyecto/build/robot_description/install.log --single-version-externally-managed install_data
[2.766s] running egg_info
[2.766s] creating ../../../../build/robot_description/robot_description.egg-info
[2.792s] writing ../../../../build/robot_description/robot_description.egg-info/PKG-INFO
[2.792s] writing dependency_links to ../../../../build/robot_description/robot_description.egg-info/dependency_links.txt
[2.792s] writing requirements to ../../../../build/robot_description/robot_description.egg-info/requires.txt
[2.792s] writing top-level names to ../../../../build/robot_description/robot_description.egg-info/top_level.txt
[2.793s] writing manifest file '../../../../build/robot_description/robot_description.egg-info/SOURCES.txt'
[2.843s] reading manifest file '../../../../build/robot_description/robot_description.egg-info/SOURCES.txt'
[2.845s] writing manifest file '../../../../build/robot_description/robot_description.egg-info/SOURCES.txt'
[2.845s] running build
[2.845s] running build_py
[2.845s] creating /home/robotics/Robotica2026-2/proyecto/build/robot_description/build
[2.845s] creating /home/robotics/Robotica2026-2/proyecto/build/robot_description/build/lib
[2.845s] creating /home/robotics/Robotica2026-2/proyecto/build/robot_description/build/lib/robot_description
[2.845s] copying robot_description/__init__.py -> /home/robotics/Robotica2026-2/proyecto/build/robot_description/build/lib/robot_description
[2.845s] running install
[2.850s] running install_lib
[2.877s] creating /home/robotics/Robotica2026-2/proyecto/install/robot_description/lib/python3.12/site-packages/robot_description
[2.878s] copying /home/robotics/Robotica2026-2/proyecto/build/robot_description/build/lib/robot_description/__init__.py -> /home/robotics/Robotica2026-2/proyecto/install/robot_description/lib/python3.12/site-packages/robot_description
[2.878s] byte-compiling /home/robotics/Robotica2026-2/proyecto/install/robot_description/lib/python3.12/site-packages/robot_description/__init__.py to __init__.cpython-312.pyc
[2.878s] running install_data
[2.878s] creating /home/robotics/Robotica2026-2/proyecto/install/robot_description/share/ament_index
[2.878s] creating /home/robotics/Robotica2026-2/proyecto/install/robot_description/share/ament_index/resource_index
[2.878s] creating /home/robotics/Robotica2026-2/proyecto/install/robot_description/share/ament_index/resource_index/packages
[2.878s] copying resource/robot_description -> /home/robotics/Robotica2026-2/proyecto/install/robot_description/share/ament_index/resource_index/packages
[2.879s] copying package.xml -> /home/robotics/Robotica2026-2/proyecto/install/robot_description/share/robot_description
[2.879s] creating /home/robotics/Robotica2026-2/proyecto/install/robot_description/share/robot_description/rviz
[2.879s] copying rviz/rviz.conf.rviz -> /home/robotics/Robotica2026-2/proyecto/install/robot_description/share/robot_description/rviz
[2.879s] creating /home/robotics/Robotica2026-2/proyecto/install/robot_description/share/robot_description/urdf
[2.879s] copying urdf/robotRRR.urdf -> /home/robotics/Robotica2026-2/proyecto/install/robot_description/share/robot_description/urdf
[2.879s] creating /home/robotics/Robotica2026-2/proyecto/install/robot_description/share/robot_description/meshes
[2.879s] copying meshes/link.stl -> /home/robotics/Robotica2026-2/proyecto/install/robot_description/share/robot_description/meshes
[2.880s] running install_egg_info
[2.903s] Copying ../../../../build/robot_description/robot_description.egg-info to /home/robotics/Robotica2026-2/proyecto/install/robot_description/lib/python3.12/site-packages/robot_description-0.0.0-py3.12.egg-info
[2.905s] running install_scripts
[3.063s] writing list of installed files to '/home/robotics/Robotica2026-2/proyecto/build/robot_description/install.log'
[3.138s] Invoked command in '/home/robotics/Robotica2026-2/proyecto/Ros/proyecto_ws/src/robot_description' returned '0': DEBUGINFOD_URLS=https://debuginfod.ubuntu.com PYTHONPATH=/home/robotics/Robotica2026-2/proyecto/build/robot_description/prefix_override:/usr/lib/python3/dist-packages/colcon_core/task/python/colcon_distutils_commands:/home/robotics/Robotica2026-2/proyecto/install/robot_description/lib/python3.12/site-packages:${PYTHONPATH} /usr/bin/python3 -W ignore:setup.py install is deprecated -W ignore:easy_install command is deprecated setup.py egg_info --egg-base ../../../../build/robot_description build --build-base /home/robotics/Robotica2026-2/proyecto/build/robot_description/build install --record /home/robotics/Robotica2026-2/proyecto/build/robot_description/install.log --single-version-externally-managed install_data
