[1.021s] Invoking command in '/home/robotics/Downloads/CursoRobotica-Edu/proyecto/src/robot_hardware': DEBUGINFOD_URLS=https://debuginfod.ubuntu.com PYTHONPATH=/home/robotics/Downloads/CursoRobotica-Edu/proyecto/build/robot_hardware/prefix_override:/usr/lib/python3/dist-packages/colcon_core/task/python/colcon_distutils_commands:/home/robotics/Downloads/CursoRobotica-Edu/proyecto/install/robot_hardware/lib/python3.12/site-packages:${PYTHONPATH} /usr/bin/python3 -W ignore:setup.py install is deprecated -W ignore:easy_install command is deprecated setup.py egg_info --egg-base ../../build/robot_hardware build --build-base /home/robotics/Downloads/CursoRobotica-Edu/proyecto/build/robot_hardware/build install --record /home/robotics/Downloads/CursoRobotica-Edu/proyecto/build/robot_hardware/install.log --single-version-externally-managed install_data
[1.220s] running egg_info
[1.235s] writing ../../build/robot_hardware/robot_hardware.egg-info/PKG-INFO
[1.235s] writing dependency_links to ../../build/robot_hardware/robot_hardware.egg-info/dependency_links.txt
[1.235s] writing entry points to ../../build/robot_hardware/robot_hardware.egg-info/entry_points.txt
[1.235s] writing requirements to ../../build/robot_hardware/robot_hardware.egg-info/requires.txt
[1.235s] writing top-level names to ../../build/robot_hardware/robot_hardware.egg-info/top_level.txt
[1.265s] reading manifest file '../../build/robot_hardware/robot_hardware.egg-info/SOURCES.txt'
[1.266s] writing manifest file '../../build/robot_hardware/robot_hardware.egg-info/SOURCES.txt'
[1.266s] running build
[1.266s] running build_py
[1.266s] running install
[1.270s] running install_lib
[1.286s] running install_data
[1.286s] running install_egg_info
[1.310s] removing '/home/robotics/Downloads/CursoRobotica-Edu/proyecto/install/robot_hardware/lib/python3.12/site-packages/robot_hardware-0.0.0-py3.12.egg-info' (and everything under it)
[1.310s] Copying ../../build/robot_hardware/robot_hardware.egg-info to /home/robotics/Downloads/CursoRobotica-Edu/proyecto/install/robot_hardware/lib/python3.12/site-packages/robot_hardware-0.0.0-py3.12.egg-info
[1.311s] running install_scripts
[1.422s] Installing robot_hardware script to /home/robotics/Downloads/CursoRobotica-Edu/proyecto/install/robot_hardware/lib/robot_hardware
[1.422s] writing list of installed files to '/home/robotics/Downloads/CursoRobotica-Edu/proyecto/build/robot_hardware/install.log'
[1.445s] Invoked command in '/home/robotics/Downloads/CursoRobotica-Edu/proyecto/src/robot_hardware' returned '0': DEBUGINFOD_URLS=https://debuginfod.ubuntu.com PYTHONPATH=/home/robotics/Downloads/CursoRobotica-Edu/proyecto/build/robot_hardware/prefix_override:/usr/lib/python3/dist-packages/colcon_core/task/python/colcon_distutils_commands:/home/robotics/Downloads/CursoRobotica-Edu/proyecto/install/robot_hardware/lib/python3.12/site-packages:${PYTHONPATH} /usr/bin/python3 -W ignore:setup.py install is deprecated -W ignore:easy_install command is deprecated setup.py egg_info --egg-base ../../build/robot_hardware build --build-base /home/robotics/Downloads/CursoRobotica-Edu/proyecto/build/robot_hardware/build install --record /home/robotics/Downloads/CursoRobotica-Edu/proyecto/build/robot_hardware/install.log --single-version-externally-managed install_data
