[0.840s] DEBUG:colcon:Command line arguments: ['/usr/bin/colcon', 'build']
[0.840s] DEBUG:colcon:Parsed command line arguments: Namespace(log_base=None, log_level=None, verb_name='build', build_base='build', install_base='install', merge_install=False, symlink_install=False, test_result_base=None, continue_on_error=False, executor='parallel', parallel_workers=16, event_handlers=None, ignore_user_meta=False, metas=['./colcon.meta'], base_paths=['.'], packages_ignore=None, packages_ignore_regex=None, paths=None, packages_up_to=None, packages_up_to_regex=None, packages_above=None, packages_above_and_dependencies=None, packages_above_depth=None, packages_select_by_dep=None, packages_skip_by_dep=None, packages_skip_up_to=None, packages_select_build_failed=False, packages_skip_build_finished=False, packages_select_test_failures=False, packages_skip_test_passed=False, packages_select=None, packages_skip=None, packages_select_regex=None, packages_skip_regex=None, packages_start=None, packages_end=None, allow_overriding=[], cmake_args=None, cmake_target=None, cmake_target_skip_unavailable=False, cmake_clean_cache=False, cmake_clean_first=False, cmake_force_configure=False, ament_cmake_args=None, catkin_cmake_args=None, catkin_skip_building_tests=False, mixin_files=None, mixin=None, verb_parser=<colcon_mixin.mixin.mixin_argument.MixinArgumentDecorator object at 0x7a0c5deac470>, verb_extension=<colcon_core.verb.build.BuildVerb object at 0x7a0c5dfecdd0>, main=<bound method BuildVerb.main of <colcon_core.verb.build.BuildVerb object at 0x7a0c5dfecdd0>>, mixin_verb=('build',))
[1.013s] Level 1:colcon.colcon_core.package_discovery:discover_packages(colcon_meta) check parameters
[1.013s] Level 1:colcon.colcon_core.package_discovery:discover_packages(recursive) check parameters
[1.013s] Level 1:colcon.colcon_core.package_discovery:discover_packages(ignore) check parameters
[1.013s] Level 1:colcon.colcon_core.package_discovery:discover_packages(path) check parameters
[1.014s] Level 1:colcon.colcon_core.package_discovery:discover_packages(colcon_meta) discover
[1.014s] Level 1:colcon.colcon_core.package_discovery:discover_packages(recursive) discover
[1.014s] INFO:colcon.colcon_core.package_discovery:Crawling recursively for packages in '/home/robotics/Robotica2026-2/proyecto'
[1.014s] Level 1:colcon.colcon_core.package_identification:_identify(.) by extensions ['ignore', 'ignore_ament_install']
[1.014s] Level 1:colcon.colcon_core.package_identification:_identify(.) by extension 'ignore'
[1.014s] Level 1:colcon.colcon_core.package_identification:_identify(.) by extension 'ignore_ament_install'
[1.015s] Level 1:colcon.colcon_core.package_identification:_identify(.) by extensions ['colcon_pkg']
[1.015s] Level 1:colcon.colcon_core.package_identification:_identify(.) by extension 'colcon_pkg'
[1.015s] Level 1:colcon.colcon_core.package_identification:_identify(.) by extensions ['colcon_meta']
[1.015s] Level 1:colcon.colcon_core.package_identification:_identify(.) by extension 'colcon_meta'
[1.015s] Level 1:colcon.colcon_core.package_identification:_identify(.) by extensions ['ros']
[1.015s] Level 1:colcon.colcon_core.package_identification:_identify(.) by extension 'ros'
[1.094s] Level 1:colcon.colcon_core.package_identification:_identify(.) by extensions ['cmake', 'python']
[1.094s] Level 1:colcon.colcon_core.package_identification:_identify(.) by extension 'cmake'
[1.094s] Level 1:colcon.colcon_core.package_identification:_identify(.) by extension 'python'
[1.094s] Level 1:colcon.colcon_core.package_identification:_identify(.) by extensions ['python_setup_py']
[1.094s] Level 1:colcon.colcon_core.package_identification:_identify(.) by extension 'python_setup_py'
[1.095s] Level 1:colcon.colcon_core.package_identification:_identify(Ros) by extensions ['ignore', 'ignore_ament_install']
[1.095s] Level 1:colcon.colcon_core.package_identification:_identify(Ros) by extension 'ignore'
[1.095s] Level 1:colcon.colcon_core.package_identification:_identify(Ros) by extension 'ignore_ament_install'
[1.095s] Level 1:colcon.colcon_core.package_identification:_identify(Ros) by extensions ['colcon_pkg']
[1.095s] Level 1:colcon.colcon_core.package_identification:_identify(Ros) by extension 'colcon_pkg'
[1.095s] Level 1:colcon.colcon_core.package_identification:_identify(Ros) by extensions ['colcon_meta']
[1.095s] Level 1:colcon.colcon_core.package_identification:_identify(Ros) by extension 'colcon_meta'
[1.095s] Level 1:colcon.colcon_core.package_identification:_identify(Ros) by extensions ['ros']
[1.095s] Level 1:colcon.colcon_core.package_identification:_identify(Ros) by extension 'ros'
[1.095s] Level 1:colcon.colcon_core.package_identification:_identify(Ros) by extensions ['cmake', 'python']
[1.095s] Level 1:colcon.colcon_core.package_identification:_identify(Ros) by extension 'cmake'
[1.095s] Level 1:colcon.colcon_core.package_identification:_identify(Ros) by extension 'python'
[1.096s] Level 1:colcon.colcon_core.package_identification:_identify(Ros) by extensions ['python_setup_py']
[1.096s] Level 1:colcon.colcon_core.package_identification:_identify(Ros) by extension 'python_setup_py'
[1.096s] Level 1:colcon.colcon_core.package_identification:_identify(Ros/proyecto_ws) by extensions ['ignore', 'ignore_ament_install']
[1.096s] Level 1:colcon.colcon_core.package_identification:_identify(Ros/proyecto_ws) by extension 'ignore'
[1.096s] Level 1:colcon.colcon_core.package_identification:_identify(Ros/proyecto_ws) by extension 'ignore_ament_install'
[1.096s] Level 1:colcon.colcon_core.package_identification:_identify(Ros/proyecto_ws) by extensions ['colcon_pkg']
[1.096s] Level 1:colcon.colcon_core.package_identification:_identify(Ros/proyecto_ws) by extension 'colcon_pkg'
[1.096s] Level 1:colcon.colcon_core.package_identification:_identify(Ros/proyecto_ws) by extensions ['colcon_meta']
[1.096s] Level 1:colcon.colcon_core.package_identification:_identify(Ros/proyecto_ws) by extension 'colcon_meta'
[1.096s] Level 1:colcon.colcon_core.package_identification:_identify(Ros/proyecto_ws) by extensions ['ros']
[1.096s] Level 1:colcon.colcon_core.package_identification:_identify(Ros/proyecto_ws) by extension 'ros'
[1.096s] Level 1:colcon.colcon_core.package_identification:_identify(Ros/proyecto_ws) by extensions ['cmake', 'python']
[1.096s] Level 1:colcon.colcon_core.package_identification:_identify(Ros/proyecto_ws) by extension 'cmake'
[1.096s] Level 1:colcon.colcon_core.package_identification:_identify(Ros/proyecto_ws) by extension 'python'
[1.097s] Level 1:colcon.colcon_core.package_identification:_identify(Ros/proyecto_ws) by extensions ['python_setup_py']
[1.097s] Level 1:colcon.colcon_core.package_identification:_identify(Ros/proyecto_ws) by extension 'python_setup_py'
[1.097s] Level 1:colcon.colcon_core.package_identification:_identify(Ros/proyecto_ws/build) by extensions ['ignore', 'ignore_ament_install']
[1.097s] Level 1:colcon.colcon_core.package_identification:_identify(Ros/proyecto_ws/build) by extension 'ignore'
[1.097s] Level 1:colcon.colcon_core.package_identification:_identify(Ros/proyecto_ws/build) ignored
[1.097s] Level 1:colcon.colcon_core.package_identification:_identify(Ros/proyecto_ws/install) by extensions ['ignore', 'ignore_ament_install']
[1.097s] Level 1:colcon.colcon_core.package_identification:_identify(Ros/proyecto_ws/install) by extension 'ignore'
[1.097s] Level 1:colcon.colcon_core.package_identification:_identify(Ros/proyecto_ws/install) ignored
[1.098s] Level 1:colcon.colcon_core.package_identification:_identify(Ros/proyecto_ws/log) by extensions ['ignore', 'ignore_ament_install']
[1.098s] Level 1:colcon.colcon_core.package_identification:_identify(Ros/proyecto_ws/log) by extension 'ignore'
[1.098s] Level 1:colcon.colcon_core.package_identification:_identify(Ros/proyecto_ws/log) ignored
[1.098s] Level 1:colcon.colcon_core.package_identification:_identify(Ros/proyecto_ws/src) by extensions ['ignore', 'ignore_ament_install']
[1.098s] Level 1:colcon.colcon_core.package_identification:_identify(Ros/proyecto_ws/src) by extension 'ignore'
[1.098s] Level 1:colcon.colcon_core.package_identification:_identify(Ros/proyecto_ws/src) by extension 'ignore_ament_install'
[1.098s] Level 1:colcon.colcon_core.package_identification:_identify(Ros/proyecto_ws/src) by extensions ['colcon_pkg']
[1.098s] Level 1:colcon.colcon_core.package_identification:_identify(Ros/proyecto_ws/src) by extension 'colcon_pkg'
[1.098s] Level 1:colcon.colcon_core.package_identification:_identify(Ros/proyecto_ws/src) by extensions ['colcon_meta']
[1.098s] Level 1:colcon.colcon_core.package_identification:_identify(Ros/proyecto_ws/src) by extension 'colcon_meta'
[1.098s] Level 1:colcon.colcon_core.package_identification:_identify(Ros/proyecto_ws/src) by extensions ['ros']
[1.098s] Level 1:colcon.colcon_core.package_identification:_identify(Ros/proyecto_ws/src) by extension 'ros'
[1.099s] Level 1:colcon.colcon_core.package_identification:_identify(Ros/proyecto_ws/src) by extensions ['cmake', 'python']
[1.099s] Level 1:colcon.colcon_core.package_identification:_identify(Ros/proyecto_ws/src) by extension 'cmake'
[1.099s] Level 1:colcon.colcon_core.package_identification:_identify(Ros/proyecto_ws/src) by extension 'python'
[1.099s] Level 1:colcon.colcon_core.package_identification:_identify(Ros/proyecto_ws/src) by extensions ['python_setup_py']
[1.099s] Level 1:colcon.colcon_core.package_identification:_identify(Ros/proyecto_ws/src) by extension 'python_setup_py'
[1.099s] Level 1:colcon.colcon_core.package_identification:_identify(Ros/proyecto_ws/src/install) by extensions ['ignore', 'ignore_ament_install']
[1.099s] Level 1:colcon.colcon_core.package_identification:_identify(Ros/proyecto_ws/src/install) by extension 'ignore'
[1.099s] Level 1:colcon.colcon_core.package_identification:_identify(Ros/proyecto_ws/src/install) ignored
[1.099s] Level 1:colcon.colcon_core.package_identification:_identify(Ros/proyecto_ws/src/robot_bringup) by extensions ['ignore', 'ignore_ament_install']
[1.099s] Level 1:colcon.colcon_core.package_identification:_identify(Ros/proyecto_ws/src/robot_bringup) by extension 'ignore'
[1.100s] Level 1:colcon.colcon_core.package_identification:_identify(Ros/proyecto_ws/src/robot_bringup) by extension 'ignore_ament_install'
[1.100s] Level 1:colcon.colcon_core.package_identification:_identify(Ros/proyecto_ws/src/robot_bringup) by extensions ['colcon_pkg']
[1.100s] Level 1:colcon.colcon_core.package_identification:_identify(Ros/proyecto_ws/src/robot_bringup) by extension 'colcon_pkg'
[1.100s] Level 1:colcon.colcon_core.package_identification:_identify(Ros/proyecto_ws/src/robot_bringup) by extensions ['colcon_meta']
[1.100s] Level 1:colcon.colcon_core.package_identification:_identify(Ros/proyecto_ws/src/robot_bringup) by extension 'colcon_meta'
[1.100s] Level 1:colcon.colcon_core.package_identification:_identify(Ros/proyecto_ws/src/robot_bringup) by extensions ['ros']
[1.100s] Level 1:colcon.colcon_core.package_identification:_identify(Ros/proyecto_ws/src/robot_bringup) by extension 'ros'
[1.107s] DEBUG:colcon.colcon_core.package_identification:Package 'Ros/proyecto_ws/src/robot_bringup' with type 'ros.ament_python' and name 'robot_bringup'
[1.107s] Level 1:colcon.colcon_core.package_identification:_identify(Ros/proyecto_ws/src/robot_description) by extensions ['ignore', 'ignore_ament_install']
[1.107s] Level 1:colcon.colcon_core.package_identification:_identify(Ros/proyecto_ws/src/robot_description) by extension 'ignore'
[1.107s] Level 1:colcon.colcon_core.package_identification:_identify(Ros/proyecto_ws/src/robot_description) by extension 'ignore_ament_install'
[1.108s] Level 1:colcon.colcon_core.package_identification:_identify(Ros/proyecto_ws/src/robot_description) by extensions ['colcon_pkg']
[1.108s] Level 1:colcon.colcon_core.package_identification:_identify(Ros/proyecto_ws/src/robot_description) by extension 'colcon_pkg'
[1.108s] Level 1:colcon.colcon_core.package_identification:_identify(Ros/proyecto_ws/src/robot_description) by extensions ['colcon_meta']
[1.108s] Level 1:colcon.colcon_core.package_identification:_identify(Ros/proyecto_ws/src/robot_description) by extension 'colcon_meta'
[1.108s] Level 1:colcon.colcon_core.package_identification:_identify(Ros/proyecto_ws/src/robot_description) by extensions ['ros']
[1.108s] Level 1:colcon.colcon_core.package_identification:_identify(Ros/proyecto_ws/src/robot_description) by extension 'ros'
[1.109s] DEBUG:colcon.colcon_core.package_identification:Package 'Ros/proyecto_ws/src/robot_description' with type 'ros.ament_python' and name 'robot_description'
[1.109s] Level 1:colcon.colcon_core.package_identification:_identify(Ros/proyecto_ws/src/robot_hardware) by extensions ['ignore', 'ignore_ament_install']
[1.109s] Level 1:colcon.colcon_core.package_identification:_identify(Ros/proyecto_ws/src/robot_hardware) by extension 'ignore'
[1.109s] Level 1:colcon.colcon_core.package_identification:_identify(Ros/proyecto_ws/src/robot_hardware) by extension 'ignore_ament_install'
[1.109s] Level 1:colcon.colcon_core.package_identification:_identify(Ros/proyecto_ws/src/robot_hardware) by extensions ['colcon_pkg']
[1.109s] Level 1:colcon.colcon_core.package_identification:_identify(Ros/proyecto_ws/src/robot_hardware) by extension 'colcon_pkg'
[1.109s] Level 1:colcon.colcon_core.package_identification:_identify(Ros/proyecto_ws/src/robot_hardware) by extensions ['colcon_meta']
[1.109s] Level 1:colcon.colcon_core.package_identification:_identify(Ros/proyecto_ws/src/robot_hardware) by extension 'colcon_meta'
[1.109s] Level 1:colcon.colcon_core.package_identification:_identify(Ros/proyecto_ws/src/robot_hardware) by extensions ['ros']
[1.109s] Level 1:colcon.colcon_core.package_identification:_identify(Ros/proyecto_ws/src/robot_hardware) by extension 'ros'
[1.110s] DEBUG:colcon.colcon_core.package_identification:Package 'Ros/proyecto_ws/src/robot_hardware' with type 'ros.ament_python' and name 'robot_hardware'
[1.110s] Level 1:colcon.colcon_core.package_identification:_identify(Ros/proyecto_ws/src/robot_kinematics) by extensions ['ignore', 'ignore_ament_install']
[1.110s] Level 1:colcon.colcon_core.package_identification:_identify(Ros/proyecto_ws/src/robot_kinematics) by extension 'ignore'
[1.110s] Level 1:colcon.colcon_core.package_identification:_identify(Ros/proyecto_ws/src/robot_kinematics) by extension 'ignore_ament_install'
[1.111s] Level 1:colcon.colcon_core.package_identification:_identify(Ros/proyecto_ws/src/robot_kinematics) by extensions ['colcon_pkg']
[1.111s] Level 1:colcon.colcon_core.package_identification:_identify(Ros/proyecto_ws/src/robot_kinematics) by extension 'colcon_pkg'
[1.111s] Level 1:colcon.colcon_core.package_identification:_identify(Ros/proyecto_ws/src/robot_kinematics) by extensions ['colcon_meta']
[1.111s] Level 1:colcon.colcon_core.package_identification:_identify(Ros/proyecto_ws/src/robot_kinematics) by extension 'colcon_meta'
[1.111s] Level 1:colcon.colcon_core.package_identification:_identify(Ros/proyecto_ws/src/robot_kinematics) by extensions ['ros']
[1.111s] Level 1:colcon.colcon_core.package_identification:_identify(Ros/proyecto_ws/src/robot_kinematics) by extension 'ros'
[1.111s] DEBUG:colcon.colcon_core.package_identification:Package 'Ros/proyecto_ws/src/robot_kinematics' with type 'ros.ament_python' and name 'robot_kinematics'
[1.112s] Level 1:colcon.colcon_core.package_identification:_identify(build) by extensions ['ignore', 'ignore_ament_install']
[1.112s] Level 1:colcon.colcon_core.package_identification:_identify(build) by extension 'ignore'
[1.112s] Level 1:colcon.colcon_core.package_identification:_identify(build) ignored
[1.112s] Level 1:colcon.colcon_core.package_identification:_identify(install) by extensions ['ignore', 'ignore_ament_install']
[1.112s] Level 1:colcon.colcon_core.package_identification:_identify(install) by extension 'ignore'
[1.112s] Level 1:colcon.colcon_core.package_identification:_identify(install) ignored
[1.112s] Level 1:colcon.colcon_core.package_identification:_identify(log) by extensions ['ignore', 'ignore_ament_install']
[1.112s] Level 1:colcon.colcon_core.package_identification:_identify(log) by extension 'ignore'
[1.112s] Level 1:colcon.colcon_core.package_identification:_identify(log) ignored
[1.112s] Level 1:colcon.colcon_core.package_identification:_identify(urdf) by extensions ['ignore', 'ignore_ament_install']
[1.113s] Level 1:colcon.colcon_core.package_identification:_identify(urdf) by extension 'ignore'
[1.113s] Level 1:colcon.colcon_core.package_identification:_identify(urdf) by extension 'ignore_ament_install'
[1.113s] Level 1:colcon.colcon_core.package_identification:_identify(urdf) by extensions ['colcon_pkg']
[1.113s] Level 1:colcon.colcon_core.package_identification:_identify(urdf) by extension 'colcon_pkg'
[1.113s] Level 1:colcon.colcon_core.package_identification:_identify(urdf) by extensions ['colcon_meta']
[1.113s] Level 1:colcon.colcon_core.package_identification:_identify(urdf) by extension 'colcon_meta'
[1.113s] Level 1:colcon.colcon_core.package_identification:_identify(urdf) by extensions ['ros']
[1.113s] Level 1:colcon.colcon_core.package_identification:_identify(urdf) by extension 'ros'
[1.113s] Level 1:colcon.colcon_core.package_identification:_identify(urdf) by extensions ['cmake', 'python']
[1.113s] Level 1:colcon.colcon_core.package_identification:_identify(urdf) by extension 'cmake'
[1.113s] Level 1:colcon.colcon_core.package_identification:_identify(urdf) by extension 'python'
[1.113s] Level 1:colcon.colcon_core.package_identification:_identify(urdf) by extensions ['python_setup_py']
[1.113s] Level 1:colcon.colcon_core.package_identification:_identify(urdf) by extension 'python_setup_py'
[1.113s] Level 1:colcon.colcon_core.package_discovery:discover_packages(recursive) using defaults
[1.113s] Level 1:colcon.colcon_core.package_discovery:discover_packages(ignore) discover
[1.114s] Level 1:colcon.colcon_core.package_discovery:discover_packages(ignore) using defaults
[1.114s] Level 1:colcon.colcon_core.package_discovery:discover_packages(path) discover
[1.114s] Level 1:colcon.colcon_core.package_discovery:discover_packages(path) using defaults
[1.182s] Level 1:colcon.colcon_core.package_discovery:discover_packages(prefix_path) check parameters
[1.182s] Level 1:colcon.colcon_core.package_discovery:discover_packages(prefix_path) discover
[1.195s] DEBUG:colcon.colcon_installed_package_information.package_discovery:Found 291 installed packages in /opt/ros/jazzy
[1.198s] Level 1:colcon.colcon_core.package_discovery:discover_packages(prefix_path) using defaults
[1.255s] Level 5:colcon.colcon_core.verb:set package 'robot_bringup' build argument 'cmake_args' from command line to 'None'
[1.255s] Level 5:colcon.colcon_core.verb:set package 'robot_bringup' build argument 'cmake_target' from command line to 'None'
[1.255s] Level 5:colcon.colcon_core.verb:set package 'robot_bringup' build argument 'cmake_target_skip_unavailable' from command line to 'False'
[1.255s] Level 5:colcon.colcon_core.verb:set package 'robot_bringup' build argument 'cmake_clean_cache' from command line to 'False'
[1.255s] Level 5:colcon.colcon_core.verb:set package 'robot_bringup' build argument 'cmake_clean_first' from command line to 'False'
[1.255s] Level 5:colcon.colcon_core.verb:set package 'robot_bringup' build argument 'cmake_force_configure' from command line to 'False'
[1.255s] Level 5:colcon.colcon_core.verb:set package 'robot_bringup' build argument 'ament_cmake_args' from command line to 'None'
[1.255s] Level 5:colcon.colcon_core.verb:set package 'robot_bringup' build argument 'catkin_cmake_args' from command line to 'None'
[1.255s] Level 5:colcon.colcon_core.verb:set package 'robot_bringup' build argument 'catkin_skip_building_tests' from command line to 'False'
[1.256s] DEBUG:colcon.colcon_core.verb:Building package 'robot_bringup' with the following arguments: {'ament_cmake_args': None, 'build_base': '/home/robotics/Robotica2026-2/proyecto/build/robot_bringup', 'catkin_cmake_args': None, 'catkin_skip_building_tests': False, 'cmake_args': None, 'cmake_clean_cache': False, 'cmake_clean_first': False, 'cmake_force_configure': False, 'cmake_target': None, 'cmake_target_skip_unavailable': False, 'install_base': '/home/robotics/Robotica2026-2/proyecto/install/robot_bringup', 'merge_install': False, 'path': '/home/robotics/Robotica2026-2/proyecto/Ros/proyecto_ws/src/robot_bringup', 'symlink_install': False, 'test_result_base': None}
[1.256s] Level 5:colcon.colcon_core.verb:set package 'robot_description' build argument 'cmake_args' from command line to 'None'
[1.256s] Level 5:colcon.colcon_core.verb:set package 'robot_description' build argument 'cmake_target' from command line to 'None'
[1.256s] Level 5:colcon.colcon_core.verb:set package 'robot_description' build argument 'cmake_target_skip_unavailable' from command line to 'False'
[1.256s] Level 5:colcon.colcon_core.verb:set package 'robot_description' build argument 'cmake_clean_cache' from command line to 'False'
[1.256s] Level 5:colcon.colcon_core.verb:set package 'robot_description' build argument 'cmake_clean_first' from command line to 'False'
[1.256s] Level 5:colcon.colcon_core.verb:set package 'robot_description' build argument 'cmake_force_configure' from command line to 'False'
[1.256s] Level 5:colcon.colcon_core.verb:set package 'robot_description' build argument 'ament_cmake_args' from command line to 'None'
[1.256s] Level 5:colcon.colcon_core.verb:set package 'robot_description' build argument 'catkin_cmake_args' from command line to 'None'
[1.256s] Level 5:colcon.colcon_core.verb:set package 'robot_description' build argument 'catkin_skip_building_tests' from command line to 'False'
[1.256s] DEBUG:colcon.colcon_core.verb:Building package 'robot_description' with the following arguments: {'ament_cmake_args': None, 'build_base': '/home/robotics/Robotica2026-2/proyecto/build/robot_description', 'catkin_cmake_args': None, 'catkin_skip_building_tests': False, 'cmake_args': None, 'cmake_clean_cache': False, 'cmake_clean_first': False, 'cmake_force_configure': False, 'cmake_target': None, 'cmake_target_skip_unavailable': False, 'install_base': '/home/robotics/Robotica2026-2/proyecto/install/robot_description', 'merge_install': False, 'path': '/home/robotics/Robotica2026-2/proyecto/Ros/proyecto_ws/src/robot_description', 'symlink_install': False, 'test_result_base': None}
[1.256s] Level 5:colcon.colcon_core.verb:set package 'robot_hardware' build argument 'cmake_args' from command line to 'None'
[1.256s] Level 5:colcon.colcon_core.verb:set package 'robot_hardware' build argument 'cmake_target' from command line to 'None'
[1.256s] Level 5:colcon.colcon_core.verb:set package 'robot_hardware' build argument 'cmake_target_skip_unavailable' from command line to 'False'
[1.256s] Level 5:colcon.colcon_core.verb:set package 'robot_hardware' build argument 'cmake_clean_cache' from command line to 'False'
[1.256s] Level 5:colcon.colcon_core.verb:set package 'robot_hardware' build argument 'cmake_clean_first' from command line to 'False'
[1.256s] Level 5:colcon.colcon_core.verb:set package 'robot_hardware' build argument 'cmake_force_configure' from command line to 'False'
[1.256s] Level 5:colcon.colcon_core.verb:set package 'robot_hardware' build argument 'ament_cmake_args' from command line to 'None'
[1.256s] Level 5:colcon.colcon_core.verb:set package 'robot_hardware' build argument 'catkin_cmake_args' from command line to 'None'
[1.256s] Level 5:colcon.colcon_core.verb:set package 'robot_hardware' build argument 'catkin_skip_building_tests' from command line to 'False'
[1.256s] DEBUG:colcon.colcon_core.verb:Building package 'robot_hardware' with the following arguments: {'ament_cmake_args': None, 'build_base': '/home/robotics/Robotica2026-2/proyecto/build/robot_hardware', 'catkin_cmake_args': None, 'catkin_skip_building_tests': False, 'cmake_args': None, 'cmake_clean_cache': False, 'cmake_clean_first': False, 'cmake_force_configure': False, 'cmake_target': None, 'cmake_target_skip_unavailable': False, 'install_base': '/home/robotics/Robotica2026-2/proyecto/install/robot_hardware', 'merge_install': False, 'path': '/home/robotics/Robotica2026-2/proyecto/Ros/proyecto_ws/src/robot_hardware', 'symlink_install': False, 'test_result_base': None}
[1.257s] Level 5:colcon.colcon_core.verb:set package 'robot_kinematics' build argument 'cmake_args' from command line to 'None'
[1.257s] Level 5:colcon.colcon_core.verb:set package 'robot_kinematics' build argument 'cmake_target' from command line to 'None'
[1.257s] Level 5:colcon.colcon_core.verb:set package 'robot_kinematics' build argument 'cmake_target_skip_unavailable' from command line to 'False'
[1.257s] Level 5:colcon.colcon_core.verb:set package 'robot_kinematics' build argument 'cmake_clean_cache' from command line to 'False'
[1.257s] Level 5:colcon.colcon_core.verb:set package 'robot_kinematics' build argument 'cmake_clean_first' from command line to 'False'
[1.257s] Level 5:colcon.colcon_core.verb:set package 'robot_kinematics' build argument 'cmake_force_configure' from command line to 'False'
[1.257s] Level 5:colcon.colcon_core.verb:set package 'robot_kinematics' build argument 'ament_cmake_args' from command line to 'None'
[1.257s] Level 5:colcon.colcon_core.verb:set package 'robot_kinematics' build argument 'catkin_cmake_args' from command line to 'None'
[1.257s] Level 5:colcon.colcon_core.verb:set package 'robot_kinematics' build argument 'catkin_skip_building_tests' from command line to 'False'
[1.257s] DEBUG:colcon.colcon_core.verb:Building package 'robot_kinematics' with the following arguments: {'ament_cmake_args': None, 'build_base': '/home/robotics/Robotica2026-2/proyecto/build/robot_kinematics', 'catkin_cmake_args': None, 'catkin_skip_building_tests': False, 'cmake_args': None, 'cmake_clean_cache': False, 'cmake_clean_first': False, 'cmake_force_configure': False, 'cmake_target': None, 'cmake_target_skip_unavailable': False, 'install_base': '/home/robotics/Robotica2026-2/proyecto/install/robot_kinematics', 'merge_install': False, 'path': '/home/robotics/Robotica2026-2/proyecto/Ros/proyecto_ws/src/robot_kinematics', 'symlink_install': False, 'test_result_base': None}
[1.257s] INFO:colcon.colcon_core.executor:Executing jobs using 'parallel' executor
[1.258s] DEBUG:colcon.colcon_parallel_executor.executor.parallel:run_until_complete
[1.258s] INFO:colcon.colcon_ros.task.ament_python.build:Building ROS package in '/home/robotics/Robotica2026-2/proyecto/Ros/proyecto_ws/src/robot_bringup' with build type 'ament_python'
[1.258s] Level 1:colcon.colcon_core.shell:create_environment_hook('robot_bringup', 'ament_prefix_path')
[1.267s] INFO:colcon.colcon_core.plugin_system:Skipping extension 'colcon_core.shell.bat': Not used on non-Windows systems
[1.267s] INFO:colcon.colcon_core.shell:Creating environment hook '/home/robotics/Robotica2026-2/proyecto/install/robot_bringup/share/robot_bringup/hook/ament_prefix_path.ps1'
[1.269s] INFO:colcon.colcon_core.shell:Creating environment descriptor '/home/robotics/Robotica2026-2/proyecto/install/robot_bringup/share/robot_bringup/hook/ament_prefix_path.dsv'
[1.270s] INFO:colcon.colcon_core.shell:Creating environment hook '/home/robotics/Robotica2026-2/proyecto/install/robot_bringup/share/robot_bringup/hook/ament_prefix_path.sh'
[1.271s] INFO:colcon.colcon_core.shell:Skip shell extension 'powershell' for command environment: Not usable outside of PowerShell
[1.271s] DEBUG:colcon.colcon_core.shell:Skip shell extension 'dsv' for command environment
[1.274s] INFO:colcon.colcon_ros.task.ament_python.build:Building ROS package in '/home/robotics/Robotica2026-2/proyecto/Ros/proyecto_ws/src/robot_description' with build type 'ament_python'
[1.274s] Level 1:colcon.colcon_core.shell:create_environment_hook('robot_description', 'ament_prefix_path')
[1.274s] INFO:colcon.colcon_core.shell:Creating environment hook '/home/robotics/Robotica2026-2/proyecto/install/robot_description/share/robot_description/hook/ament_prefix_path.ps1'
[1.275s] INFO:colcon.colcon_core.shell:Creating environment descriptor '/home/robotics/Robotica2026-2/proyecto/install/robot_description/share/robot_description/hook/ament_prefix_path.dsv'
[1.275s] INFO:colcon.colcon_core.shell:Creating environment hook '/home/robotics/Robotica2026-2/proyecto/install/robot_description/share/robot_description/hook/ament_prefix_path.sh'
[1.276s] INFO:colcon.colcon_core.shell:Skip shell extension 'powershell' for command environment: Not usable outside of PowerShell
[1.276s] DEBUG:colcon.colcon_core.shell:Skip shell extension 'dsv' for command environment
[1.279s] INFO:colcon.colcon_ros.task.ament_python.build:Building ROS package in '/home/robotics/Robotica2026-2/proyecto/Ros/proyecto_ws/src/robot_hardware' with build type 'ament_python'
[1.279s] Level 1:colcon.colcon_core.shell:create_environment_hook('robot_hardware', 'ament_prefix_path')
[1.279s] INFO:colcon.colcon_core.shell:Creating environment hook '/home/robotics/Robotica2026-2/proyecto/install/robot_hardware/share/robot_hardware/hook/ament_prefix_path.ps1'
[1.280s] INFO:colcon.colcon_core.shell:Creating environment descriptor '/home/robotics/Robotica2026-2/proyecto/install/robot_hardware/share/robot_hardware/hook/ament_prefix_path.dsv'
[1.280s] INFO:colcon.colcon_core.shell:Creating environment hook '/home/robotics/Robotica2026-2/proyecto/install/robot_hardware/share/robot_hardware/hook/ament_prefix_path.sh'
[1.280s] INFO:colcon.colcon_core.shell:Skip shell extension 'powershell' for command environment: Not usable outside of PowerShell
[1.280s] DEBUG:colcon.colcon_core.shell:Skip shell extension 'dsv' for command environment
[1.284s] INFO:colcon.colcon_ros.task.ament_python.build:Building ROS package in '/home/robotics/Robotica2026-2/proyecto/Ros/proyecto_ws/src/robot_kinematics' with build type 'ament_python'
[1.284s] Level 1:colcon.colcon_core.shell:create_environment_hook('robot_kinematics', 'ament_prefix_path')
[1.284s] INFO:colcon.colcon_core.shell:Creating environment hook '/home/robotics/Robotica2026-2/proyecto/install/robot_kinematics/share/robot_kinematics/hook/ament_prefix_path.ps1'
[1.285s] INFO:colcon.colcon_core.shell:Creating environment descriptor '/home/robotics/Robotica2026-2/proyecto/install/robot_kinematics/share/robot_kinematics/hook/ament_prefix_path.dsv'
[1.285s] INFO:colcon.colcon_core.shell:Creating environment hook '/home/robotics/Robotica2026-2/proyecto/install/robot_kinematics/share/robot_kinematics/hook/ament_prefix_path.sh'
[1.285s] INFO:colcon.colcon_core.shell:Skip shell extension 'powershell' for command environment: Not usable outside of PowerShell
[1.286s] DEBUG:colcon.colcon_core.shell:Skip shell extension 'dsv' for command environment
[1.568s] INFO:colcon.colcon_core.task.python.build:Building Python package in '/home/robotics/Robotica2026-2/proyecto/Ros/proyecto_ws/src/robot_bringup'
[1.569s] INFO:colcon.colcon_core.shell:Skip shell extension 'powershell' for command environment: Not usable outside of PowerShell
[1.569s] DEBUG:colcon.colcon_core.shell:Skip shell extension 'dsv' for command environment
[1.840s] INFO:colcon.colcon_core.task.python.build:Building Python package in '/home/robotics/Robotica2026-2/proyecto/Ros/proyecto_ws/src/robot_description'
[1.841s] INFO:colcon.colcon_core.shell:Skip shell extension 'powershell' for command environment: Not usable outside of PowerShell
[1.841s] DEBUG:colcon.colcon_core.shell:Skip shell extension 'dsv' for command environment
[2.113s] INFO:colcon.colcon_core.task.python.build:Building Python package in '/home/robotics/Robotica2026-2/proyecto/Ros/proyecto_ws/src/robot_hardware'
[2.113s] INFO:colcon.colcon_core.shell:Skip shell extension 'powershell' for command environment: Not usable outside of PowerShell
[2.113s] DEBUG:colcon.colcon_core.shell:Skip shell extension 'dsv' for command environment
[2.376s] INFO:colcon.colcon_core.task.python.build:Building Python package in '/home/robotics/Robotica2026-2/proyecto/Ros/proyecto_ws/src/robot_kinematics'
[2.377s] INFO:colcon.colcon_core.shell:Skip shell extension 'powershell' for command environment: Not usable outside of PowerShell
[2.377s] DEBUG:colcon.colcon_core.shell:Skip shell extension 'dsv' for command environment
[3.684s] DEBUG:colcon.colcon_core.event_handler.log_command:Invoking command in '/home/robotics/Robotica2026-2/proyecto/Ros/proyecto_ws/src/robot_bringup': DEBUGINFOD_URLS=https://debuginfod.ubuntu.com PYTHONPATH=/home/robotics/Robotica2026-2/proyecto/build/robot_bringup/prefix_override:/usr/lib/python3/dist-packages/colcon_core/task/python/colcon_distutils_commands:/home/robotics/Robotica2026-2/proyecto/install/robot_bringup/lib/python3.12/site-packages:${PYTHONPATH} /usr/bin/python3 -W ignore:setup.py install is deprecated -W ignore:easy_install command is deprecated setup.py egg_info --egg-base ../../../../build/robot_bringup build --build-base /home/robotics/Robotica2026-2/proyecto/build/robot_bringup/build install --record /home/robotics/Robotica2026-2/proyecto/build/robot_bringup/install.log --single-version-externally-managed install_data
[3.694s] DEBUG:colcon.colcon_core.event_handler.log_command:Invoking command in '/home/robotics/Robotica2026-2/proyecto/Ros/proyecto_ws/src/robot_description': DEBUGINFOD_URLS=https://debuginfod.ubuntu.com PYTHONPATH=/home/robotics/Robotica2026-2/proyecto/build/robot_description/prefix_override:/usr/lib/python3/dist-packages/colcon_core/task/python/colcon_distutils_commands:/home/robotics/Robotica2026-2/proyecto/install/robot_description/lib/python3.12/site-packages:${PYTHONPATH} /usr/bin/python3 -W ignore:setup.py install is deprecated -W ignore:easy_install command is deprecated setup.py egg_info --egg-base ../../../../build/robot_description build --build-base /home/robotics/Robotica2026-2/proyecto/build/robot_description/build install --record /home/robotics/Robotica2026-2/proyecto/build/robot_description/install.log --single-version-externally-managed install_data
[3.697s] DEBUG:colcon.colcon_core.event_handler.log_command:Invoking command in '/home/robotics/Robotica2026-2/proyecto/Ros/proyecto_ws/src/robot_kinematics': DEBUGINFOD_URLS=https://debuginfod.ubuntu.com PYTHONPATH=/home/robotics/Robotica2026-2/proyecto/build/robot_kinematics/prefix_override:/usr/lib/python3/dist-packages/colcon_core/task/python/colcon_distutils_commands:/home/robotics/Robotica2026-2/proyecto/install/robot_kinematics/lib/python3.12/site-packages:${PYTHONPATH} /usr/bin/python3 -W ignore:setup.py install is deprecated -W ignore:easy_install command is deprecated setup.py egg_info --egg-base ../../../../build/robot_kinematics build --build-base /home/robotics/Robotica2026-2/proyecto/build/robot_kinematics/build install --record /home/robotics/Robotica2026-2/proyecto/build/robot_kinematics/install.log --single-version-externally-managed install_data
[3.702s] DEBUG:colcon.colcon_core.event_handler.log_command:Invoking command in '/home/robotics/Robotica2026-2/proyecto/Ros/proyecto_ws/src/robot_hardware': DEBUGINFOD_URLS=https://debuginfod.ubuntu.com PYTHONPATH=/home/robotics/Robotica2026-2/proyecto/build/robot_hardware/prefix_override:/usr/lib/python3/dist-packages/colcon_core/task/python/colcon_distutils_commands:/home/robotics/Robotica2026-2/proyecto/install/robot_hardware/lib/python3.12/site-packages:${PYTHONPATH} /usr/bin/python3 -W ignore:setup.py install is deprecated -W ignore:easy_install command is deprecated setup.py egg_info --egg-base ../../../../build/robot_hardware build --build-base /home/robotics/Robotica2026-2/proyecto/build/robot_hardware/build install --record /home/robotics/Robotica2026-2/proyecto/build/robot_hardware/install.log --single-version-externally-managed install_data
[4.381s] DEBUG:colcon.colcon_core.event_handler.log_command:Invoked command in '/home/robotics/Robotica2026-2/proyecto/Ros/proyecto_ws/src/robot_bringup' returned '0': DEBUGINFOD_URLS=https://debuginfod.ubuntu.com PYTHONPATH=/home/robotics/Robotica2026-2/proyecto/build/robot_bringup/prefix_override:/usr/lib/python3/dist-packages/colcon_core/task/python/colcon_distutils_commands:/home/robotics/Robotica2026-2/proyecto/install/robot_bringup/lib/python3.12/site-packages:${PYTHONPATH} /usr/bin/python3 -W ignore:setup.py install is deprecated -W ignore:easy_install command is deprecated setup.py egg_info --egg-base ../../../../build/robot_bringup build --build-base /home/robotics/Robotica2026-2/proyecto/build/robot_bringup/build install --record /home/robotics/Robotica2026-2/proyecto/build/robot_bringup/install.log --single-version-externally-managed install_data
[4.396s] Level 1:colcon.colcon_core.environment:checking '/home/robotics/Robotica2026-2/proyecto/install/robot_bringup' for CMake module files
[4.397s] Level 1:colcon.colcon_core.environment:checking '/home/robotics/Robotica2026-2/proyecto/install/robot_bringup' for CMake config files
[4.398s] Level 1:colcon.colcon_core.environment:checking '/home/robotics/Robotica2026-2/proyecto/install/robot_bringup/lib'
[4.398s] Level 1:colcon.colcon_core.environment:checking '/home/robotics/Robotica2026-2/proyecto/install/robot_bringup/bin'
[4.398s] Level 1:colcon.colcon_core.environment:checking '/home/robotics/Robotica2026-2/proyecto/install/robot_bringup/lib/pkgconfig/robot_bringup.pc'
[4.398s] Level 1:colcon.colcon_core.environment:checking '/home/robotics/Robotica2026-2/proyecto/install/robot_bringup/lib/python3.12/site-packages'
[4.398s] Level 1:colcon.colcon_core.shell:create_environment_hook('robot_bringup', 'pythonpath')
[4.398s] INFO:colcon.colcon_core.shell:Creating environment hook '/home/robotics/Robotica2026-2/proyecto/install/robot_bringup/share/robot_bringup/hook/pythonpath.ps1'
[4.399s] INFO:colcon.colcon_core.shell:Creating environment descriptor '/home/robotics/Robotica2026-2/proyecto/install/robot_bringup/share/robot_bringup/hook/pythonpath.dsv'
[4.399s] INFO:colcon.colcon_core.shell:Creating environment hook '/home/robotics/Robotica2026-2/proyecto/install/robot_bringup/share/robot_bringup/hook/pythonpath.sh'
[4.400s] Level 1:colcon.colcon_core.environment:checking '/home/robotics/Robotica2026-2/proyecto/install/robot_bringup/bin'
[4.400s] Level 1:colcon.colcon_core.environment:create_environment_scripts_only(robot_bringup)
[4.400s] INFO:colcon.colcon_core.shell:Creating package script '/home/robotics/Robotica2026-2/proyecto/install/robot_bringup/share/robot_bringup/package.ps1'
[4.402s] INFO:colcon.colcon_core.shell:Creating package descriptor '/home/robotics/Robotica2026-2/proyecto/install/robot_bringup/share/robot_bringup/package.dsv'
[4.404s] INFO:colcon.colcon_core.shell:Creating package script '/home/robotics/Robotica2026-2/proyecto/install/robot_bringup/share/robot_bringup/package.sh'
[4.405s] INFO:colcon.colcon_core.shell:Creating package script '/home/robotics/Robotica2026-2/proyecto/install/robot_bringup/share/robot_bringup/package.bash'
[4.407s] INFO:colcon.colcon_core.shell:Creating package script '/home/robotics/Robotica2026-2/proyecto/install/robot_bringup/share/robot_bringup/package.zsh'
[4.409s] Level 1:colcon.colcon_core.environment:create_file_with_runtime_dependencies(/home/robotics/Robotica2026-2/proyecto/install/robot_bringup/share/colcon-core/packages/robot_bringup)
[4.412s] Level 1:colcon.colcon_core.environment:checking '/home/robotics/Robotica2026-2/proyecto/install/robot_description' for CMake module files
[4.413s] DEBUG:colcon.colcon_core.event_handler.log_command:Invoked command in '/home/robotics/Robotica2026-2/proyecto/Ros/proyecto_ws/src/robot_description' returned '0': DEBUGINFOD_URLS=https://debuginfod.ubuntu.com PYTHONPATH=/home/robotics/Robotica2026-2/proyecto/build/robot_description/prefix_override:/usr/lib/python3/dist-packages/colcon_core/task/python/colcon_distutils_commands:/home/robotics/Robotica2026-2/proyecto/install/robot_description/lib/python3.12/site-packages:${PYTHONPATH} /usr/bin/python3 -W ignore:setup.py install is deprecated -W ignore:easy_install command is deprecated setup.py egg_info --egg-base ../../../../build/robot_description build --build-base /home/robotics/Robotica2026-2/proyecto/build/robot_description/build install --record /home/robotics/Robotica2026-2/proyecto/build/robot_description/install.log --single-version-externally-managed install_data
[4.414s] Level 1:colcon.colcon_core.environment:checking '/home/robotics/Robotica2026-2/proyecto/install/robot_description' for CMake config files
[4.415s] Level 1:colcon.colcon_core.environment:checking '/home/robotics/Robotica2026-2/proyecto/install/robot_description/lib'
[4.415s] Level 1:colcon.colcon_core.environment:checking '/home/robotics/Robotica2026-2/proyecto/install/robot_description/bin'
[4.415s] Level 1:colcon.colcon_core.environment:checking '/home/robotics/Robotica2026-2/proyecto/install/robot_description/lib/pkgconfig/robot_description.pc'
[4.415s] Level 1:colcon.colcon_core.environment:checking '/home/robotics/Robotica2026-2/proyecto/install/robot_description/lib/python3.12/site-packages'
[4.416s] Level 1:colcon.colcon_core.shell:create_environment_hook('robot_description', 'pythonpath')
[4.416s] INFO:colcon.colcon_core.shell:Creating environment hook '/home/robotics/Robotica2026-2/proyecto/install/robot_description/share/robot_description/hook/pythonpath.ps1'
[4.417s] INFO:colcon.colcon_core.shell:Creating environment descriptor '/home/robotics/Robotica2026-2/proyecto/install/robot_description/share/robot_description/hook/pythonpath.dsv'
[4.417s] INFO:colcon.colcon_core.shell:Creating environment hook '/home/robotics/Robotica2026-2/proyecto/install/robot_description/share/robot_description/hook/pythonpath.sh'
[4.419s] Level 1:colcon.colcon_core.environment:checking '/home/robotics/Robotica2026-2/proyecto/install/robot_description/bin'
[4.419s] Level 1:colcon.colcon_core.environment:create_environment_scripts_only(robot_description)
[4.419s] INFO:colcon.colcon_core.shell:Creating package script '/home/robotics/Robotica2026-2/proyecto/install/robot_description/share/robot_description/package.ps1'
[4.420s] INFO:colcon.colcon_core.shell:Creating package descriptor '/home/robotics/Robotica2026-2/proyecto/install/robot_description/share/robot_description/package.dsv'
[4.421s] INFO:colcon.colcon_core.shell:Creating package script '/home/robotics/Robotica2026-2/proyecto/install/robot_description/share/robot_description/package.sh'
[4.422s] INFO:colcon.colcon_core.shell:Creating package script '/home/robotics/Robotica2026-2/proyecto/install/robot_description/share/robot_description/package.bash'
[4.422s] INFO:colcon.colcon_core.shell:Creating package script '/home/robotics/Robotica2026-2/proyecto/install/robot_description/share/robot_description/package.zsh'
[4.423s] Level 1:colcon.colcon_core.environment:create_file_with_runtime_dependencies(/home/robotics/Robotica2026-2/proyecto/install/robot_description/share/colcon-core/packages/robot_description)
[4.423s] Level 1:colcon.colcon_core.environment:checking '/home/robotics/Robotica2026-2/proyecto/install/robot_kinematics' for CMake module files
[4.424s] DEBUG:colcon.colcon_core.event_handler.log_command:Invoked command in '/home/robotics/Robotica2026-2/proyecto/Ros/proyecto_ws/src/robot_kinematics' returned '0': DEBUGINFOD_URLS=https://debuginfod.ubuntu.com PYTHONPATH=/home/robotics/Robotica2026-2/proyecto/build/robot_kinematics/prefix_override:/usr/lib/python3/dist-packages/colcon_core/task/python/colcon_distutils_commands:/home/robotics/Robotica2026-2/proyecto/install/robot_kinematics/lib/python3.12/site-packages:${PYTHONPATH} /usr/bin/python3 -W ignore:setup.py install is deprecated -W ignore:easy_install command is deprecated setup.py egg_info --egg-base ../../../../build/robot_kinematics build --build-base /home/robotics/Robotica2026-2/proyecto/build/robot_kinematics/build install --record /home/robotics/Robotica2026-2/proyecto/build/robot_kinematics/install.log --single-version-externally-managed install_data
[4.425s] Level 1:colcon.colcon_core.environment:checking '/home/robotics/Robotica2026-2/proyecto/install/robot_kinematics' for CMake config files
[4.425s] Level 1:colcon.colcon_core.environment:checking '/home/robotics/Robotica2026-2/proyecto/install/robot_kinematics/lib'
[4.425s] Level 1:colcon.colcon_core.environment:checking '/home/robotics/Robotica2026-2/proyecto/install/robot_kinematics/bin'
[4.425s] Level 1:colcon.colcon_core.environment:checking '/home/robotics/Robotica2026-2/proyecto/install/robot_kinematics/lib/pkgconfig/robot_kinematics.pc'
[4.426s] Level 1:colcon.colcon_core.environment:checking '/home/robotics/Robotica2026-2/proyecto/install/robot_kinematics/lib/python3.12/site-packages'
[4.426s] Level 1:colcon.colcon_core.shell:create_environment_hook('robot_kinematics', 'pythonpath')
[4.426s] INFO:colcon.colcon_core.shell:Creating environment hook '/home/robotics/Robotica2026-2/proyecto/install/robot_kinematics/share/robot_kinematics/hook/pythonpath.ps1'
[4.426s] INFO:colcon.colcon_core.shell:Creating environment descriptor '/home/robotics/Robotica2026-2/proyecto/install/robot_kinematics/share/robot_kinematics/hook/pythonpath.dsv'
[4.427s] INFO:colcon.colcon_core.shell:Creating environment hook '/home/robotics/Robotica2026-2/proyecto/install/robot_kinematics/share/robot_kinematics/hook/pythonpath.sh'
[4.427s] Level 1:colcon.colcon_core.environment:checking '/home/robotics/Robotica2026-2/proyecto/install/robot_kinematics/bin'
[4.427s] Level 1:colcon.colcon_core.environment:create_environment_scripts_only(robot_kinematics)
[4.428s] INFO:colcon.colcon_core.shell:Creating package script '/home/robotics/Robotica2026-2/proyecto/install/robot_kinematics/share/robot_kinematics/package.ps1'
[4.428s] INFO:colcon.colcon_core.shell:Creating package descriptor '/home/robotics/Robotica2026-2/proyecto/install/robot_kinematics/share/robot_kinematics/package.dsv'
[4.429s] INFO:colcon.colcon_core.shell:Creating package script '/home/robotics/Robotica2026-2/proyecto/install/robot_kinematics/share/robot_kinematics/package.sh'
[4.429s] INFO:colcon.colcon_core.shell:Creating package script '/home/robotics/Robotica2026-2/proyecto/install/robot_kinematics/share/robot_kinematics/package.bash'
[4.429s] INFO:colcon.colcon_core.shell:Creating package script '/home/robotics/Robotica2026-2/proyecto/install/robot_kinematics/share/robot_kinematics/package.zsh'
[4.430s] Level 1:colcon.colcon_core.environment:create_file_with_runtime_dependencies(/home/robotics/Robotica2026-2/proyecto/install/robot_kinematics/share/colcon-core/packages/robot_kinematics)
[4.431s] Level 1:colcon.colcon_core.environment:checking '/home/robotics/Robotica2026-2/proyecto/install/robot_hardware' for CMake module files
[4.432s] DEBUG:colcon.colcon_core.event_handler.log_command:Invoked command in '/home/robotics/Robotica2026-2/proyecto/Ros/proyecto_ws/src/robot_hardware' returned '0': DEBUGINFOD_URLS=https://debuginfod.ubuntu.com PYTHONPATH=/home/robotics/Robotica2026-2/proyecto/build/robot_hardware/prefix_override:/usr/lib/python3/dist-packages/colcon_core/task/python/colcon_distutils_commands:/home/robotics/Robotica2026-2/proyecto/install/robot_hardware/lib/python3.12/site-packages:${PYTHONPATH} /usr/bin/python3 -W ignore:setup.py install is deprecated -W ignore:easy_install command is deprecated setup.py egg_info --egg-base ../../../../build/robot_hardware build --build-base /home/robotics/Robotica2026-2/proyecto/build/robot_hardware/build install --record /home/robotics/Robotica2026-2/proyecto/build/robot_hardware/install.log --single-version-externally-managed install_data
[4.433s] Level 1:colcon.colcon_core.environment:checking '/home/robotics/Robotica2026-2/proyecto/install/robot_hardware' for CMake config files
[4.434s] Level 1:colcon.colcon_core.environment:checking '/home/robotics/Robotica2026-2/proyecto/install/robot_hardware/lib'
[4.434s] Level 1:colcon.colcon_core.environment:checking '/home/robotics/Robotica2026-2/proyecto/install/robot_hardware/bin'
[4.434s] Level 1:colcon.colcon_core.environment:checking '/home/robotics/Robotica2026-2/proyecto/install/robot_hardware/lib/pkgconfig/robot_hardware.pc'
[4.435s] Level 1:colcon.colcon_core.environment:checking '/home/robotics/Robotica2026-2/proyecto/install/robot_hardware/lib/python3.12/site-packages'
[4.435s] Level 1:colcon.colcon_core.shell:create_environment_hook('robot_hardware', 'pythonpath')
[4.435s] INFO:colcon.colcon_core.shell:Creating environment hook '/home/robotics/Robotica2026-2/proyecto/install/robot_hardware/share/robot_hardware/hook/pythonpath.ps1'
[4.436s] INFO:colcon.colcon_core.shell:Creating environment descriptor '/home/robotics/Robotica2026-2/proyecto/install/robot_hardware/share/robot_hardware/hook/pythonpath.dsv'
[4.437s] INFO:colcon.colcon_core.shell:Creating environment hook '/home/robotics/Robotica2026-2/proyecto/install/robot_hardware/share/robot_hardware/hook/pythonpath.sh'
[4.439s] Level 1:colcon.colcon_core.environment:checking '/home/robotics/Robotica2026-2/proyecto/install/robot_hardware/bin'
[4.439s] Level 1:colcon.colcon_core.environment:create_environment_scripts_only(robot_hardware)
[4.440s] INFO:colcon.colcon_core.shell:Creating package script '/home/robotics/Robotica2026-2/proyecto/install/robot_hardware/share/robot_hardware/package.ps1'
[4.441s] INFO:colcon.colcon_core.shell:Creating package descriptor '/home/robotics/Robotica2026-2/proyecto/install/robot_hardware/share/robot_hardware/package.dsv'
[4.443s] INFO:colcon.colcon_core.shell:Creating package script '/home/robotics/Robotica2026-2/proyecto/install/robot_hardware/share/robot_hardware/package.sh'
[4.443s] INFO:colcon.colcon_core.shell:Creating package script '/home/robotics/Robotica2026-2/proyecto/install/robot_hardware/share/robot_hardware/package.bash'
[4.444s] INFO:colcon.colcon_core.shell:Creating package script '/home/robotics/Robotica2026-2/proyecto/install/robot_hardware/share/robot_hardware/package.zsh'
[4.444s] Level 1:colcon.colcon_core.environment:create_file_with_runtime_dependencies(/home/robotics/Robotica2026-2/proyecto/install/robot_hardware/share/colcon-core/packages/robot_hardware)
[4.445s] DEBUG:colcon.colcon_parallel_executor.executor.parallel:closing loop
[4.445s] DEBUG:colcon.colcon_parallel_executor.executor.parallel:loop closed
[4.445s] DEBUG:colcon.colcon_parallel_executor.executor.parallel:run_until_complete finished with '0'
[4.445s] DEBUG:colcon.colcon_core.event_reactor:joining thread
[4.458s] INFO:colcon.colcon_core.plugin_system:Skipping extension 'colcon_notification.desktop_notification.terminal_notifier': Not used on non-Darwin systems
[4.458s] INFO:colcon.colcon_core.plugin_system:Skipping extension 'colcon_notification.desktop_notification.win32': Not used on non-Windows systems
[4.458s] INFO:colcon.colcon_notification.desktop_notification:Sending desktop notification using 'notify2'
[4.483s] DEBUG:colcon.colcon_core.event_reactor:joined thread
[4.483s] INFO:colcon.colcon_core.shell:Creating prefix script '/home/robotics/Robotica2026-2/proyecto/install/local_setup.ps1'
[4.486s] INFO:colcon.colcon_core.shell:Creating prefix util module '/home/robotics/Robotica2026-2/proyecto/install/_local_setup_util_ps1.py'
[4.488s] INFO:colcon.colcon_core.shell:Creating prefix chain script '/home/robotics/Robotica2026-2/proyecto/install/setup.ps1'
[4.490s] INFO:colcon.colcon_core.shell:Creating prefix script '/home/robotics/Robotica2026-2/proyecto/install/local_setup.sh'
[4.492s] INFO:colcon.colcon_core.shell:Creating prefix util module '/home/robotics/Robotica2026-2/proyecto/install/_local_setup_util_sh.py'
[4.492s] INFO:colcon.colcon_core.shell:Creating prefix chain script '/home/robotics/Robotica2026-2/proyecto/install/setup.sh'
[4.494s] INFO:colcon.colcon_core.shell:Creating prefix script '/home/robotics/Robotica2026-2/proyecto/install/local_setup.bash'
[4.495s] INFO:colcon.colcon_core.shell:Creating prefix chain script '/home/robotics/Robotica2026-2/proyecto/install/setup.bash'
[4.496s] INFO:colcon.colcon_core.shell:Creating prefix script '/home/robotics/Robotica2026-2/proyecto/install/local_setup.zsh'
[4.498s] INFO:colcon.colcon_core.shell:Creating prefix chain script '/home/robotics/Robotica2026-2/proyecto/install/setup.zsh'
